▲ Next.js 16.1.6 (Turbopack)

  Creating an optimized production build ...

> Build error occurred
Error: Turbopack build failed with 58 errors:
./src/app/(dashboard)/calendar/page.tsx:17:1
Module not found: Can't resolve '@/components/widgets/shared/calendar/views/BrandMonthView'
[0m [90m 15 |[39m [90m// Brand Imports[39m
 [90m 16 |[39m [36mimport[39m { [33mBrandCalendarShell[39m } [36mfrom[39m [32m"@/components/widgets/shared/calendar/BrandCalendarShell"[39m[33m;[39m
[31m[1m>[22m[39m[90m 17 |[39m [36mimport[39m { [33mBrandMonthView[39m } [36mfrom[39m [32m"@/components/widgets/shared/calendar/views/BrandMonthView"[39m[33m;[39m
 [90m    |[39m [31m[1m^[22m[39m[31m[1m^[22m[39m[31m[1m^[22m[39m[31m[1m^[22m[39m[31m[1m^[22m[39m[31m[1m^[22m[39m[31m[1m^[22m[39m[31m[1m^[22m[39m[31m[1m^[22m[39m[31m[1m^[22m[39m[31m[1m^[22m[39m[31m[1m^[22m[39m[31m[1m^[22m[39m[31m[1m^[22m[39m[31m[1m^[22m[39m[31m[1m^[22m[39m[31m[1m^[22m[39m[31m[1m^[22m[39m[31m[1m^[22m[39m[31m[1m^[22m[39m[31m[1m^[22m[39m[31m[1m^[22m[39m[31m[1m^[22m[39m[31m[1m^[22m[39m[31m[1m^[22m[39m[31m[1m^[22m[39m[31m[1m^[22m[39m[31m[1m^[22m[39m[31m[1m^[22m[39m[31m[1m^[22m[39m[31m[1m^[22m[39m[31m[1m^[22m[39m[31m[1m^[22m[39m[31m[1m^[22m[39m[31m[1m^[22m[39m[31m[1m^[22m[39m[31m[1m^[22m[39m[31m[1m^[22m[39m[31m[1m^[22m[39m[31m[1m^[22m[39m[31m[1m^[22m[39m[31m[1m^[22m[39m[31m[1m^[22m[39m[31m[1m^[22m[39m[31m[1m^[22m[39m[31m[1m^[22m[39m[31m[1m^[22m[39m[31m[1m^[22m[39m[31m[1m^[22m[39m[31m[1m^[22m[39m[31m[1m^[22m[39m[31m[1m^[22m[39m[31m[1m^[22m[39m[31m[1m^[22m[39m[31m[1m^[22m[39m[31m[1m^[22m[39m[31m[1m^[22m[39m[31m[1m^[22m[39m[31m[1m^[22m[39m[31m[1m^[22m[39m[31m[1m^[22m[39m[31m[1m^[22m[39m[31m[1m^[22m[39m[31m[1m^[22m[39m[31m[1m^[22m[39m[31m[1m^[22m[39m[31m[1m^[22m[39m[31m[1m^[22m[39m[31m[1m^[22m[39m[31m[1m^[22m[39m[31m[1m^[22m[39m[31m[1m^[22m[39m[31m[1m^[22m[39m[31m[1m^[22m[39m[31m[1m^[22m[39m[31m[1m^[22m[39m[31m[1m^[22m[39m[31m[1m^[22m[39m[31m[1m^[22m[39m[31m[1m^[22m[39m[31m[1m^[22m[39m[31m[1m^[22m[39m[31m[1m^[22m[39m[31m[1m^[22m[39m[31m[1m^[22m[39m[31m[1m^[22m[39m[31m[1m^[22m[39m[31m[1m^[22m[39m[31m[1m^[22m[39m[31m[1m^[22m[39m[31m[1m^[22m[39m
 [90m 18 |[39m [36mimport[39m { [33mBrandAddEventDialog[39m } [36mfrom[39m [32m"@/components/widgets/shared/calendar/BrandAddEventDialog"[39m[33m;[39m
 [90m 19 |[39m
 [90m 20 |[39m [36mfunction[39m [33mCreatorCalendarContent[39m() {[0m

Import map: aliased to relative './src/components/widgets/shared/calendar/views/BrandMonthView' inside of [project]/


Import traces:
  Client Component Browser:
    ./src/app/(dashboard)/calendar/page.tsx [Client Component Browser]
    ./src/app/(dashboard)/calendar/page.tsx [Server Component]

  Client Component SSR:
    ./src/app/(dashboard)/calendar/page.tsx [Client Component SSR]
    ./src/app/(dashboard)/calendar/page.tsx [Server Component]

https://nextjs.org/docs/messages/module-not-found


./src/app/(dashboard)/profile/page.tsx:21:1
Module not found: Can't resolve '@/components/widgets/shared/profile/tabs/BrandReviewsTab'
[0m [90m 19 |[39m [36mimport[39m { [33mPastCampaignsTab[39m } [36mfrom[39m [32m"@/components/widgets/shared/profile/tabs/PastCampaignsTab"[39m[33m;[39m
 [90m 20 |[39m [36mimport[39m { [33mBrandAssetsTab[39m } [36mfrom[39m [32m"@/components/widgets/shared/profile/tabs/BrandAssetsTab"[39m[33m;[39m
[31m[1m>[22m[39m[90m 21 |[39m [36mimport[39m { [33mBrandReviewsTab[39m } [36mfrom[39m [32m"@/components/widgets/shared/profile/tabs/BrandReviewsTab"[39m[33m;[39m
 [90m    |[39m [31m[1m^[22m[39m[31m[1m^[22m[39m[31m[1m^[22m[39m[31m[1m^[22m[39m[31m[1m^[22m[39m[31m[1m^[22m[39m[31m[1m^[22m[39m[31m[1m^[22m[39m[31m[1m^[22m[39m[31m[1m^[22m[39m[31m[1m^[22m[39m[31m[1m^[22m[39m[31m[1m^[22m[39m[31m[1m^[22m[39m[31m[1m^[22m[39m[31m[1m^[22m[39m[31m[1m^[22m[39m[31m[1m^[22m[39m[31m[1m^[22m[39m[31m[1m^[22m[39m[31m[1m^[22m[39m[31m[1m^[22m[39m[31m[1m^[22m[39m[31m[1m^[22m[39m[31m[1m^[22m[39m[31m[1m^[22m[39m[31m[1m^[22m[39m[31m[1m^[22m[39m[31m[1m^[22m[39m[31m[1m^[22m[39m[31m[1m^[22m[39m[31m[1m^[22m[39m[31m[1m^[22m[39m[31m[1m^[22m[39m[31m[1m^[22m[39m[31m[1m^[22m[39m[31m[1m^[22m[39m[31m[1m^[22m[39m[31m[1m^[22m[39m[31m[1m^[22m[39m[31m[1m^[22m[39m[31m[1m^[22m[39m[31m[1m^[22m[39m[31m[1m^[22m[39m[31m[1m^[22m[39m[31m[1m^[22m[39m[31m[1m^[22m[39m[31m[1m^[22m[39m[31m[1m^[22m[39m[31m[1m^[22m[39m[31m[1m^[22m[39m[31m[1m^[22m[39m[31m[1m^[22m[39m[31m[1m^[22m[39m[31m[1m^[22m[39m[31m[1m^[22m[39m[31m[1m^[22m[39m[31m[1m^[22m[39m[31m[1m^[22m[39m[31m[1m^[22m[39m[31m[1m^[22m[39m[31m[1m^[22m[39m[31m[1m^[22m[39m[31m[1m^[22m[39m[31m[1m^[22m[39m[31m[1m^[22m[39m[31m[1m^[22m[39m[31m[1m^[22m[39m[31m[1m^[22m[39m[31m[1m^[22m[39m[31m[1m^[22m[39m[31m[1m^[22m[39m[31m[1m^[22m[39m[31m[1m^[22m[39m[31m[1m^[22m[39m[31m[1m^[22m[39m[31m[1m^[22m[39m[31m[1m^[22m[39m[31m[1m^[22m[39m[31m[1m^[22m[39m[31m[1m^[22m[39m[31m[1m^[22m[39m[31m[1m^[22m[39m[31m[1m^[22m[39m[31m[1m^[22m[39m[31m[1m^[22m[39m[31m[1m^[22m[39m[31m[1m^[22m[39m[31m[1m^[22m[39m[31m[1m^[22m[39m[31m[1m^[22m[39m
 [90m 22 |[39m [36mimport[39m { [33mBrandPrivacyTab[39m } [36mfrom[39m [32m"@/components/widgets/shared/profile/tabs/BrandPrivacyTab"[39m[33m;[39m
 [90m 23 |[39m
 [90m 24 |[39m [36mfunction[39m [33mCreatorProfileContent[39m() {[0m

Import map: aliased to relative './src/components/widgets/shared/profile/tabs/BrandReviewsTab' inside of [project]/


Import traces:
  Client Component Browser:
    ./src/app/(dashboard)/profile/page.tsx [Client Component Browser]
    ./src/app/(dashboard)/profile/page.tsx [Server Component]

  Client Component SSR:
    ./src/app/(dashboard)/profile/page.tsx [Client Component SSR]
    ./src/app/(dashboard)/profile/page.tsx [Server Component]

https://nextjs.org/docs/messages/module-not-found


./src/app/(dashboard)/support/page.tsx:19:1
Module not found: Can't resolve '@/components/widgets/shared/support/tabs/BrandHelpCenterHome'
[0m [90m 17 |[39m [90m// Brand Imports[39m
 [90m 18 |[39m [36mimport[39m { [33mBrandSupportShell[39m } [36mfrom[39m [32m"@/components/widgets/shared/support/BrandSupportShell"[39m[33m;[39m
[31m[1m>[22m[39m[90m 19 |[39m [36mimport[39m { [33mBrandHelpCenterHome[39m } [36mfrom[39m [32m"@/components/widgets/shared/support/tabs/BrandHelpCenterHome"[39m[33m;[39m
 [90m    |[39m [31m[1m^[22m[39m[31m[1m^[22m[39m[31m[1m^[22m[39m[31m[1m^[22m[39m[31m[1m^[22m[39m[31m[1m^[22m[39m[31m[1m^[22m[39m[31m[1m^[22m[39m[31m[1m^[22m[39m[31m[1m^[22m[39m[31m[1m^[22m[39m[31m[1m^[22m[39m[31m[1m^[22m[39m[31m[1m^[22m[39m[31m[1m^[22m[39m[31m[1m^[22m[39m[31m[1m^[22m[39m[31m[1m^[22m[39m[31m[1m^[22m[39m[31m[1m^[22m[39m[31m[1m^[22m[39m[31m[1m^[22m[39m[31m[1m^[22m[39m[31m[1m^[22m[39m[31m[1m^[22m[39m[31m[1m^[22m[39m[31m[1m^[22m[39m[31m[1m^[22m[39m[31m[1m^[22m[39m[31m[1m^[22m[39m[31m[1m^[22m[39m[31m[1m^[22m[39m[31m[1m^[22m[39m[31m[1m^[22m[39m[31m[1m^[22m[39m[31m[1m^[22m[39m[31m[1m^[22m[39m[31m[1m^[22m[39m[31m[1m^[22m[39m[31m[1m^[22m[39m[31m[1m^[22m[39m[31m[1m^[22m[39m[31m[1m^[22m[39m[31m[1m^[22m[39m[31m[1m^[22m[39m[31m[1m^[22m[39m[31m[1m^[22m[39m[31m[1m^[22m[39m[31m[1m^[22m[39m[31m[1m^[22m[39m[31m[1m^[22m[39m[31m[1m^[22m[39m[31m[1m^[22m[39m[31m[1m^[22m[39m[31m[1m^[22m[39m[31m[1m^[22m[39m[31m[1m^[22m[39m[31m[1m^[22m[39m[31m[1m^[22m[39m[31m[1m^[22m[39m[31m[1m^[22m[39m[31m[1m^[22m[39m[31m[1m^[22m[39m[31m[1m^[22m[39m[31m[1m^[22m[39m[31m[1m^[22m[39m[31m[1m^[22m[39m[31m[1m^[22m[39m[31m[1m^[22m[39m[31m[1m^[22m[39m[31m[1m^[22m[39m[31m[1m^[22m[39m[31m[1m^[22m[39m[31m[1m^[22m[39m[31m[1m^[22m[39m[31m[1m^[22m[39m[31m[1m^[22m[39m[31m[1m^[22m[39m[31m[1m^[22m[39m[31m[1m^[22m[39m[31m[1m^[22m[39m[31m[1m^[22m[39m[31m[1m^[22m[39m[31m[1m^[22m[39m[31m[1m^[22m[39m[31m[1m^[22m[39m[31m[1m^[22m[39m[31m[1m^[22m[39m[31m[1m^[22m[39m[31m[1m^[22m[39m[31m[1m^[22m[39m[31m[1m^[22m[39m[31m[1m^[22m[39m[31m[1m^[22m[39m[31m[1m^[22m[39m[31m[1m^[22m[39m[31m[1m^[22m[39m[31m[1m^[22m[39m[31m[1m^[22m[39m
 [90m 20 |[39m [36mimport[39m { [33mBrandContactSupport[39m } [36mfrom[39m [32m"@/components/widgets/shared/support/tabs/BrandContactSupport"[39m[33m;[39m
 [90m 21 |[39m [36mimport[39m { [33mSubmitTicket[39m } [36mfrom[39m [32m"@/components/widgets/shared/support/tabs/SubmitTicket"[39m[33m;[39m
 [90m 22 |[39m [36mimport[39m { [33mLiveChat[39m } [36mfrom[39m [32m"@/components/widgets/shared/support/tabs/LiveChat"[39m[33m;[39m[0m

Import map: aliased to relative './src/components/widgets/shared/support/tabs/BrandHelpCenterHome' inside of [project]/


Import traces:
  Client Component Browser:
    ./src/app/(dashboard)/support/page.tsx [Client Component Browser]
    ./src/app/(dashboard)/support/page.tsx [Server Component]

  Client Component SSR:
    ./src/app/(dashboard)/support/page.tsx [Client Component SSR]
    ./src/app/(dashboard)/support/page.tsx [Server Component]

https://nextjs.org/docs/messages/module-not-found


./src/app/(dashboard)/support/page.tsx:25:1
Module not found: Can't resolve '@/components/widgets/shared/support/tabs/BrandPlatformStatus'
[0m [90m 23 |[39m [36mimport[39m { [33mBrandFAQSection[39m } [36mfrom[39m [32m"@/components/widgets/shared/support/tabs/BrandFAQSection"[39m[33m;[39m
 [90m 24 |[39m [36mimport[39m { [33mBrandVideoTutorials[39m } [36mfrom[39m [32m"@/components/widgets/shared/support/tabs/BrandVideoTutorials"[39m[33m;[39m
[31m[1m>[22m[39m[90m 25 |[39m [36mimport[39m { [33mBrandPlatformStatus[39m } [36mfrom[39m [32m"@/components/widgets/shared/support/tabs/BrandPlatformStatus"[39m[33m;[39m
 [90m    |[39m [31m[1m^[22m[39m[31m[1m^[22m[39m[31m[1m^[22m[39m[31m[1m^[22m[39m[31m[1m^[22m[39m[31m[1m^[22m[39m[31m[1m^[22m[39m[31m[1m^[22m[39m[31m[1m^[22m[39m[31m[1m^[22m[39m[31m[1m^[22m[39m[31m[1m^[22m[39m[31m[1m^[22m[39m[31m[1m^[22m[39m[31m[1m^[22m[39m[31m[1m^[22m[39m[31m[1m^[22m[39m[31m[1m^[22m[39m[31m[1m^[22m[39m[31m[1m^[22m[39m[31m[1m^[22m[39m[31m[1m^[22m[39m[31m[1m^[22m[39m[31m[1m^[22m[39m[31m[1m^[22m[39m[31m[1m^[22m[39m[31m[1m^[22m[39m[31m[1m^[22m[39m[31m[1m^[22m[39m[31m[1m^[22m[39m[31m[1m^[22m[39m[31m[1m^[22m[39m[31m[1m^[22m[39m[31m[1m^[22m[39m[31m[1m^[22m[39m[31m[1m^[22m[39m[31m[1m^[22m[39m[31m[1m^[22m[39m[31m[1m^[22m[39m[31m[1m^[22m[39m[31m[1m^[22m[39m[31m[1m^[22m[39m[31m[1m^[22m[39m[31m[1m^[22m[39m[31m[1m^[22m[39m[31m[1m^[22m[39m[31m[1m^[22m[39m[31m[1m^[22m[39m[31m[1m^[22m[39m[31m[1m^[22m[39m[31m[1m^[22m[39m[31m[1m^[22m[39m[31m[1m^[22m[39m[31m[1m^[22m[39m[31m[1m^[22m[39m[31m[1m^[22m[39m[31m[1m^[22m[39m[31m[1m^[22m[39m[31m[1m^[22m[39m[31m[1m^[22m[39m[31m[1m^[22m[39m[31m[1m^[22m[39m[31m[1m^[22m[39m[31m[1m^[22m[39m[31m[1m^[22m[39m[31m[1m^[22m[39m[31m[1m^[22m[39m[31m[1m^[22m[39m[31m[1m^[22m[39m[31m[1m^[22m[39m[31m[1m^[22m[39m[31m[1m^[22m[39m[31m[1m^[22m[39m[31m[1m^[22m[39m[31m[1m^[22m[39m[31m[1m^[22m[39m[31m[1m^[22m[39m[31m[1m^[22m[39m[31m[1m^[22m[39m[31m[1m^[22m[39m[31m[1m^[22m[39m[31m[1m^[22m[39m[31m[1m^[22m[39m[31m[1m^[22m[39m[31m[1m^[22m[39m[31m[1m^[22m[39m[31m[1m^[22m[39m[31m[1m^[22m[39m[31m[1m^[22m[39m[31m[1m^[22m[39m[31m[1m^[22m[39m[31m[1m^[22m[39m[31m[1m^[22m[39m[31m[1m^[22m[39m[31m[1m^[22m[39m[31m[1m^[22m[39m[31m[1m^[22m[39m[31m[1m^[22m[39m[31m[1m^[22m[39m
 [90m 26 |[39m [36mimport[39m { [33mBrandFeatureRequests[39m } [36mfrom[39m [32m"@/components/widgets/shared/support/tabs/BrandFeatureRequests"[39m[33m;[39m
 [90m 27 |[39m
 [90m 28 |[39m [36mfunction[39m [33mCreatorSupportContent[39m() {[0m

Import map: aliased to relative './src/components/widgets/shared/support/tabs/BrandPlatformStatus' inside of [project]/


Import traces:
  Client Component Browser:
    ./src/app/(dashboard)/support/page.tsx [Client Component Browser]
    ./src/app/(dashboard)/support/page.tsx [Server Component]

  Client Component SSR:
    ./src/app/(dashboard)/support/page.tsx [Client Component SSR]
    ./src/app/(dashboard)/support/page.tsx [Server Component]

https://nextjs.org/docs/messages/module-not-found


./src/app/(dashboard)/settings/page.tsx:22:1
Export BrandAccountSettings doesn't exist in target module
[0m [90m 20 |[39m [90m// Brand Imports[39m
 [90m 21 |[39m [36mimport[39m { [33mBrandSettingsShell[39m } [36mfrom[39m [32m"@/components/widgets/shared/settings/BrandSettingsShell"[39m[33m;[39m
[31m[1m>[22m[39m[90m 22 |[39m [36mimport[39m { [33mBrandAccountSettings[39m } [36mfrom[39m [32m"@/components/widgets/shared/settings/sections/BrandAccountSettings"[39m[33m;[39m
 [90m    |[39m [31m[1m^[22m[39m[31m[1m^[22m[39m[31m[1m^[22m[39m[31m[1m^[22m[39m[31m[1m^[22m[39m[31m[1m^[22m[39m[31m[1m^[22m[39m[31m[1m^[22m[39m[31m[1m^[22m[39m[31m[1m^[22m[39m[31m[1m^[22m[39m[31m[1m^[22m[39m[31m[1m^[22m[39m[31m[1m^[22m[39m[31m[1m^[22m[39m[31m[1m^[22m[39m[31m[1m^[22m[39m[31m[1m^[22m[39m[31m[1m^[22m[39m[31m[1m^[22m[39m[31m[1m^[22m[39m[31m[1m^[22m[39m[31m[1m^[22m[39m[31m[1m^[22m[39m[31m[1m^[22m[39m[31m[1m^[22m[39m[31m[1m^[22m[39m[31m[1m^[22m[39m[31m[1m^[22m[39m[31m[1m^[22m[39m[31m[1m^[22m[39m[31m[1m^[22m[39m[31m[1m^[22m[39m[31m[1m^[22m[39m[31m[1m^[22m[39m[31m[1m^[22m[39m[31m[1m^[22m[39m[31m[1m^[22m[39m[31m[1m^[22m[39m[31m[1m^[22m[39m[31m[1m^[22m[39m[31m[1m^[22m[39m[31m[1m^[22m[39m[31m[1m^[22m[39m[31m[1m^[22m[39m[31m[1m^[22m[39m[31m[1m^[22m[39m[31m[1m^[22m[39m[31m[1m^[22m[39m[31m[1m^[22m[39m[31m[1m^[22m[39m[31m[1m^[22m[39m[31m[1m^[22m[39m[31m[1m^[22m[39m[31m[1m^[22m[39m[31m[1m^[22m[39m[31m[1m^[22m[39m[31m[1m^[22m[39m[31m[1m^[22m[39m[31m[1m^[22m[39m[31m[1m^[22m[39m[31m[1m^[22m[39m[31m[1m^[22m[39m[31m[1m^[22m[39m[31m[1m^[22m[39m[31m[1m^[22m[39m[31m[1m^[22m[39m[31m[1m^[22m[39m[31m[1m^[22m[39m[31m[1m^[22m[39m[31m[1m^[22m[39m[31m[1m^[22m[39m[31m[1m^[22m[39m[31m[1m^[22m[39m[31m[1m^[22m[39m[31m[1m^[22m[39m[31m[1m^[22m[39m[31m[1m^[22m[39m[31m[1m^[22m[39m[31m[1m^[22m[39m[31m[1m^[22m[39m[31m[1m^[22m[39m[31m[1m^[22m[39m[31m[1m^[22m[39m[31m[1m^[22m[39m[31m[1m^[22m[39m[31m[1m^[22m[39m[31m[1m^[22m[39m[31m[1m^[22m[39m[31m[1m^[22m[39m[31m[1m^[22m[39m[31m[1m^[22m[39m[31m[1m^[22m[39m[31m[1m^[22m[39m[31m[1m^[22m[39m[31m[1m^[22m[39m[31m[1m^[22m[39m[31m[1m^[22m[39m[31m[1m^[22m[39m[31m[1m^[22m[39m[31m[1m^[22m[39m[31m[1m^[22m[39m[31m[1m^[22m[39m[31m[1m^[22m[39m[31m[1m^[22m[39m[31m[1m^[22m[39m
 [90m 23 |[39m [36mimport[39m { [33mTeamManagement[39m } [36mfrom[39m [32m"@/components/widgets/shared/settings/sections/TeamManagement"[39m[33m;[39m
 [90m 24 |[39m [36mimport[39m { [33mBrandNotificationSettings[39m } [36mfrom[39m [32m"@/components/widgets/shared/settings/sections/BrandNotificationSettings"[39m[33m;[39m
 [90m 25 |[39m [36mimport[39m { [33mBrandPaymentSettings[39m } [36mfrom[39m [32m"@/components/widgets/shared/settings/sections/BrandPaymentSettings"[39m[33m;[39m[0m

The export BrandAccountSettings was not found in module [project]/src/components/widgets/shared/settings/sections/BrandAccountSettings.tsx [app-client] (ecmascript).
Did you mean to import AccountSettings?
All exports of the module are statically known (It doesn't have dynamic exports). So it's known statically that the requested export doesn't exist.

Import traces:
  Client Component Browser:
    ./src/app/(dashboard)/settings/page.tsx [Client Component Browser]
    ./src/app/(dashboard)/settings/page.tsx [Server Component]

  Client Component SSR:
    ./src/app/(dashboard)/settings/page.tsx [Client Component SSR]
    ./src/app/(dashboard)/settings/page.tsx [Server Component]


./src/app/(dashboard)/settings/page.tsx:22:1
Export BrandAccountSettings doesn't exist in target module
[0m [90m 20 |[39m [90m// Brand Imports[39m
 [90m 21 |[39m [36mimport[39m { [33mBrandSettingsShell[39m } [36mfrom[39m [32m"@/components/widgets/shared/settings/BrandSettingsShell"[39m[33m;[39m
[31m[1m>[22m[39m[90m 22 |[39m [36mimport[39m { [33mBrandAccountSettings[39m } [36mfrom[39m [32m"@/components/widgets/shared/settings/sections/BrandAccountSettings"[39m[33m;[39m
 [90m    |[39m [31m[1m^[22m[39m[31m[1m^[22m[39m[31m[1m^[22m[39m[31m[1m^[22m[39m[31m[1m^[22m[39m[31m[1m^[22m[39m[31m[1m^[22m[39m[31m[1m^[22m[39m[31m[1m^[22m[39m[31m[1m^[22m[39m[31m[1m^[22m[39m[31m[1m^[22m[39m[31m[1m^[22m[39m[31m[1m^[22m[39m[31m[1m^[22m[39m[31m[1m^[22m[39m[31m[1m^[22m[39m[31m[1m^[22m[39m[31m[1m^[22m[39m[31m[1m^[22m[39m[31m[1m^[22m[39m[31m[1m^[22m[39m[31m[1m^[22m[39m[31m[1m^[22m[39m[31m[1m^[22m[39m[31m[1m^[22m[39m[31m[1m^[22m[39m[31m[1m^[22m[39m[31m[1m^[22m[39m[31m[1m^[22m[39m[31m[1m^[22m[39m[31m[1m^[22m[39m[31m[1m^[22m[39m[31m[1m^[22m[39m[31m[1m^[22m[39m[31m[1m^[22m[39m[31m[1m^[22m[39m[31m[1m^[22m[39m[31m[1m^[22m[39m[31m[1m^[22m[39m[31m[1m^[22m[39m[31m[1m^[22m[39m[31m[1m^[22m[39m[31m[1m^[22m[39m[31m[1m^[22m[39m[31m[1m^[22m[39m[31m[1m^[22m[39m[31m[1m^[22m[39m[31m[1m^[22m[39m[31m[1m^[22m[39m[31m[1m^[22m[39m[31m[1m^[22m[39m[31m[1m^[22m[39m[31m[1m^[22m[39m[31m[1m^[22m[39m[31m[1m^[22m[39m[31m[1m^[22m[39m[31m[1m^[22m[39m[31m[1m^[22m[39m[31m[1m^[22m[39m[31m[1m^[22m[39m[31m[1m^[22m[39m[31m[1m^[22m[39m[31m[1m^[22m[39m[31m[1m^[22m[39m[31m[1m^[22m[39m[31m[1m^[22m[39m[31m[1m^[22m[39m[31m[1m^[22m[39m[31m[1m^[22m[39m[31m[1m^[22m[39m[31m[1m^[22m[39m[31m[1m^[22m[39m[31m[1m^[22m[39m[31m[1m^[22m[39m[31m[1m^[22m[39m[31m[1m^[22m[39m[31m[1m^[22m[39m[31m[1m^[22m[39m[31m[1m^[22m[39m[31m[1m^[22m[39m[31m[1m^[22m[39m[31m[1m^[22m[39m[31m[1m^[22m[39m[31m[1m^[22m[39m[31m[1m^[22m[39m[31m[1m^[22m[39m[31m[1m^[22m[39m[31m[1m^[22m[39m[31m[1m^[22m[39m[31m[1m^[22m[39m[31m[1m^[22m[39m[31m[1m^[22m[39m[31m[1m^[22m[39m[31m[1m^[22m[39m[31m[1m^[22m[39m[31m[1m^[22m[39m[31m[1m^[22m[39m[31m[1m^[22m[39m[31m[1m^[22m[39m[31m[1m^[22m[39m[31m[1m^[22m[39m[31m[1m^[22m[39m[31m[1m^[22m[39m[31m[1m^[22m[39m[31m[1m^[22m[39m
 [90m 23 |[39m [36mimport[39m { [33mTeamManagement[39m } [36mfrom[39m [32m"@/components/widgets/shared/settings/sections/TeamManagement"[39m[33m;[39m
 [90m 24 |[39m [36mimport[39m { [33mBrandNotificationSettings[39m } [36mfrom[39m [32m"@/components/widgets/shared/settings/sections/BrandNotificationSettings"[39m[33m;[39m
 [90m 25 |[39m [36mimport[39m { [33mBrandPaymentSettings[39m } [36mfrom[39m [32m"@/components/widgets/shared/settings/sections/BrandPaymentSettings"[39m[33m;[39m[0m

The export BrandAccountSettings was not found in module [project]/src/components/widgets/shared/settings/sections/BrandAccountSettings.tsx [app-ssr] (ecmascript).
Did you mean to import AccountSettings?
All exports of the module are statically known (It doesn't have dynamic exports). So it's known statically that the requested export doesn't exist.

Import traces:
  Client Component Browser:
    ./src/app/(dashboard)/settings/page.tsx [Client Component Browser]
    ./src/app/(dashboard)/settings/page.tsx [Server Component]

  Client Component SSR:
    ./src/app/(dashboard)/settings/page.tsx [Client Component SSR]
    ./src/app/(dashboard)/settings/page.tsx [Server Component]


./src/app/(dashboard)/calendar/page.tsx:18:1
Export BrandAddEventDialog doesn't exist in target module
[0m [90m 16 |[39m [36mimport[39m { [33mBrandCalendarShell[39m } [36mfrom[39m [32m"@/components/widgets/shared/calendar/BrandCalendarShell"[39m[33m;[39m
 [90m 17 |[39m [36mimport[39m { [33mBrandMonthView[39m } [36mfrom[39m [32m"@/components/widgets/shared/calendar/views/BrandMonthView"[39m[33m;[39m
[31m[1m>[22m[39m[90m 18 |[39m [36mimport[39m { [33mBrandAddEventDialog[39m } [36mfrom[39m [32m"@/components/widgets/shared/calendar/BrandAddEventDialog"[39m[33m;[39m
 [90m    |[39m [31m[1m^[22m[39m[31m[1m^[22m[39m[31m[1m^[22m[39m[31m[1m^[22m[39m[31m[1m^[22m[39m[31m[1m^[22m[39m[31m[1m^[22m[39m[31m[1m^[22m[39m[31m[1m^[22m[39m[31m[1m^[22m[39m[31m[1m^[22m[39m[31m[1m^[22m[39m[31m[1m^[22m[39m[31m[1m^[22m[39m[31m[1m^[22m[39m[31m[1m^[22m[39m[31m[1m^[22m[39m[31m[1m^[22m[39m[31m[1m^[22m[39m[31m[1m^[22m[39m[31m[1m^[22m[39m[31m[1m^[22m[39m[31m[1m^[22m[39m[31m[1m^[22m[39m[31m[1m^[22m[39m[31m[1m^[22m[39m[31m[1m^[22m[39m[31m[1m^[22m[39m[31m[1m^[22m[39m[31m[1m^[22m[39m[31m[1m^[22m[39m[31m[1m^[22m[39m[31m[1m^[22m[39m[31m[1m^[22m[39m[31m[1m^[22m[39m[31m[1m^[22m[39m[31m[1m^[22m[39m[31m[1m^[22m[39m[31m[1m^[22m[39m[31m[1m^[22m[39m[31m[1m^[22m[39m[31m[1m^[22m[39m[31m[1m^[22m[39m[31m[1m^[22m[39m[31m[1m^[22m[39m[31m[1m^[22m[39m[31m[1m^[22m[39m[31m[1m^[22m[39m[31m[1m^[22m[39m[31m[1m^[22m[39m[31m[1m^[22m[39m[31m[1m^[22m[39m[31m[1m^[22m[39m[31m[1m^[22m[39m[31m[1m^[22m[39m[31m[1m^[22m[39m[31m[1m^[22m[39m[31m[1m^[22m[39m[31m[1m^[22m[39m[31m[1m^[22m[39m[31m[1m^[22m[39m[31m[1m^[22m[39m[31m[1m^[22m[39m[31m[1m^[22m[39m[31m[1m^[22m[39m[31m[1m^[22m[39m[31m[1m^[22m[39m[31m[1m^[22m[39m[31m[1m^[22m[39m[31m[1m^[22m[39m[31m[1m^[22m[39m[31m[1m^[22m[39m[31m[1m^[22m[39m[31m[1m^[22m[39m[31m[1m^[22m[39m[31m[1m^[22m[39m[31m[1m^[22m[39m[31m[1m^[22m[39m[31m[1m^[22m[39m[31m[1m^[22m[39m[31m[1m^[22m[39m[31m[1m^[22m[39m[31m[1m^[22m[39m[31m[1m^[22m[39m[31m[1m^[22m[39m[31m[1m^[22m[39m[31m[1m^[22m[39m[31m[1m^[22m[39m[31m[1m^[22m[39m[31m[1m^[22m[39m[31m[1m^[22m[39m[31m[1m^[22m[39m[31m[1m^[22m[39m[31m[1m^[22m[39m[31m[1m^[22m[39m
 [90m 19 |[39m
 [90m 20 |[39m [36mfunction[39m [33mCreatorCalendarContent[39m() {
 [90m 21 |[39m     [36mconst[39m router [33m=[39m useRouter()[33m;[39m[0m

The export BrandAddEventDialog was not found in module [project]/src/components/widgets/shared/calendar/BrandAddEventDialog.tsx [app-client] (ecmascript).
Did you mean to import AddEventDialog?
All exports of the module are statically known (It doesn't have dynamic exports). So it's known statically that the requested export doesn't exist.

Import traces:
  Client Component Browser:
    ./src/app/(dashboard)/calendar/page.tsx [Client Component Browser]
    ./src/app/(dashboard)/calendar/page.tsx [Server Component]

  Client Component SSR:
    ./src/app/(dashboard)/calendar/page.tsx [Client Component SSR]
    ./src/app/(dashboard)/calendar/page.tsx [Server Component]


./src/app/(dashboard)/calendar/page.tsx:18:1
Export BrandAddEventDialog doesn't exist in target module
[0m [90m 16 |[39m [36mimport[39m { [33mBrandCalendarShell[39m } [36mfrom[39m [32m"@/components/widgets/shared/calendar/BrandCalendarShell"[39m[33m;[39m
 [90m 17 |[39m [36mimport[39m { [33mBrandMonthView[39m } [36mfrom[39m [32m"@/components/widgets/shared/calendar/views/BrandMonthView"[39m[33m;[39m
[31m[1m>[22m[39m[90m 18 |[39m [36mimport[39m { [33mBrandAddEventDialog[39m } [36mfrom[39m [32m"@/components/widgets/shared/calendar/BrandAddEventDialog"[39m[33m;[39m
 [90m    |[39m [31m[1m^[22m[39m[31m[1m^[22m[39m[31m[1m^[22m[39m[31m[1m^[22m[39m[31m[1m^[22m[39m[31m[1m^[22m[39m[31m[1m^[22m[39m[31m[1m^[22m[39m[31m[1m^[22m[39m[31m[1m^[22m[39m[31m[1m^[22m[39m[31m[1m^[22m[39m[31m[1m^[22m[39m[31m[1m^[22m[39m[31m[1m^[22m[39m[31m[1m^[22m[39m[31m[1m^[22m[39m[31m[1m^[22m[39m[31m[1m^[22m[39m[31m[1m^[22m[39m[31m[1m^[22m[39m[31m[1m^[22m[39m[31m[1m^[22m[39m[31m[1m^[22m[39m[31m[1m^[22m[39m[31m[1m^[22m[39m[31m[1m^[22m[39m[31m[1m^[22m[39m[31m[1m^[22m[39m[31m[1m^[22m[39m[31m[1m^[22m[39m[31m[1m^[22m[39m[31m[1m^[22m[39m[31m[1m^[22m[39m[31m[1m^[22m[39m[31m[1m^[22m[39m[31m[1m^[22m[39m[31m[1m^[22m[39m[31m[1m^[22m[39m[31m[1m^[22m[39m[31m[1m^[22m[39m[31m[1m^[22m[39m[31m[1m^[22m[39m[31m[1m^[22m[39m[31m[1m^[22m[39m[31m[1m^[22m[39m[31m[1m^[22m[39m[31m[1m^[22m[39m[31m[1m^[22m[39m[31m[1m^[22m[39m[31m[1m^[22m[39m[31m[1m^[22m[39m[31m[1m^[22m[39m[31m[1m^[22m[39m[31m[1m^[22m[39m[31m[1m^[22m[39m[31m[1m^[22m[39m[31m[1m^[22m[39m[31m[1m^[22m[39m[31m[1m^[22m[39m[31m[1m^[22m[39m[31m[1m^[22m[39m[31m[1m^[22m[39m[31m[1m^[22m[39m[31m[1m^[22m[39m[31m[1m^[22m[39m[31m[1m^[22m[39m[31m[1m^[22m[39m[31m[1m^[22m[39m[31m[1m^[22m[39m[31m[1m^[22m[39m[31m[1m^[22m[39m[31m[1m^[22m[39m[31m[1m^[22m[39m[31m[1m^[22m[39m[31m[1m^[22m[39m[31m[1m^[22m[39m[31m[1m^[22m[39m[31m[1m^[22m[39m[31m[1m^[22m[39m[31m[1m^[22m[39m[31m[1m^[22m[39m[31m[1m^[22m[39m[31m[1m^[22m[39m[31m[1m^[22m[39m[31m[1m^[22m[39m[31m[1m^[22m[39m[31m[1m^[22m[39m[31m[1m^[22m[39m[31m[1m^[22m[39m[31m[1m^[22m[39m[31m[1m^[22m[39m[31m[1m^[22m[39m[31m[1m^[22m[39m[31m[1m^[22m[39m
 [90m 19 |[39m
 [90m 20 |[39m [36mfunction[39m [33mCreatorCalendarContent[39m() {
 [90m 21 |[39m     [36mconst[39m router [33m=[39m useRouter()[33m;[39m[0m

The export BrandAddEventDialog was not found in module [project]/src/components/widgets/shared/calendar/BrandAddEventDialog.tsx [app-ssr] (ecmascript).
Did you mean to import AddEventDialog?
All exports of the module are statically known (It doesn't have dynamic exports). So it's known statically that the requested export doesn't exist.

Import traces:
  Client Component Browser:
    ./src/app/(dashboard)/calendar/page.tsx [Client Component Browser]
    ./src/app/(dashboard)/calendar/page.tsx [Server Component]

  Client Component SSR:
    ./src/app/(dashboard)/calendar/page.tsx [Client Component SSR]
    ./src/app/(dashboard)/calendar/page.tsx [Server Component]


./src/app/(dashboard)/analytics/page.tsx:14:1
Export BrandAnalyticsShell doesn't exist in target module
[0m [90m 12 |[39m
 [90m 13 |[39m [90m// Brand Imports[39m
[31m[1m>[22m[39m[90m 14 |[39m [36mimport[39m { [33mBrandAnalyticsShell[39m } [36mfrom[39m [32m"@/components/widgets/shared/analytics/BrandAnalyticsShell"[39m[33m;[39m
 [90m    |[39m [31m[1m^[22m[39m[31m[1m^[22m[39m[31m[1m^[22m[39m[31m[1m^[22m[39m[31m[1m^[22m[39m[31m[1m^[22m[39m[31m[1m^[22m[39m[31m[1m^[22m[39m[31m[1m^[22m[39m[31m[1m^[22m[39m[31m[1m^[22m[39m[31m[1m^[22m[39m[31m[1m^[22m[39m[31m[1m^[22m[39m[31m[1m^[22m[39m[31m[1m^[22m[39m[31m[1m^[22m[39m[31m[1m^[22m[39m[31m[1m^[22m[39m[31m[1m^[22m[39m[31m[1m^[22m[39m[31m[1m^[22m[39m[31m[1m^[22m[39m[31m[1m^[22m[39m[31m[1m^[22m[39m[31m[1m^[22m[39m[31m[1m^[22m[39m[31m[1m^[22m[39m[31m[1m^[22m[39m[31m[1m^[22m[39m[31m[1m^[22m[39m[31m[1m^[22m[39m[31m[1m^[22m[39m[31m[1m^[22m[39m[31m[1m^[22m[39m[31m[1m^[22m[39m[31m[1m^[22m[39m[31m[1m^[22m[39m[31m[1m^[22m[39m[31m[1m^[22m[39m[31m[1m^[22m[39m[31m[1m^[22m[39m[31m[1m^[22m[39m[31m[1m^[22m[39m[31m[1m^[22m[39m[31m[1m^[22m[39m[31m[1m^[22m[39m[31m[1m^[22m[39m[31m[1m^[22m[39m[31m[1m^[22m[39m[31m[1m^[22m[39m[31m[1m^[22m[39m[31m[1m^[22m[39m[31m[1m^[22m[39m[31m[1m^[22m[39m[31m[1m^[22m[39m[31m[1m^[22m[39m[31m[1m^[22m[39m[31m[1m^[22m[39m[31m[1m^[22m[39m[31m[1m^[22m[39m[31m[1m^[22m[39m[31m[1m^[22m[39m[31m[1m^[22m[39m[31m[1m^[22m[39m[31m[1m^[22m[39m[31m[1m^[22m[39m[31m[1m^[22m[39m[31m[1m^[22m[39m[31m[1m^[22m[39m[31m[1m^[22m[39m[31m[1m^[22m[39m[31m[1m^[22m[39m[31m[1m^[22m[39m[31m[1m^[22m[39m[31m[1m^[22m[39m[31m[1m^[22m[39m[31m[1m^[22m[39m[31m[1m^[22m[39m[31m[1m^[22m[39m[31m[1m^[22m[39m[31m[1m^[22m[39m[31m[1m^[22m[39m[31m[1m^[22m[39m[31m[1m^[22m[39m[31m[1m^[22m[39m[31m[1m^[22m[39m[31m[1m^[22m[39m[31m[1m^[22m[39m[31m[1m^[22m[39m[31m[1m^[22m[39m[31m[1m^[22m[39m[31m[1m^[22m[39m[31m[1m^[22m[39m[31m[1m^[22m[39m[31m[1m^[22m[39m
 [90m 15 |[39m [36mimport[39m { [33mBrandOverviewTab[39m } [36mfrom[39m [32m"@/components/widgets/shared/analytics/tabs/BrandOverviewTab"[39m[33m;[39m
 [90m 16 |[39m [36mimport[39m { [33mCampaignsTab[39m } [36mfrom[39m [32m"@/components/widgets/shared/analytics/tabs/CampaignsTab"[39m[33m;[39m
 [90m 17 |[39m [36mimport[39m { [33mCreatorsTab[39m } [36mfrom[39m [32m"@/components/widgets/shared/analytics/tabs/CreatorsTab"[39m[33m;[39m[0m

The export BrandAnalyticsShell was not found in module [project]/src/components/widgets/shared/analytics/BrandAnalyticsShell.tsx [app-client] (ecmascript).
Did you mean to import AnalyticsShell?
All exports of the module are statically known (It doesn't have dynamic exports). So it's known statically that the requested export doesn't exist.

Import traces:
  Client Component Browser:
    ./src/app/(dashboard)/analytics/page.tsx [Client Component Browser]
    ./src/app/(dashboard)/analytics/page.tsx [Server Component]

  Client Component SSR:
    ./src/app/(dashboard)/analytics/page.tsx [Client Component SSR]
    ./src/app/(dashboard)/analytics/page.tsx [Server Component]


./src/app/(dashboard)/analytics/page.tsx:14:1
Export BrandAnalyticsShell doesn't exist in target module
[0m [90m 12 |[39m
 [90m 13 |[39m [90m// Brand Imports[39m
[31m[1m>[22m[39m[90m 14 |[39m [36mimport[39m { [33mBrandAnalyticsShell[39m } [36mfrom[39m [32m"@/components/widgets/shared/analytics/BrandAnalyticsShell"[39m[33m;[39m
 [90m    |[39m [31m[1m^[22m[39m[31m[1m^[22m[39m[31m[1m^[22m[39m[31m[1m^[22m[39m[31m[1m^[22m[39m[31m[1m^[22m[39m[31m[1m^[22m[39m[31m[1m^[22m[39m[31m[1m^[22m[39m[31m[1m^[22m[39m[31m[1m^[22m[39m[31m[1m^[22m[39m[31m[1m^[22m[39m[31m[1m^[22m[39m[31m[1m^[22m[39m[31m[1m^[22m[39m[31m[1m^[22m[39m[31m[1m^[22m[39m[31m[1m^[22m[39m[31m[1m^[22m[39m[31m[1m^[22m[39m[31m[1m^[22m[39m[31m[1m^[22m[39m[31m[1m^[22m[39m[31m[1m^[22m[39m[31m[1m^[22m[39m[31m[1m^[22m[39m[31m[1m^[22m[39m[31m[1m^[22m[39m[31m[1m^[22m[39m[31m[1m^[22m[39m[31m[1m^[22m[39m[31m[1m^[22m[39m[31m[1m^[22m[39m[31m[1m^[22m[39m[31m[1m^[22m[39m[31m[1m^[22m[39m[31m[1m^[22m[39m[31m[1m^[22m[39m[31m[1m^[22m[39m[31m[1m^[22m[39m[31m[1m^[22m[39m[31m[1m^[22m[39m[31m[1m^[22m[39m[31m[1m^[22m[39m[31m[1m^[22m[39m[31m[1m^[22m[39m[31m[1m^[22m[39m[31m[1m^[22m[39m[31m[1m^[22m[39m[31m[1m^[22m[39m[31m[1m^[22m[39m[31m[1m^[22m[39m[31m[1m^[22m[39m[31m[1m^[22m[39m[31m[1m^[22m[39m[31m[1m^[22m[39m[31m[1m^[22m[39m[31m[1m^[22m[39m[31m[1m^[22m[39m[31m[1m^[22m[39m[31m[1m^[22m[39m[31m[1m^[22m[39m[31m[1m^[22m[39m[31m[1m^[22m[39m[31m[1m^[22m[39m[31m[1m^[22m[39m[31m[1m^[22m[39m[31m[1m^[22m[39m[31m[1m^[22m[39m[31m[1m^[22m[39m[31m[1m^[22m[39m[31m[1m^[22m[39m[31m[1m^[22m[39m[31m[1m^[22m[39m[31m[1m^[22m[39m[31m[1m^[22m[39m[31m[1m^[22m[39m[31m[1m^[22m[39m[31m[1m^[22m[39m[31m[1m^[22m[39m[31m[1m^[22m[39m[31m[1m^[22m[39m[31m[1m^[22m[39m[31m[1m^[22m[39m[31m[1m^[22m[39m[31m[1m^[22m[39m[31m[1m^[22m[39m[31m[1m^[22m[39m[31m[1m^[22m[39m[31m[1m^[22m[39m[31m[1m^[22m[39m[31m[1m^[22m[39m[31m[1m^[22m[39m[31m[1m^[22m[39m[31m[1m^[22m[39m
 [90m 15 |[39m [36mimport[39m { [33mBrandOverviewTab[39m } [36mfrom[39m [32m"@/components/widgets/shared/analytics/tabs/BrandOverviewTab"[39m[33m;[39m
 [90m 16 |[39m [36mimport[39m { [33mCampaignsTab[39m } [36mfrom[39m [32m"@/components/widgets/shared/analytics/tabs/CampaignsTab"[39m[33m;[39m
 [90m 17 |[39m [36mimport[39m { [33mCreatorsTab[39m } [36mfrom[39m [32m"@/components/widgets/shared/analytics/tabs/CreatorsTab"[39m[33m;[39m[0m

The export BrandAnalyticsShell was not found in module [project]/src/components/widgets/shared/analytics/BrandAnalyticsShell.tsx [app-ssr] (ecmascript).
Did you mean to import AnalyticsShell?
All exports of the module are statically known (It doesn't have dynamic exports). So it's known statically that the requested export doesn't exist.

Import traces:
  Client Component Browser:
    ./src/app/(dashboard)/analytics/page.tsx [Client Component Browser]
    ./src/app/(dashboard)/analytics/page.tsx [Server Component]

  Client Component SSR:
    ./src/app/(dashboard)/analytics/page.tsx [Client Component SSR]
    ./src/app/(dashboard)/analytics/page.tsx [Server Component]


./src/app/(dashboard)/analytics/page.tsx:19:1
Export BrandAudienceTab doesn't exist in target module
[0m [90m 17 |[39m [36mimport[39m { [33mCreatorsTab[39m } [36mfrom[39m [32m"@/components/widgets/shared/analytics/tabs/CreatorsTab"[39m[33m;[39m
 [90m 18 |[39m [36mimport[39m { [33mContentTab[39m } [36mfrom[39m [32m"@/components/widgets/shared/analytics/tabs/ContentTab"[39m[33m;[39m
[31m[1m>[22m[39m[90m 19 |[39m [36mimport[39m { [33mBrandAudienceTab[39m } [36mfrom[39m [32m"@/components/widgets/shared/analytics/tabs/BrandAudienceTab"[39m[33m;[39m
 [90m    |[39m [31m[1m^[22m[39m[31m[1m^[22m[39m[31m[1m^[22m[39m[31m[1m^[22m[39m[31m[1m^[22m[39m[31m[1m^[22m[39m[31m[1m^[22m[39m[31m[1m^[22m[39m[31m[1m^[22m[39m[31m[1m^[22m[39m[31m[1m^[22m[39m[31m[1m^[22m[39m[31m[1m^[22m[39m[31m[1m^[22m[39m[31m[1m^[22m[39m[31m[1m^[22m[39m[31m[1m^[22m[39m[31m[1m^[22m[39m[31m[1m^[22m[39m[31m[1m^[22m[39m[31m[1m^[22m[39m[31m[1m^[22m[39m[31m[1m^[22m[39m[31m[1m^[22m[39m[31m[1m^[22m[39m[31m[1m^[22m[39m[31m[1m^[22m[39m[31m[1m^[22m[39m[31m[1m^[22m[39m[31m[1m^[22m[39m[31m[1m^[22m[39m[31m[1m^[22m[39m[31m[1m^[22m[39m[31m[1m^[22m[39m[31m[1m^[22m[39m[31m[1m^[22m[39m[31m[1m^[22m[39m[31m[1m^[22m[39m[31m[1m^[22m[39m[31m[1m^[22m[39m[31m[1m^[22m[39m[31m[1m^[22m[39m[31m[1m^[22m[39m[31m[1m^[22m[39m[31m[1m^[22m[39m[31m[1m^[22m[39m[31m[1m^[22m[39m[31m[1m^[22m[39m[31m[1m^[22m[39m[31m[1m^[22m[39m[31m[1m^[22m[39m[31m[1m^[22m[39m[31m[1m^[22m[39m[31m[1m^[22m[39m[31m[1m^[22m[39m[31m[1m^[22m[39m[31m[1m^[22m[39m[31m[1m^[22m[39m[31m[1m^[22m[39m[31m[1m^[22m[39m[31m[1m^[22m[39m[31m[1m^[22m[39m[31m[1m^[22m[39m[31m[1m^[22m[39m[31m[1m^[22m[39m[31m[1m^[22m[39m[31m[1m^[22m[39m[31m[1m^[22m[39m[31m[1m^[22m[39m[31m[1m^[22m[39m[31m[1m^[22m[39m[31m[1m^[22m[39m[31m[1m^[22m[39m[31m[1m^[22m[39m[31m[1m^[22m[39m[31m[1m^[22m[39m[31m[1m^[22m[39m[31m[1m^[22m[39m[31m[1m^[22m[39m[31m[1m^[22m[39m[31m[1m^[22m[39m[31m[1m^[22m[39m[31m[1m^[22m[39m[31m[1m^[22m[39m[31m[1m^[22m[39m[31m[1m^[22m[39m[31m[1m^[22m[39m[31m[1m^[22m[39m[31m[1m^[22m[39m[31m[1m^[22m[39m[31m[1m^[22m[39m[31m[1m^[22m[39m[31m[1m^[22m[39m[31m[1m^[22m[39m[31m[1m^[22m[39m
 [90m 20 |[39m [36mimport[39m { [33mComparisonTab[39m } [36mfrom[39m [32m"@/components/widgets/shared/analytics/tabs/ComparisonTab"[39m[33m;[39m
 [90m 21 |[39m [36mimport[39m { [33mPlatformTab[39m } [36mfrom[39m [32m"@/components/widgets/shared/analytics/tabs/PlatformTab"[39m[33m;[39m
 [90m 22 |[39m [36mimport[39m { [33mAttributionTab[39m } [36mfrom[39m [32m"@/components/widgets/shared/analytics/tabs/AttributionTab"[39m[33m;[39m[0m

The export BrandAudienceTab was not found in module [project]/src/components/widgets/shared/analytics/tabs/BrandAudienceTab.tsx [app-client] (ecmascript).
Did you mean to import AudienceTab?
All exports of the module are statically known (It doesn't have dynamic exports). So it's known statically that the requested export doesn't exist.

Import traces:
  Client Component Browser:
    ./src/app/(dashboard)/analytics/page.tsx [Client Component Browser]
    ./src/app/(dashboard)/analytics/page.tsx [Server Component]

  Client Component SSR:
    ./src/app/(dashboard)/analytics/page.tsx [Client Component SSR]
    ./src/app/(dashboard)/analytics/page.tsx [Server Component]


./src/app/(dashboard)/analytics/page.tsx:19:1
Export BrandAudienceTab doesn't exist in target module
[0m [90m 17 |[39m [36mimport[39m { [33mCreatorsTab[39m } [36mfrom[39m [32m"@/components/widgets/shared/analytics/tabs/CreatorsTab"[39m[33m;[39m
 [90m 18 |[39m [36mimport[39m { [33mContentTab[39m } [36mfrom[39m [32m"@/components/widgets/shared/analytics/tabs/ContentTab"[39m[33m;[39m
[31m[1m>[22m[39m[90m 19 |[39m [36mimport[39m { [33mBrandAudienceTab[39m } [36mfrom[39m [32m"@/components/widgets/shared/analytics/tabs/BrandAudienceTab"[39m[33m;[39m
 [90m    |[39m [31m[1m^[22m[39m[31m[1m^[22m[39m[31m[1m^[22m[39m[31m[1m^[22m[39m[31m[1m^[22m[39m[31m[1m^[22m[39m[31m[1m^[22m[39m[31m[1m^[22m[39m[31m[1m^[22m[39m[31m[1m^[22m[39m[31m[1m^[22m[39m[31m[1m^[22m[39m[31m[1m^[22m[39m[31m[1m^[22m[39m[31m[1m^[22m[39m[31m[1m^[22m[39m[31m[1m^[22m[39m[31m[1m^[22m[39m[31m[1m^[22m[39m[31m[1m^[22m[39m[31m[1m^[22m[39m[31m[1m^[22m[39m[31m[1m^[22m[39m[31m[1m^[22m[39m[31m[1m^[22m[39m[31m[1m^[22m[39m[31m[1m^[22m[39m[31m[1m^[22m[39m[31m[1m^[22m[39m[31m[1m^[22m[39m[31m[1m^[22m[39m[31m[1m^[22m[39m[31m[1m^[22m[39m[31m[1m^[22m[39m[31m[1m^[22m[39m[31m[1m^[22m[39m[31m[1m^[22m[39m[31m[1m^[22m[39m[31m[1m^[22m[39m[31m[1m^[22m[39m[31m[1m^[22m[39m[31m[1m^[22m[39m[31m[1m^[22m[39m[31m[1m^[22m[39m[31m[1m^[22m[39m[31m[1m^[22m[39m[31m[1m^[22m[39m[31m[1m^[22m[39m[31m[1m^[22m[39m[31m[1m^[22m[39m[31m[1m^[22m[39m[31m[1m^[22m[39m[31m[1m^[22m[39m[31m[1m^[22m[39m[31m[1m^[22m[39m[31m[1m^[22m[39m[31m[1m^[22m[39m[31m[1m^[22m[39m[31m[1m^[22m[39m[31m[1m^[22m[39m[31m[1m^[22m[39m[31m[1m^[22m[39m[31m[1m^[22m[39m[31m[1m^[22m[39m[31m[1m^[22m[39m[31m[1m^[22m[39m[31m[1m^[22m[39m[31m[1m^[22m[39m[31m[1m^[22m[39m[31m[1m^[22m[39m[31m[1m^[22m[39m[31m[1m^[22m[39m[31m[1m^[22m[39m[31m[1m^[22m[39m[31m[1m^[22m[39m[31m[1m^[22m[39m[31m[1m^[22m[39m[31m[1m^[22m[39m[31m[1m^[22m[39m[31m[1m^[22m[39m[31m[1m^[22m[39m[31m[1m^[22m[39m[31m[1m^[22m[39m[31m[1m^[22m[39m[31m[1m^[22m[39m[31m[1m^[22m[39m[31m[1m^[22m[39m[31m[1m^[22m[39m[31m[1m^[22m[39m[31m[1m^[22m[39m[31m[1m^[22m[39m[31m[1m^[22m[39m[31m[1m^[22m[39m[31m[1m^[22m[39m[31m[1m^[22m[39m
 [90m 20 |[39m [36mimport[39m { [33mComparisonTab[39m } [36mfrom[39m [32m"@/components/widgets/shared/analytics/tabs/ComparisonTab"[39m[33m;[39m
 [90m 21 |[39m [36mimport[39m { [33mPlatformTab[39m } [36mfrom[39m [32m"@/components/widgets/shared/analytics/tabs/PlatformTab"[39m[33m;[39m
 [90m 22 |[39m [36mimport[39m { [33mAttributionTab[39m } [36mfrom[39m [32m"@/components/widgets/shared/analytics/tabs/AttributionTab"[39m[33m;[39m[0m

The export BrandAudienceTab was not found in module [project]/src/components/widgets/shared/analytics/tabs/BrandAudienceTab.tsx [app-ssr] (ecmascript).
Did you mean to import AudienceTab?
All exports of the module are statically known (It doesn't have dynamic exports). So it's known statically that the requested export doesn't exist.

Import traces:
  Client Component Browser:
    ./src/app/(dashboard)/analytics/page.tsx [Client Component Browser]
    ./src/app/(dashboard)/analytics/page.tsx [Server Component]

  Client Component SSR:
    ./src/app/(dashboard)/analytics/page.tsx [Client Component SSR]
    ./src/app/(dashboard)/analytics/page.tsx [Server Component]


./src/app/(dashboard)/calendar/page.tsx:16:1
Export BrandCalendarShell doesn't exist in target module
[0m [90m 14 |[39m
 [90m 15 |[39m [90m// Brand Imports[39m
[31m[1m>[22m[39m[90m 16 |[39m [36mimport[39m { [33mBrandCalendarShell[39m } [36mfrom[39m [32m"@/components/widgets/shared/calendar/BrandCalendarShell"[39m[33m;[39m
 [90m    |[39m [31m[1m^[22m[39m[31m[1m^[22m[39m[31m[1m^[22m[39m[31m[1m^[22m[39m[31m[1m^[22m[39m[31m[1m^[22m[39m[31m[1m^[22m[39m[31m[1m^[22m[39m[31m[1m^[22m[39m[31m[1m^[22m[39m[31m[1m^[22m[39m[31m[1m^[22m[39m[31m[1m^[22m[39m[31m[1m^[22m[39m[31m[1m^[22m[39m[31m[1m^[22m[39m[31m[1m^[22m[39m[31m[1m^[22m[39m[31m[1m^[22m[39m[31m[1m^[22m[39m[31m[1m^[22m[39m[31m[1m^[22m[39m[31m[1m^[22m[39m[31m[1m^[22m[39m[31m[1m^[22m[39m[31m[1m^[22m[39m[31m[1m^[22m[39m[31m[1m^[22m[39m[31m[1m^[22m[39m[31m[1m^[22m[39m[31m[1m^[22m[39m[31m[1m^[22m[39m[31m[1m^[22m[39m[31m[1m^[22m[39m[31m[1m^[22m[39m[31m[1m^[22m[39m[31m[1m^[22m[39m[31m[1m^[22m[39m[31m[1m^[22m[39m[31m[1m^[22m[39m[31m[1m^[22m[39m[31m[1m^[22m[39m[31m[1m^[22m[39m[31m[1m^[22m[39m[31m[1m^[22m[39m[31m[1m^[22m[39m[31m[1m^[22m[39m[31m[1m^[22m[39m[31m[1m^[22m[39m[31m[1m^[22m[39m[31m[1m^[22m[39m[31m[1m^[22m[39m[31m[1m^[22m[39m[31m[1m^[22m[39m[31m[1m^[22m[39m[31m[1m^[22m[39m[31m[1m^[22m[39m[31m[1m^[22m[39m[31m[1m^[22m[39m[31m[1m^[22m[39m[31m[1m^[22m[39m[31m[1m^[22m[39m[31m[1m^[22m[39m[31m[1m^[22m[39m[31m[1m^[22m[39m[31m[1m^[22m[39m[31m[1m^[22m[39m[31m[1m^[22m[39m[31m[1m^[22m[39m[31m[1m^[22m[39m[31m[1m^[22m[39m[31m[1m^[22m[39m[31m[1m^[22m[39m[31m[1m^[22m[39m[31m[1m^[22m[39m[31m[1m^[22m[39m[31m[1m^[22m[39m[31m[1m^[22m[39m[31m[1m^[22m[39m[31m[1m^[22m[39m[31m[1m^[22m[39m[31m[1m^[22m[39m[31m[1m^[22m[39m[31m[1m^[22m[39m[31m[1m^[22m[39m[31m[1m^[22m[39m[31m[1m^[22m[39m[31m[1m^[22m[39m[31m[1m^[22m[39m[31m[1m^[22m[39m[31m[1m^[22m[39m[31m[1m^[22m[39m[31m[1m^[22m[39m
 [90m 17 |[39m [36mimport[39m { [33mBrandMonthView[39m } [36mfrom[39m [32m"@/components/widgets/shared/calendar/views/BrandMonthView"[39m[33m;[39m
 [90m 18 |[39m [36mimport[39m { [33mBrandAddEventDialog[39m } [36mfrom[39m [32m"@/components/widgets/shared/calendar/BrandAddEventDialog"[39m[33m;[39m
 [90m 19 |[39m[0m

The export BrandCalendarShell was not found in module [project]/src/components/widgets/shared/calendar/BrandCalendarShell.tsx [app-client] (ecmascript).
Did you mean to import CalendarShell?
All exports of the module are statically known (It doesn't have dynamic exports). So it's known statically that the requested export doesn't exist.

Import traces:
  Client Component Browser:
    ./src/app/(dashboard)/calendar/page.tsx [Client Component Browser]
    ./src/app/(dashboard)/calendar/page.tsx [Server Component]

  Client Component SSR:
    ./src/app/(dashboard)/calendar/page.tsx [Client Component SSR]
    ./src/app/(dashboard)/calendar/page.tsx [Server Component]


./src/app/(dashboard)/calendar/page.tsx:16:1
Export BrandCalendarShell doesn't exist in target module
[0m [90m 14 |[39m
 [90m 15 |[39m [90m// Brand Imports[39m
[31m[1m>[22m[39m[90m 16 |[39m [36mimport[39m { [33mBrandCalendarShell[39m } [36mfrom[39m [32m"@/components/widgets/shared/calendar/BrandCalendarShell"[39m[33m;[39m
 [90m    |[39m [31m[1m^[22m[39m[31m[1m^[22m[39m[31m[1m^[22m[39m[31m[1m^[22m[39m[31m[1m^[22m[39m[31m[1m^[22m[39m[31m[1m^[22m[39m[31m[1m^[22m[39m[31m[1m^[22m[39m[31m[1m^[22m[39m[31m[1m^[22m[39m[31m[1m^[22m[39m[31m[1m^[22m[39m[31m[1m^[22m[39m[31m[1m^[22m[39m[31m[1m^[22m[39m[31m[1m^[22m[39m[31m[1m^[22m[39m[31m[1m^[22m[39m[31m[1m^[22m[39m[31m[1m^[22m[39m[31m[1m^[22m[39m[31m[1m^[22m[39m[31m[1m^[22m[39m[31m[1m^[22m[39m[31m[1m^[22m[39m[31m[1m^[22m[39m[31m[1m^[22m[39m[31m[1m^[22m[39m[31m[1m^[22m[39m[31m[1m^[22m[39m[31m[1m^[22m[39m[31m[1m^[22m[39m[31m[1m^[22m[39m[31m[1m^[22m[39m[31m[1m^[22m[39m[31m[1m^[22m[39m[31m[1m^[22m[39m[31m[1m^[22m[39m[31m[1m^[22m[39m[31m[1m^[22m[39m[31m[1m^[22m[39m[31m[1m^[22m[39m[31m[1m^[22m[39m[31m[1m^[22m[39m[31m[1m^[22m[39m[31m[1m^[22m[39m[31m[1m^[22m[39m[31m[1m^[22m[39m[31m[1m^[22m[39m[31m[1m^[22m[39m[31m[1m^[22m[39m[31m[1m^[22m[39m[31m[1m^[22m[39m[31m[1m^[22m[39m[31m[1m^[22m[39m[31m[1m^[22m[39m[31m[1m^[22m[39m[31m[1m^[22m[39m[31m[1m^[22m[39m[31m[1m^[22m[39m[31m[1m^[22m[39m[31m[1m^[22m[39m[31m[1m^[22m[39m[31m[1m^[22m[39m[31m[1m^[22m[39m[31m[1m^[22m[39m[31m[1m^[22m[39m[31m[1m^[22m[39m[31m[1m^[22m[39m[31m[1m^[22m[39m[31m[1m^[22m[39m[31m[1m^[22m[39m[31m[1m^[22m[39m[31m[1m^[22m[39m[31m[1m^[22m[39m[31m[1m^[22m[39m[31m[1m^[22m[39m[31m[1m^[22m[39m[31m[1m^[22m[39m[31m[1m^[22m[39m[31m[1m^[22m[39m[31m[1m^[22m[39m[31m[1m^[22m[39m[31m[1m^[22m[39m[31m[1m^[22m[39m[31m[1m^[22m[39m[31m[1m^[22m[39m[31m[1m^[22m[39m[31m[1m^[22m[39m[31m[1m^[22m[39m[31m[1m^[22m[39m[31m[1m^[22m[39m
 [90m 17 |[39m [36mimport[39m { [33mBrandMonthView[39m } [36mfrom[39m [32m"@/components/widgets/shared/calendar/views/BrandMonthView"[39m[33m;[39m
 [90m 18 |[39m [36mimport[39m { [33mBrandAddEventDialog[39m } [36mfrom[39m [32m"@/components/widgets/shared/calendar/BrandAddEventDialog"[39m[33m;[39m
 [90m 19 |[39m[0m

The export BrandCalendarShell was not found in module [project]/src/components/widgets/shared/calendar/BrandCalendarShell.tsx [app-ssr] (ecmascript).
Did you mean to import CalendarShell?
All exports of the module are statically known (It doesn't have dynamic exports). So it's known statically that the requested export doesn't exist.

Import traces:
  Client Component Browser:
    ./src/app/(dashboard)/calendar/page.tsx [Client Component Browser]
    ./src/app/(dashboard)/calendar/page.tsx [Server Component]

  Client Component SSR:
    ./src/app/(dashboard)/calendar/page.tsx [Client Component SSR]
    ./src/app/(dashboard)/calendar/page.tsx [Server Component]


./src/app/(dashboard)/support/page.tsx:20:1
Export BrandContactSupport doesn't exist in target module
[0m [90m 18 |[39m [36mimport[39m { [33mBrandSupportShell[39m } [36mfrom[39m [32m"@/components/widgets/shared/support/BrandSupportShell"[39m[33m;[39m
 [90m 19 |[39m [36mimport[39m { [33mBrandHelpCenterHome[39m } [36mfrom[39m [32m"@/components/widgets/shared/support/tabs/BrandHelpCenterHome"[39m[33m;[39m
[31m[1m>[22m[39m[90m 20 |[39m [36mimport[39m { [33mBrandContactSupport[39m } [36mfrom[39m [32m"@/components/widgets/shared/support/tabs/BrandContactSupport"[39m[33m;[39m
 [90m    |[39m [31m[1m^[22m[39m[31m[1m^[22m[39m[31m[1m^[22m[39m[31m[1m^[22m[39m[31m[1m^[22m[39m[31m[1m^[22m[39m[31m[1m^[22m[39m[31m[1m^[22m[39m[31m[1m^[22m[39m[31m[1m^[22m[39m[31m[1m^[22m[39m[31m[1m^[22m[39m[31m[1m^[22m[39m[31m[1m^[22m[39m[31m[1m^[22m[39m[31m[1m^[22m[39m[31m[1m^[22m[39m[31m[1m^[22m[39m[31m[1m^[22m[39m[31m[1m^[22m[39m[31m[1m^[22m[39m[31m[1m^[22m[39m[31m[1m^[22m[39m[31m[1m^[22m[39m[31m[1m^[22m[39m[31m[1m^[22m[39m[31m[1m^[22m[39m[31m[1m^[22m[39m[31m[1m^[22m[39m[31m[1m^[22m[39m[31m[1m^[22m[39m[31m[1m^[22m[39m[31m[1m^[22m[39m[31m[1m^[22m[39m[31m[1m^[22m[39m[31m[1m^[22m[39m[31m[1m^[22m[39m[31m[1m^[22m[39m[31m[1m^[22m[39m[31m[1m^[22m[39m[31m[1m^[22m[39m[31m[1m^[22m[39m[31m[1m^[22m[39m[31m[1m^[22m[39m[31m[1m^[22m[39m[31m[1m^[22m[39m[31m[1m^[22m[39m[31m[1m^[22m[39m[31m[1m^[22m[39m[31m[1m^[22m[39m[31m[1m^[22m[39m[31m[1m^[22m[39m[31m[1m^[22m[39m[31m[1m^[22m[39m[31m[1m^[22m[39m[31m[1m^[22m[39m[31m[1m^[22m[39m[31m[1m^[22m[39m[31m[1m^[22m[39m[31m[1m^[22m[39m[31m[1m^[22m[39m[31m[1m^[22m[39m[31m[1m^[22m[39m[31m[1m^[22m[39m[31m[1m^[22m[39m[31m[1m^[22m[39m[31m[1m^[22m[39m[31m[1m^[22m[39m[31m[1m^[22m[39m[31m[1m^[22m[39m[31m[1m^[22m[39m[31m[1m^[22m[39m[31m[1m^[22m[39m[31m[1m^[22m[39m[31m[1m^[22m[39m[31m[1m^[22m[39m[31m[1m^[22m[39m[31m[1m^[22m[39m[31m[1m^[22m[39m[31m[1m^[22m[39m[31m[1m^[22m[39m[31m[1m^[22m[39m[31m[1m^[22m[39m[31m[1m^[22m[39m[31m[1m^[22m[39m[31m[1m^[22m[39m[31m[1m^[22m[39m[31m[1m^[22m[39m[31m[1m^[22m[39m[31m[1m^[22m[39m[31m[1m^[22m[39m[31m[1m^[22m[39m[31m[1m^[22m[39m[31m[1m^[22m[39m[31m[1m^[22m[39m[31m[1m^[22m[39m[31m[1m^[22m[39m[31m[1m^[22m[39m[31m[1m^[22m[39m
 [90m 21 |[39m [36mimport[39m { [33mSubmitTicket[39m } [36mfrom[39m [32m"@/components/widgets/shared/support/tabs/SubmitTicket"[39m[33m;[39m
 [90m 22 |[39m [36mimport[39m { [33mLiveChat[39m } [36mfrom[39m [32m"@/components/widgets/shared/support/tabs/LiveChat"[39m[33m;[39m
 [90m 23 |[39m [36mimport[39m { [33mBrandFAQSection[39m } [36mfrom[39m [32m"@/components/widgets/shared/support/tabs/BrandFAQSection"[39m[33m;[39m[0m

The export BrandContactSupport was not found in module [project]/src/components/widgets/shared/support/tabs/BrandContactSupport.tsx [app-client] (ecmascript).
Did you mean to import ContactSupport?
All exports of the module are statically known (It doesn't have dynamic exports). So it's known statically that the requested export doesn't exist.

Import traces:
  Client Component Browser:
    ./src/app/(dashboard)/support/page.tsx [Client Component Browser]
    ./src/app/(dashboard)/support/page.tsx [Server Component]

  Client Component SSR:
    ./src/app/(dashboard)/support/page.tsx [Client Component SSR]
    ./src/app/(dashboard)/support/page.tsx [Server Component]


./src/app/(dashboard)/support/page.tsx:20:1
Export BrandContactSupport doesn't exist in target module
[0m [90m 18 |[39m [36mimport[39m { [33mBrandSupportShell[39m } [36mfrom[39m [32m"@/components/widgets/shared/support/BrandSupportShell"[39m[33m;[39m
 [90m 19 |[39m [36mimport[39m { [33mBrandHelpCenterHome[39m } [36mfrom[39m [32m"@/components/widgets/shared/support/tabs/BrandHelpCenterHome"[39m[33m;[39m
[31m[1m>[22m[39m[90m 20 |[39m [36mimport[39m { [33mBrandContactSupport[39m } [36mfrom[39m [32m"@/components/widgets/shared/support/tabs/BrandContactSupport"[39m[33m;[39m
 [90m    |[39m [31m[1m^[22m[39m[31m[1m^[22m[39m[31m[1m^[22m[39m[31m[1m^[22m[39m[31m[1m^[22m[39m[31m[1m^[22m[39m[31m[1m^[22m[39m[31m[1m^[22m[39m[31m[1m^[22m[39m[31m[1m^[22m[39m[31m[1m^[22m[39m[31m[1m^[22m[39m[31m[1m^[22m[39m[31m[1m^[22m[39m[31m[1m^[22m[39m[31m[1m^[22m[39m[31m[1m^[22m[39m[31m[1m^[22m[39m[31m[1m^[22m[39m[31m[1m^[22m[39m[31m[1m^[22m[39m[31m[1m^[22m[39m[31m[1m^[22m[39m[31m[1m^[22m[39m[31m[1m^[22m[39m[31m[1m^[22m[39m[31m[1m^[22m[39m[31m[1m^[22m[39m[31m[1m^[22m[39m[31m[1m^[22m[39m[31m[1m^[22m[39m[31m[1m^[22m[39m[31m[1m^[22m[39m[31m[1m^[22m[39m[31m[1m^[22m[39m[31m[1m^[22m[39m[31m[1m^[22m[39m[31m[1m^[22m[39m[31m[1m^[22m[39m[31m[1m^[22m[39m[31m[1m^[22m[39m[31m[1m^[22m[39m[31m[1m^[22m[39m[31m[1m^[22m[39m[31m[1m^[22m[39m[31m[1m^[22m[39m[31m[1m^[22m[39m[31m[1m^[22m[39m[31m[1m^[22m[39m[31m[1m^[22m[39m[31m[1m^[22m[39m[31m[1m^[22m[39m[31m[1m^[22m[39m[31m[1m^[22m[39m[31m[1m^[22m[39m[31m[1m^[22m[39m[31m[1m^[22m[39m[31m[1m^[22m[39m[31m[1m^[22m[39m[31m[1m^[22m[39m[31m[1m^[22m[39m[31m[1m^[22m[39m[31m[1m^[22m[39m[31m[1m^[22m[39m[31m[1m^[22m[39m[31m[1m^[22m[39m[31m[1m^[22m[39m[31m[1m^[22m[39m[31m[1m^[22m[39m[31m[1m^[22m[39m[31m[1m^[22m[39m[31m[1m^[22m[39m[31m[1m^[22m[39m[31m[1m^[22m[39m[31m[1m^[22m[39m[31m[1m^[22m[39m[31m[1m^[22m[39m[31m[1m^[22m[39m[31m[1m^[22m[39m[31m[1m^[22m[39m[31m[1m^[22m[39m[31m[1m^[22m[39m[31m[1m^[22m[39m[31m[1m^[22m[39m[31m[1m^[22m[39m[31m[1m^[22m[39m[31m[1m^[22m[39m[31m[1m^[22m[39m[31m[1m^[22m[39m[31m[1m^[22m[39m[31m[1m^[22m[39m[31m[1m^[22m[39m[31m[1m^[22m[39m[31m[1m^[22m[39m[31m[1m^[22m[39m[31m[1m^[22m[39m[31m[1m^[22m[39m[31m[1m^[22m[39m[31m[1m^[22m[39m
 [90m 21 |[39m [36mimport[39m { [33mSubmitTicket[39m } [36mfrom[39m [32m"@/components/widgets/shared/support/tabs/SubmitTicket"[39m[33m;[39m
 [90m 22 |[39m [36mimport[39m { [33mLiveChat[39m } [36mfrom[39m [32m"@/components/widgets/shared/support/tabs/LiveChat"[39m[33m;[39m
 [90m 23 |[39m [36mimport[39m { [33mBrandFAQSection[39m } [36mfrom[39m [32m"@/components/widgets/shared/support/tabs/BrandFAQSection"[39m[33m;[39m[0m

The export BrandContactSupport was not found in module [project]/src/components/widgets/shared/support/tabs/BrandContactSupport.tsx [app-ssr] (ecmascript).
Did you mean to import ContactSupport?
All exports of the module are statically known (It doesn't have dynamic exports). So it's known statically that the requested export doesn't exist.

Import traces:
  Client Component Browser:
    ./src/app/(dashboard)/support/page.tsx [Client Component Browser]
    ./src/app/(dashboard)/support/page.tsx [Server Component]

  Client Component SSR:
    ./src/app/(dashboard)/support/page.tsx [Client Component SSR]
    ./src/app/(dashboard)/support/page.tsx [Server Component]


./src/app/(dashboard)/profile/page.tsx:17:1
Export BrandEditProfileTab doesn't exist in target module
[0m [90m 15 |[39m [90m// Brand Imports[39m
 [90m 16 |[39m [36mimport[39m { [33mBrandProfileShell[39m } [36mfrom[39m [32m"@/components/widgets/shared/profile/BrandProfileShell"[39m[33m;[39m
[31m[1m>[22m[39m[90m 17 |[39m [36mimport[39m { [33mBrandEditProfileTab[39m } [36mfrom[39m [32m"@/components/widgets/shared/profile/tabs/BrandEditProfileTab"[39m[33m;[39m
 [90m    |[39m [31m[1m^[22m[39m[31m[1m^[22m[39m[31m[1m^[22m[39m[31m[1m^[22m[39m[31m[1m^[22m[39m[31m[1m^[22m[39m[31m[1m^[22m[39m[31m[1m^[22m[39m[31m[1m^[22m[39m[31m[1m^[22m[39m[31m[1m^[22m[39m[31m[1m^[22m[39m[31m[1m^[22m[39m[31m[1m^[22m[39m[31m[1m^[22m[39m[31m[1m^[22m[39m[31m[1m^[22m[39m[31m[1m^[22m[39m[31m[1m^[22m[39m[31m[1m^[22m[39m[31m[1m^[22m[39m[31m[1m^[22m[39m[31m[1m^[22m[39m[31m[1m^[22m[39m[31m[1m^[22m[39m[31m[1m^[22m[39m[31m[1m^[22m[39m[31m[1m^[22m[39m[31m[1m^[22m[39m[31m[1m^[22m[39m[31m[1m^[22m[39m[31m[1m^[22m[39m[31m[1m^[22m[39m[31m[1m^[22m[39m[31m[1m^[22m[39m[31m[1m^[22m[39m[31m[1m^[22m[39m[31m[1m^[22m[39m[31m[1m^[22m[39m[31m[1m^[22m[39m[31m[1m^[22m[39m[31m[1m^[22m[39m[31m[1m^[22m[39m[31m[1m^[22m[39m[31m[1m^[22m[39m[31m[1m^[22m[39m[31m[1m^[22m[39m[31m[1m^[22m[39m[31m[1m^[22m[39m[31m[1m^[22m[39m[31m[1m^[22m[39m[31m[1m^[22m[39m[31m[1m^[22m[39m[31m[1m^[22m[39m[31m[1m^[22m[39m[31m[1m^[22m[39m[31m[1m^[22m[39m[31m[1m^[22m[39m[31m[1m^[22m[39m[31m[1m^[22m[39m[31m[1m^[22m[39m[31m[1m^[22m[39m[31m[1m^[22m[39m[31m[1m^[22m[39m[31m[1m^[22m[39m[31m[1m^[22m[39m[31m[1m^[22m[39m[31m[1m^[22m[39m[31m[1m^[22m[39m[31m[1m^[22m[39m[31m[1m^[22m[39m[31m[1m^[22m[39m[31m[1m^[22m[39m[31m[1m^[22m[39m[31m[1m^[22m[39m[31m[1m^[22m[39m[31m[1m^[22m[39m[31m[1m^[22m[39m[31m[1m^[22m[39m[31m[1m^[22m[39m[31m[1m^[22m[39m[31m[1m^[22m[39m[31m[1m^[22m[39m[31m[1m^[22m[39m[31m[1m^[22m[39m[31m[1m^[22m[39m[31m[1m^[22m[39m[31m[1m^[22m[39m[31m[1m^[22m[39m[31m[1m^[22m[39m[31m[1m^[22m[39m[31m[1m^[22m[39m[31m[1m^[22m[39m[31m[1m^[22m[39m[31m[1m^[22m[39m[31m[1m^[22m[39m[31m[1m^[22m[39m[31m[1m^[22m[39m[31m[1m^[22m[39m
 [90m 18 |[39m [36mimport[39m { [33mBrandVerificationTab[39m } [36mfrom[39m [32m"@/components/widgets/shared/profile/tabs/BrandVerificationTab"[39m[33m;[39m
 [90m 19 |[39m [36mimport[39m { [33mPastCampaignsTab[39m } [36mfrom[39m [32m"@/components/widgets/shared/profile/tabs/PastCampaignsTab"[39m[33m;[39m
 [90m 20 |[39m [36mimport[39m { [33mBrandAssetsTab[39m } [36mfrom[39m [32m"@/components/widgets/shared/profile/tabs/BrandAssetsTab"[39m[33m;[39m[0m

The export BrandEditProfileTab was not found in module [project]/src/components/widgets/shared/profile/tabs/BrandEditProfileTab.tsx [app-client] (ecmascript).
Did you mean to import EditProfileTab?
All exports of the module are statically known (It doesn't have dynamic exports). So it's known statically that the requested export doesn't exist.

Import traces:
  Client Component Browser:
    ./src/app/(dashboard)/profile/page.tsx [Client Component Browser]
    ./src/app/(dashboard)/profile/page.tsx [Server Component]

  Client Component SSR:
    ./src/app/(dashboard)/profile/page.tsx [Client Component SSR]
    ./src/app/(dashboard)/profile/page.tsx [Server Component]


./src/app/(dashboard)/profile/page.tsx:17:1
Export BrandEditProfileTab doesn't exist in target module
[0m [90m 15 |[39m [90m// Brand Imports[39m
 [90m 16 |[39m [36mimport[39m { [33mBrandProfileShell[39m } [36mfrom[39m [32m"@/components/widgets/shared/profile/BrandProfileShell"[39m[33m;[39m
[31m[1m>[22m[39m[90m 17 |[39m [36mimport[39m { [33mBrandEditProfileTab[39m } [36mfrom[39m [32m"@/components/widgets/shared/profile/tabs/BrandEditProfileTab"[39m[33m;[39m
 [90m    |[39m [31m[1m^[22m[39m[31m[1m^[22m[39m[31m[1m^[22m[39m[31m[1m^[22m[39m[31m[1m^[22m[39m[31m[1m^[22m[39m[31m[1m^[22m[39m[31m[1m^[22m[39m[31m[1m^[22m[39m[31m[1m^[22m[39m[31m[1m^[22m[39m[31m[1m^[22m[39m[31m[1m^[22m[39m[31m[1m^[22m[39m[31m[1m^[22m[39m[31m[1m^[22m[39m[31m[1m^[22m[39m[31m[1m^[22m[39m[31m[1m^[22m[39m[31m[1m^[22m[39m[31m[1m^[22m[39m[31m[1m^[22m[39m[31m[1m^[22m[39m[31m[1m^[22m[39m[31m[1m^[22m[39m[31m[1m^[22m[39m[31m[1m^[22m[39m[31m[1m^[22m[39m[31m[1m^[22m[39m[31m[1m^[22m[39m[31m[1m^[22m[39m[31m[1m^[22m[39m[31m[1m^[22m[39m[31m[1m^[22m[39m[31m[1m^[22m[39m[31m[1m^[22m[39m[31m[1m^[22m[39m[31m[1m^[22m[39m[31m[1m^[22m[39m[31m[1m^[22m[39m[31m[1m^[22m[39m[31m[1m^[22m[39m[31m[1m^[22m[39m[31m[1m^[22m[39m[31m[1m^[22m[39m[31m[1m^[22m[39m[31m[1m^[22m[39m[31m[1m^[22m[39m[31m[1m^[22m[39m[31m[1m^[22m[39m[31m[1m^[22m[39m[31m[1m^[22m[39m[31m[1m^[22m[39m[31m[1m^[22m[39m[31m[1m^[22m[39m[31m[1m^[22m[39m[31m[1m^[22m[39m[31m[1m^[22m[39m[31m[1m^[22m[39m[31m[1m^[22m[39m[31m[1m^[22m[39m[31m[1m^[22m[39m[31m[1m^[22m[39m[31m[1m^[22m[39m[31m[1m^[22m[39m[31m[1m^[22m[39m[31m[1m^[22m[39m[31m[1m^[22m[39m[31m[1m^[22m[39m[31m[1m^[22m[39m[31m[1m^[22m[39m[31m[1m^[22m[39m[31m[1m^[22m[39m[31m[1m^[22m[39m[31m[1m^[22m[39m[31m[1m^[22m[39m[31m[1m^[22m[39m[31m[1m^[22m[39m[31m[1m^[22m[39m[31m[1m^[22m[39m[31m[1m^[22m[39m[31m[1m^[22m[39m[31m[1m^[22m[39m[31m[1m^[22m[39m[31m[1m^[22m[39m[31m[1m^[22m[39m[31m[1m^[22m[39m[31m[1m^[22m[39m[31m[1m^[22m[39m[31m[1m^[22m[39m[31m[1m^[22m[39m[31m[1m^[22m[39m[31m[1m^[22m[39m[31m[1m^[22m[39m[31m[1m^[22m[39m[31m[1m^[22m[39m[31m[1m^[22m[39m[31m[1m^[22m[39m[31m[1m^[22m[39m
 [90m 18 |[39m [36mimport[39m { [33mBrandVerificationTab[39m } [36mfrom[39m [32m"@/components/widgets/shared/profile/tabs/BrandVerificationTab"[39m[33m;[39m
 [90m 19 |[39m [36mimport[39m { [33mPastCampaignsTab[39m } [36mfrom[39m [32m"@/components/widgets/shared/profile/tabs/PastCampaignsTab"[39m[33m;[39m
 [90m 20 |[39m [36mimport[39m { [33mBrandAssetsTab[39m } [36mfrom[39m [32m"@/components/widgets/shared/profile/tabs/BrandAssetsTab"[39m[33m;[39m[0m

The export BrandEditProfileTab was not found in module [project]/src/components/widgets/shared/profile/tabs/BrandEditProfileTab.tsx [app-ssr] (ecmascript).
Did you mean to import EditProfileTab?
All exports of the module are statically known (It doesn't have dynamic exports). So it's known statically that the requested export doesn't exist.

Import traces:
  Client Component Browser:
    ./src/app/(dashboard)/profile/page.tsx [Client Component Browser]
    ./src/app/(dashboard)/profile/page.tsx [Server Component]

  Client Component SSR:
    ./src/app/(dashboard)/profile/page.tsx [Client Component SSR]
    ./src/app/(dashboard)/profile/page.tsx [Server Component]


./src/app/(dashboard)/support/page.tsx:23:1
Export BrandFAQSection doesn't exist in target module
[0m [90m 21 |[39m [36mimport[39m { [33mSubmitTicket[39m } [36mfrom[39m [32m"@/components/widgets/shared/support/tabs/SubmitTicket"[39m[33m;[39m
 [90m 22 |[39m [36mimport[39m { [33mLiveChat[39m } [36mfrom[39m [32m"@/components/widgets/shared/support/tabs/LiveChat"[39m[33m;[39m
[31m[1m>[22m[39m[90m 23 |[39m [36mimport[39m { [33mBrandFAQSection[39m } [36mfrom[39m [32m"@/components/widgets/shared/support/tabs/BrandFAQSection"[39m[33m;[39m
 [90m    |[39m [31m[1m^[22m[39m[31m[1m^[22m[39m[31m[1m^[22m[39m[31m[1m^[22m[39m[31m[1m^[22m[39m[31m[1m^[22m[39m[31m[1m^[22m[39m[31m[1m^[22m[39m[31m[1m^[22m[39m[31m[1m^[22m[39m[31m[1m^[22m[39m[31m[1m^[22m[39m[31m[1m^[22m[39m[31m[1m^[22m[39m[31m[1m^[22m[39m[31m[1m^[22m[39m[31m[1m^[22m[39m[31m[1m^[22m[39m[31m[1m^[22m[39m[31m[1m^[22m[39m[31m[1m^[22m[39m[31m[1m^[22m[39m[31m[1m^[22m[39m[31m[1m^[22m[39m[31m[1m^[22m[39m[31m[1m^[22m[39m[31m[1m^[22m[39m[31m[1m^[22m[39m[31m[1m^[22m[39m[31m[1m^[22m[39m[31m[1m^[22m[39m[31m[1m^[22m[39m[31m[1m^[22m[39m[31m[1m^[22m[39m[31m[1m^[22m[39m[31m[1m^[22m[39m[31m[1m^[22m[39m[31m[1m^[22m[39m[31m[1m^[22m[39m[31m[1m^[22m[39m[31m[1m^[22m[39m[31m[1m^[22m[39m[31m[1m^[22m[39m[31m[1m^[22m[39m[31m[1m^[22m[39m[31m[1m^[22m[39m[31m[1m^[22m[39m[31m[1m^[22m[39m[31m[1m^[22m[39m[31m[1m^[22m[39m[31m[1m^[22m[39m[31m[1m^[22m[39m[31m[1m^[22m[39m[31m[1m^[22m[39m[31m[1m^[22m[39m[31m[1m^[22m[39m[31m[1m^[22m[39m[31m[1m^[22m[39m[31m[1m^[22m[39m[31m[1m^[22m[39m[31m[1m^[22m[39m[31m[1m^[22m[39m[31m[1m^[22m[39m[31m[1m^[22m[39m[31m[1m^[22m[39m[31m[1m^[22m[39m[31m[1m^[22m[39m[31m[1m^[22m[39m[31m[1m^[22m[39m[31m[1m^[22m[39m[31m[1m^[22m[39m[31m[1m^[22m[39m[31m[1m^[22m[39m[31m[1m^[22m[39m[31m[1m^[22m[39m[31m[1m^[22m[39m[31m[1m^[22m[39m[31m[1m^[22m[39m[31m[1m^[22m[39m[31m[1m^[22m[39m[31m[1m^[22m[39m[31m[1m^[22m[39m[31m[1m^[22m[39m[31m[1m^[22m[39m[31m[1m^[22m[39m[31m[1m^[22m[39m[31m[1m^[22m[39m[31m[1m^[22m[39m[31m[1m^[22m[39m[31m[1m^[22m[39m[31m[1m^[22m[39m
 [90m 24 |[39m [36mimport[39m { [33mBrandVideoTutorials[39m } [36mfrom[39m [32m"@/components/widgets/shared/support/tabs/BrandVideoTutorials"[39m[33m;[39m
 [90m 25 |[39m [36mimport[39m { [33mBrandPlatformStatus[39m } [36mfrom[39m [32m"@/components/widgets/shared/support/tabs/BrandPlatformStatus"[39m[33m;[39m
 [90m 26 |[39m [36mimport[39m { [33mBrandFeatureRequests[39m } [36mfrom[39m [32m"@/components/widgets/shared/support/tabs/BrandFeatureRequests"[39m[33m;[39m[0m

The export BrandFAQSection was not found in module [project]/src/components/widgets/shared/support/tabs/BrandFAQSection.tsx [app-client] (ecmascript).
Did you mean to import FAQSection?
All exports of the module are statically known (It doesn't have dynamic exports). So it's known statically that the requested export doesn't exist.

Import traces:
  Client Component Browser:
    ./src/app/(dashboard)/support/page.tsx [Client Component Browser]
    ./src/app/(dashboard)/support/page.tsx [Server Component]

  Client Component SSR:
    ./src/app/(dashboard)/support/page.tsx [Client Component SSR]
    ./src/app/(dashboard)/support/page.tsx [Server Component]


./src/app/(dashboard)/support/page.tsx:23:1
Export BrandFAQSection doesn't exist in target module
[0m [90m 21 |[39m [36mimport[39m { [33mSubmitTicket[39m } [36mfrom[39m [32m"@/components/widgets/shared/support/tabs/SubmitTicket"[39m[33m;[39m
 [90m 22 |[39m [36mimport[39m { [33mLiveChat[39m } [36mfrom[39m [32m"@/components/widgets/shared/support/tabs/LiveChat"[39m[33m;[39m
[31m[1m>[22m[39m[90m 23 |[39m [36mimport[39m { [33mBrandFAQSection[39m } [36mfrom[39m [32m"@/components/widgets/shared/support/tabs/BrandFAQSection"[39m[33m;[39m
 [90m    |[39m [31m[1m^[22m[39m[31m[1m^[22m[39m[31m[1m^[22m[39m[31m[1m^[22m[39m[31m[1m^[22m[39m[31m[1m^[22m[39m[31m[1m^[22m[39m[31m[1m^[22m[39m[31m[1m^[22m[39m[31m[1m^[22m[39m[31m[1m^[22m[39m[31m[1m^[22m[39m[31m[1m^[22m[39m[31m[1m^[22m[39m[31m[1m^[22m[39m[31m[1m^[22m[39m[31m[1m^[22m[39m[31m[1m^[22m[39m[31m[1m^[22m[39m[31m[1m^[22m[39m[31m[1m^[22m[39m[31m[1m^[22m[39m[31m[1m^[22m[39m[31m[1m^[22m[39m[31m[1m^[22m[39m[31m[1m^[22m[39m[31m[1m^[22m[39m[31m[1m^[22m[39m[31m[1m^[22m[39m[31m[1m^[22m[39m[31m[1m^[22m[39m[31m[1m^[22m[39m[31m[1m^[22m[39m[31m[1m^[22m[39m[31m[1m^[22m[39m[31m[1m^[22m[39m[31m[1m^[22m[39m[31m[1m^[22m[39m[31m[1m^[22m[39m[31m[1m^[22m[39m[31m[1m^[22m[39m[31m[1m^[22m[39m[31m[1m^[22m[39m[31m[1m^[22m[39m[31m[1m^[22m[39m[31m[1m^[22m[39m[31m[1m^[22m[39m[31m[1m^[22m[39m[31m[1m^[22m[39m[31m[1m^[22m[39m[31m[1m^[22m[39m[31m[1m^[22m[39m[31m[1m^[22m[39m[31m[1m^[22m[39m[31m[1m^[22m[39m[31m[1m^[22m[39m[31m[1m^[22m[39m[31m[1m^[22m[39m[31m[1m^[22m[39m[31m[1m^[22m[39m[31m[1m^[22m[39m[31m[1m^[22m[39m[31m[1m^[22m[39m[31m[1m^[22m[39m[31m[1m^[22m[39m[31m[1m^[22m[39m[31m[1m^[22m[39m[31m[1m^[22m[39m[31m[1m^[22m[39m[31m[1m^[22m[39m[31m[1m^[22m[39m[31m[1m^[22m[39m[31m[1m^[22m[39m[31m[1m^[22m[39m[31m[1m^[22m[39m[31m[1m^[22m[39m[31m[1m^[22m[39m[31m[1m^[22m[39m[31m[1m^[22m[39m[31m[1m^[22m[39m[31m[1m^[22m[39m[31m[1m^[22m[39m[31m[1m^[22m[39m[31m[1m^[22m[39m[31m[1m^[22m[39m[31m[1m^[22m[39m[31m[1m^[22m[39m[31m[1m^[22m[39m[31m[1m^[22m[39m[31m[1m^[22m[39m[31m[1m^[22m[39m
 [90m 24 |[39m [36mimport[39m { [33mBrandVideoTutorials[39m } [36mfrom[39m [32m"@/components/widgets/shared/support/tabs/BrandVideoTutorials"[39m[33m;[39m
 [90m 25 |[39m [36mimport[39m { [33mBrandPlatformStatus[39m } [36mfrom[39m [32m"@/components/widgets/shared/support/tabs/BrandPlatformStatus"[39m[33m;[39m
 [90m 26 |[39m [36mimport[39m { [33mBrandFeatureRequests[39m } [36mfrom[39m [32m"@/components/widgets/shared/support/tabs/BrandFeatureRequests"[39m[33m;[39m[0m

The export BrandFAQSection was not found in module [project]/src/components/widgets/shared/support/tabs/BrandFAQSection.tsx [app-ssr] (ecmascript).
Did you mean to import FAQSection?
All exports of the module are statically known (It doesn't have dynamic exports). So it's known statically that the requested export doesn't exist.

Import traces:
  Client Component Browser:
    ./src/app/(dashboard)/support/page.tsx [Client Component Browser]
    ./src/app/(dashboard)/support/page.tsx [Server Component]

  Client Component SSR:
    ./src/app/(dashboard)/support/page.tsx [Client Component SSR]
    ./src/app/(dashboard)/support/page.tsx [Server Component]


./src/app/(dashboard)/support/page.tsx:26:1
Export BrandFeatureRequests doesn't exist in target module
[0m [90m 24 |[39m [36mimport[39m { [33mBrandVideoTutorials[39m } [36mfrom[39m [32m"@/components/widgets/shared/support/tabs/BrandVideoTutorials"[39m[33m;[39m
 [90m 25 |[39m [36mimport[39m { [33mBrandPlatformStatus[39m } [36mfrom[39m [32m"@/components/widgets/shared/support/tabs/BrandPlatformStatus"[39m[33m;[39m
[31m[1m>[22m[39m[90m 26 |[39m [36mimport[39m { [33mBrandFeatureRequests[39m } [36mfrom[39m [32m"@/components/widgets/shared/support/tabs/BrandFeatureRequests"[39m[33m;[39m
 [90m    |[39m [31m[1m^[22m[39m[31m[1m^[22m[39m[31m[1m^[22m[39m[31m[1m^[22m[39m[31m[1m^[22m[39m[31m[1m^[22m[39m[31m[1m^[22m[39m[31m[1m^[22m[39m[31m[1m^[22m[39m[31m[1m^[22m[39m[31m[1m^[22m[39m[31m[1m^[22m[39m[31m[1m^[22m[39m[31m[1m^[22m[39m[31m[1m^[22m[39m[31m[1m^[22m[39m[31m[1m^[22m[39m[31m[1m^[22m[39m[31m[1m^[22m[39m[31m[1m^[22m[39m[31m[1m^[22m[39m[31m[1m^[22m[39m[31m[1m^[22m[39m[31m[1m^[22m[39m[31m[1m^[22m[39m[31m[1m^[22m[39m[31m[1m^[22m[39m[31m[1m^[22m[39m[31m[1m^[22m[39m[31m[1m^[22m[39m[31m[1m^[22m[39m[31m[1m^[22m[39m[31m[1m^[22m[39m[31m[1m^[22m[39m[31m[1m^[22m[39m[31m[1m^[22m[39m[31m[1m^[22m[39m[31m[1m^[22m[39m[31m[1m^[22m[39m[31m[1m^[22m[39m[31m[1m^[22m[39m[31m[1m^[22m[39m[31m[1m^[22m[39m[31m[1m^[22m[39m[31m[1m^[22m[39m[31m[1m^[22m[39m[31m[1m^[22m[39m[31m[1m^[22m[39m[31m[1m^[22m[39m[31m[1m^[22m[39m[31m[1m^[22m[39m[31m[1m^[22m[39m[31m[1m^[22m[39m[31m[1m^[22m[39m[31m[1m^[22m[39m[31m[1m^[22m[39m[31m[1m^[22m[39m[31m[1m^[22m[39m[31m[1m^[22m[39m[31m[1m^[22m[39m[31m[1m^[22m[39m[31m[1m^[22m[39m[31m[1m^[22m[39m[31m[1m^[22m[39m[31m[1m^[22m[39m[31m[1m^[22m[39m[31m[1m^[22m[39m[31m[1m^[22m[39m[31m[1m^[22m[39m[31m[1m^[22m[39m[31m[1m^[22m[39m[31m[1m^[22m[39m[31m[1m^[22m[39m[31m[1m^[22m[39m[31m[1m^[22m[39m[31m[1m^[22m[39m[31m[1m^[22m[39m[31m[1m^[22m[39m[31m[1m^[22m[39m[31m[1m^[22m[39m[31m[1m^[22m[39m[31m[1m^[22m[39m[31m[1m^[22m[39m[31m[1m^[22m[39m[31m[1m^[22m[39m[31m[1m^[22m[39m[31m[1m^[22m[39m[31m[1m^[22m[39m[31m[1m^[22m[39m[31m[1m^[22m[39m[31m[1m^[22m[39m[31m[1m^[22m[39m[31m[1m^[22m[39m[31m[1m^[22m[39m[31m[1m^[22m[39m[31m[1m^[22m[39m[31m[1m^[22m[39m[31m[1m^[22m[39m[31m[1m^[22m[39m[31m[1m^[22m[39m[31m[1m^[22m[39m
 [90m 27 |[39m
 [90m 28 |[39m [36mfunction[39m [33mCreatorSupportContent[39m() {
 [90m 29 |[39m     [36mconst[39m router [33m=[39m useRouter()[33m;[39m[0m

The export BrandFeatureRequests was not found in module [project]/src/components/widgets/shared/support/tabs/BrandFeatureRequests.tsx [app-client] (ecmascript).
Did you mean to import FeatureRequests?
All exports of the module are statically known (It doesn't have dynamic exports). So it's known statically that the requested export doesn't exist.

Import traces:
  Client Component Browser:
    ./src/app/(dashboard)/support/page.tsx [Client Component Browser]
    ./src/app/(dashboard)/support/page.tsx [Server Component]

  Client Component SSR:
    ./src/app/(dashboard)/support/page.tsx [Client Component SSR]
    ./src/app/(dashboard)/support/page.tsx [Server Component]


./src/app/(dashboard)/support/page.tsx:26:1
Export BrandFeatureRequests doesn't exist in target module
[0m [90m 24 |[39m [36mimport[39m { [33mBrandVideoTutorials[39m } [36mfrom[39m [32m"@/components/widgets/shared/support/tabs/BrandVideoTutorials"[39m[33m;[39m
 [90m 25 |[39m [36mimport[39m { [33mBrandPlatformStatus[39m } [36mfrom[39m [32m"@/components/widgets/shared/support/tabs/BrandPlatformStatus"[39m[33m;[39m
[31m[1m>[22m[39m[90m 26 |[39m [36mimport[39m { [33mBrandFeatureRequests[39m } [36mfrom[39m [32m"@/components/widgets/shared/support/tabs/BrandFeatureRequests"[39m[33m;[39m
 [90m    |[39m [31m[1m^[22m[39m[31m[1m^[22m[39m[31m[1m^[22m[39m[31m[1m^[22m[39m[31m[1m^[22m[39m[31m[1m^[22m[39m[31m[1m^[22m[39m[31m[1m^[22m[39m[31m[1m^[22m[39m[31m[1m^[22m[39m[31m[1m^[22m[39m[31m[1m^[22m[39m[31m[1m^[22m[39m[31m[1m^[22m[39m[31m[1m^[22m[39m[31m[1m^[22m[39m[31m[1m^[22m[39m[31m[1m^[22m[39m[31m[1m^[22m[39m[31m[1m^[22m[39m[31m[1m^[22m[39m[31m[1m^[22m[39m[31m[1m^[22m[39m[31m[1m^[22m[39m[31m[1m^[22m[39m[31m[1m^[22m[39m[31m[1m^[22m[39m[31m[1m^[22m[39m[31m[1m^[22m[39m[31m[1m^[22m[39m[31m[1m^[22m[39m[31m[1m^[22m[39m[31m[1m^[22m[39m[31m[1m^[22m[39m[31m[1m^[22m[39m[31m[1m^[22m[39m[31m[1m^[22m[39m[31m[1m^[22m[39m[31m[1m^[22m[39m[31m[1m^[22m[39m[31m[1m^[22m[39m[31m[1m^[22m[39m[31m[1m^[22m[39m[31m[1m^[22m[39m[31m[1m^[22m[39m[31m[1m^[22m[39m[31m[1m^[22m[39m[31m[1m^[22m[39m[31m[1m^[22m[39m[31m[1m^[22m[39m[31m[1m^[22m[39m[31m[1m^[22m[39m[31m[1m^[22m[39m[31m[1m^[22m[39m[31m[1m^[22m[39m[31m[1m^[22m[39m[31m[1m^[22m[39m[31m[1m^[22m[39m[31m[1m^[22m[39m[31m[1m^[22m[39m[31m[1m^[22m[39m[31m[1m^[22m[39m[31m[1m^[22m[39m[31m[1m^[22m[39m[31m[1m^[22m[39m[31m[1m^[22m[39m[31m[1m^[22m[39m[31m[1m^[22m[39m[31m[1m^[22m[39m[31m[1m^[22m[39m[31m[1m^[22m[39m[31m[1m^[22m[39m[31m[1m^[22m[39m[31m[1m^[22m[39m[31m[1m^[22m[39m[31m[1m^[22m[39m[31m[1m^[22m[39m[31m[1m^[22m[39m[31m[1m^[22m[39m[31m[1m^[22m[39m[31m[1m^[22m[39m[31m[1m^[22m[39m[31m[1m^[22m[39m[31m[1m^[22m[39m[31m[1m^[22m[39m[31m[1m^[22m[39m[31m[1m^[22m[39m[31m[1m^[22m[39m[31m[1m^[22m[39m[31m[1m^[22m[39m[31m[1m^[22m[39m[31m[1m^[22m[39m[31m[1m^[22m[39m[31m[1m^[22m[39m[31m[1m^[22m[39m[31m[1m^[22m[39m[31m[1m^[22m[39m[31m[1m^[22m[39m[31m[1m^[22m[39m[31m[1m^[22m[39m[31m[1m^[22m[39m
 [90m 27 |[39m
 [90m 28 |[39m [36mfunction[39m [33mCreatorSupportContent[39m() {
 [90m 29 |[39m     [36mconst[39m router [33m=[39m useRouter()[33m;[39m[0m

The export BrandFeatureRequests was not found in module [project]/src/components/widgets/shared/support/tabs/BrandFeatureRequests.tsx [app-ssr] (ecmascript).
Did you mean to import FeatureRequests?
All exports of the module are statically known (It doesn't have dynamic exports). So it's known statically that the requested export doesn't exist.

Import traces:
  Client Component Browser:
    ./src/app/(dashboard)/support/page.tsx [Client Component Browser]
    ./src/app/(dashboard)/support/page.tsx [Server Component]

  Client Component SSR:
    ./src/app/(dashboard)/support/page.tsx [Client Component SSR]
    ./src/app/(dashboard)/support/page.tsx [Server Component]


./src/app/(dashboard)/finance/page.tsx:17:1
Export BrandFinanceShell doesn't exist in target module
[0m [90m 15 |[39m
 [90m 16 |[39m [90m// Brand Imports[39m
[31m[1m>[22m[39m[90m 17 |[39m [36mimport[39m { [33mBrandFinanceShell[39m } [36mfrom[39m [32m"@/components/widgets/shared/finance/BrandFinanceShell"[39m[33m;[39m
 [90m    |[39m [31m[1m^[22m[39m[31m[1m^[22m[39m[31m[1m^[22m[39m[31m[1m^[22m[39m[31m[1m^[22m[39m[31m[1m^[22m[39m[31m[1m^[22m[39m[31m[1m^[22m[39m[31m[1m^[22m[39m[31m[1m^[22m[39m[31m[1m^[22m[39m[31m[1m^[22m[39m[31m[1m^[22m[39m[31m[1m^[22m[39m[31m[1m^[22m[39m[31m[1m^[22m[39m[31m[1m^[22m[39m[31m[1m^[22m[39m[31m[1m^[22m[39m[31m[1m^[22m[39m[31m[1m^[22m[39m[31m[1m^[22m[39m[31m[1m^[22m[39m[31m[1m^[22m[39m[31m[1m^[22m[39m[31m[1m^[22m[39m[31m[1m^[22m[39m[31m[1m^[22m[39m[31m[1m^[22m[39m[31m[1m^[22m[39m[31m[1m^[22m[39m[31m[1m^[22m[39m[31m[1m^[22m[39m[31m[1m^[22m[39m[31m[1m^[22m[39m[31m[1m^[22m[39m[31m[1m^[22m[39m[31m[1m^[22m[39m[31m[1m^[22m[39m[31m[1m^[22m[39m[31m[1m^[22m[39m[31m[1m^[22m[39m[31m[1m^[22m[39m[31m[1m^[22m[39m[31m[1m^[22m[39m[31m[1m^[22m[39m[31m[1m^[22m[39m[31m[1m^[22m[39m[31m[1m^[22m[39m[31m[1m^[22m[39m[31m[1m^[22m[39m[31m[1m^[22m[39m[31m[1m^[22m[39m[31m[1m^[22m[39m[31m[1m^[22m[39m[31m[1m^[22m[39m[31m[1m^[22m[39m[31m[1m^[22m[39m[31m[1m^[22m[39m[31m[1m^[22m[39m[31m[1m^[22m[39m[31m[1m^[22m[39m[31m[1m^[22m[39m[31m[1m^[22m[39m[31m[1m^[22m[39m[31m[1m^[22m[39m[31m[1m^[22m[39m[31m[1m^[22m[39m[31m[1m^[22m[39m[31m[1m^[22m[39m[31m[1m^[22m[39m[31m[1m^[22m[39m[31m[1m^[22m[39m[31m[1m^[22m[39m[31m[1m^[22m[39m[31m[1m^[22m[39m[31m[1m^[22m[39m[31m[1m^[22m[39m[31m[1m^[22m[39m[31m[1m^[22m[39m[31m[1m^[22m[39m[31m[1m^[22m[39m[31m[1m^[22m[39m[31m[1m^[22m[39m[31m[1m^[22m[39m[31m[1m^[22m[39m[31m[1m^[22m[39m[31m[1m^[22m[39m[31m[1m^[22m[39m[31m[1m^[22m[39m
 [90m 18 |[39m [36mimport[39m { [33mBrandOverviewTab[39m } [36mfrom[39m [32m"@/components/widgets/shared/finance/tabs/BrandOverviewTab"[39m[33m;[39m
 [90m 19 |[39m [36mimport[39m { [33mPaymentsTab[39m } [36mfrom[39m [32m"@/components/widgets/shared/finance/tabs/PaymentsTab"[39m[33m;[39m
 [90m 20 |[39m [36mimport[39m { [33mHistoryTab[39m } [36mfrom[39m [32m"@/components/widgets/shared/finance/tabs/HistoryTab"[39m[33m;[39m[0m

The export BrandFinanceShell was not found in module [project]/src/components/widgets/shared/finance/BrandFinanceShell.tsx [app-client] (ecmascript).
Did you mean to import FinanceShell?
All exports of the module are statically known (It doesn't have dynamic exports). So it's known statically that the requested export doesn't exist.

Import traces:
  Client Component Browser:
    ./src/app/(dashboard)/finance/page.tsx [Client Component Browser]
    ./src/app/(dashboard)/finance/page.tsx [Server Component]

  Client Component SSR:
    ./src/app/(dashboard)/finance/page.tsx [Client Component SSR]
    ./src/app/(dashboard)/finance/page.tsx [Server Component]


./src/app/(dashboard)/finance/page.tsx:17:1
Export BrandFinanceShell doesn't exist in target module
[0m [90m 15 |[39m
 [90m 16 |[39m [90m// Brand Imports[39m
[31m[1m>[22m[39m[90m 17 |[39m [36mimport[39m { [33mBrandFinanceShell[39m } [36mfrom[39m [32m"@/components/widgets/shared/finance/BrandFinanceShell"[39m[33m;[39m
 [90m    |[39m [31m[1m^[22m[39m[31m[1m^[22m[39m[31m[1m^[22m[39m[31m[1m^[22m[39m[31m[1m^[22m[39m[31m[1m^[22m[39m[31m[1m^[22m[39m[31m[1m^[22m[39m[31m[1m^[22m[39m[31m[1m^[22m[39m[31m[1m^[22m[39m[31m[1m^[22m[39m[31m[1m^[22m[39m[31m[1m^[22m[39m[31m[1m^[22m[39m[31m[1m^[22m[39m[31m[1m^[22m[39m[31m[1m^[22m[39m[31m[1m^[22m[39m[31m[1m^[22m[39m[31m[1m^[22m[39m[31m[1m^[22m[39m[31m[1m^[22m[39m[31m[1m^[22m[39m[31m[1m^[22m[39m[31m[1m^[22m[39m[31m[1m^[22m[39m[31m[1m^[22m[39m[31m[1m^[22m[39m[31m[1m^[22m[39m[31m[1m^[22m[39m[31m[1m^[22m[39m[31m[1m^[22m[39m[31m[1m^[22m[39m[31m[1m^[22m[39m[31m[1m^[22m[39m[31m[1m^[22m[39m[31m[1m^[22m[39m[31m[1m^[22m[39m[31m[1m^[22m[39m[31m[1m^[22m[39m[31m[1m^[22m[39m[31m[1m^[22m[39m[31m[1m^[22m[39m[31m[1m^[22m[39m[31m[1m^[22m[39m[31m[1m^[22m[39m[31m[1m^[22m[39m[31m[1m^[22m[39m[31m[1m^[22m[39m[31m[1m^[22m[39m[31m[1m^[22m[39m[31m[1m^[22m[39m[31m[1m^[22m[39m[31m[1m^[22m[39m[31m[1m^[22m[39m[31m[1m^[22m[39m[31m[1m^[22m[39m[31m[1m^[22m[39m[31m[1m^[22m[39m[31m[1m^[22m[39m[31m[1m^[22m[39m[31m[1m^[22m[39m[31m[1m^[22m[39m[31m[1m^[22m[39m[31m[1m^[22m[39m[31m[1m^[22m[39m[31m[1m^[22m[39m[31m[1m^[22m[39m[31m[1m^[22m[39m[31m[1m^[22m[39m[31m[1m^[22m[39m[31m[1m^[22m[39m[31m[1m^[22m[39m[31m[1m^[22m[39m[31m[1m^[22m[39m[31m[1m^[22m[39m[31m[1m^[22m[39m[31m[1m^[22m[39m[31m[1m^[22m[39m[31m[1m^[22m[39m[31m[1m^[22m[39m[31m[1m^[22m[39m[31m[1m^[22m[39m[31m[1m^[22m[39m[31m[1m^[22m[39m[31m[1m^[22m[39m[31m[1m^[22m[39m[31m[1m^[22m[39m[31m[1m^[22m[39m
 [90m 18 |[39m [36mimport[39m { [33mBrandOverviewTab[39m } [36mfrom[39m [32m"@/components/widgets/shared/finance/tabs/BrandOverviewTab"[39m[33m;[39m
 [90m 19 |[39m [36mimport[39m { [33mPaymentsTab[39m } [36mfrom[39m [32m"@/components/widgets/shared/finance/tabs/PaymentsTab"[39m[33m;[39m
 [90m 20 |[39m [36mimport[39m { [33mHistoryTab[39m } [36mfrom[39m [32m"@/components/widgets/shared/finance/tabs/HistoryTab"[39m[33m;[39m[0m

The export BrandFinanceShell was not found in module [project]/src/components/widgets/shared/finance/BrandFinanceShell.tsx [app-ssr] (ecmascript).
Did you mean to import FinanceShell?
All exports of the module are statically known (It doesn't have dynamic exports). So it's known statically that the requested export doesn't exist.

Import traces:
  Client Component Browser:
    ./src/app/(dashboard)/finance/page.tsx [Client Component Browser]
    ./src/app/(dashboard)/finance/page.tsx [Server Component]

  Client Component SSR:
    ./src/app/(dashboard)/finance/page.tsx [Client Component SSR]
    ./src/app/(dashboard)/finance/page.tsx [Server Component]


./src/app/(dashboard)/settings/page.tsx:27:1
Export BrandIntegrationSettings doesn't exist in target module
[0m [90m 25 |[39m [36mimport[39m { [33mBrandPaymentSettings[39m } [36mfrom[39m [32m"@/components/widgets/shared/settings/sections/BrandPaymentSettings"[39m[33m;[39m
 [90m 26 |[39m [36mimport[39m { [33mBrandSubscriptionSettings[39m } [36mfrom[39m [32m"@/components/widgets/shared/settings/sections/BrandSubscriptionSettings"[39m[33m;[39m
[31m[1m>[22m[39m[90m 27 |[39m [36mimport[39m { [33mBrandIntegrationSettings[39m } [36mfrom[39m [32m"@/components/widgets/shared/settings/sections/BrandIntegrationSettings"[39m[33m;[39m
 [90m    |[39m [31m[1m^[22m[39m[31m[1m^[22m[39m[31m[1m^[22m[39m[31m[1m^[22m[39m[31m[1m^[22m[39m[31m[1m^[22m[39m[31m[1m^[22m[39m[31m[1m^[22m[39m[31m[1m^[22m[39m[31m[1m^[22m[39m[31m[1m^[22m[39m[31m[1m^[22m[39m[31m[1m^[22m[39m[31m[1m^[22m[39m[31m[1m^[22m[39m[31m[1m^[22m[39m[31m[1m^[22m[39m[31m[1m^[22m[39m[31m[1m^[22m[39m[31m[1m^[22m[39m[31m[1m^[22m[39m[31m[1m^[22m[39m[31m[1m^[22m[39m[31m[1m^[22m[39m[31m[1m^[22m[39m[31m[1m^[22m[39m[31m[1m^[22m[39m[31m[1m^[22m[39m[31m[1m^[22m[39m[31m[1m^[22m[39m[31m[1m^[22m[39m[31m[1m^[22m[39m[31m[1m^[22m[39m[31m[1m^[22m[39m[31m[1m^[22m[39m[31m[1m^[22m[39m[31m[1m^[22m[39m[31m[1m^[22m[39m[31m[1m^[22m[39m[31m[1m^[22m[39m[31m[1m^[22m[39m[31m[1m^[22m[39m[31m[1m^[22m[39m[31m[1m^[22m[39m[31m[1m^[22m[39m[31m[1m^[22m[39m[31m[1m^[22m[39m[31m[1m^[22m[39m[31m[1m^[22m[39m[31m[1m^[22m[39m[31m[1m^[22m[39m[31m[1m^[22m[39m[31m[1m^[22m[39m[31m[1m^[22m[39m[31m[1m^[22m[39m[31m[1m^[22m[39m[31m[1m^[22m[39m[31m[1m^[22m[39m[31m[1m^[22m[39m[31m[1m^[22m[39m[31m[1m^[22m[39m[31m[1m^[22m[39m[31m[1m^[22m[39m[31m[1m^[22m[39m[31m[1m^[22m[39m[31m[1m^[22m[39m[31m[1m^[22m[39m[31m[1m^[22m[39m[31m[1m^[22m[39m[31m[1m^[22m[39m[31m[1m^[22m[39m[31m[1m^[22m[39m[31m[1m^[22m[39m[31m[1m^[22m[39m[31m[1m^[22m[39m[31m[1m^[22m[39m[31m[1m^[22m[39m[31m[1m^[22m[39m[31m[1m^[22m[39m[31m[1m^[22m[39m[31m[1m^[22m[39m[31m[1m^[22m[39m[31m[1m^[22m[39m[31m[1m^[22m[39m[31m[1m^[22m[39m[31m[1m^[22m[39m[31m[1m^[22m[39m[31m[1m^[22m[39m[31m[1m^[22m[39m[31m[1m^[22m[39m[31m[1m^[22m[39m[31m[1m^[22m[39m[31m[1m^[22m[39m[31m[1m^[22m[39m[31m[1m^[22m[39m[31m[1m^[22m[39m[31m[1m^[22m[39m[31m[1m^[22m[39m[31m[1m^[22m[39m[31m[1m^[22m[39m[31m[1m^[22m[39m[31m[1m^[22m[39m[31m[1m^[22m[39m[31m[1m^[22m[39m[31m[1m^[22m[39m[31m[1m^[22m[39m[31m[1m^[22m[39m[31m[1m^[22m[39m[31m[1m^[22m[39m[31m[1m^[22m[39m[31m[1m^[22m[39m[31m[1m^[22m[39m[31m[1m^[22m[39m[31m[1m^[22m[39m
 [90m 28 |[39m [36mimport[39m { [33mBrandPrivacySettings[39m } [36mfrom[39m [32m"@/components/widgets/shared/settings/sections/BrandPrivacySettings"[39m[33m;[39m
 [90m 29 |[39m [36mimport[39m { [33mBrandPreferenceSettings[39m } [36mfrom[39m [32m"@/components/widgets/shared/settings/sections/BrandPreferenceSettings"[39m[33m;[39m
 [90m 30 |[39m [36mimport[39m { [33mBlockedCreators[39m } [36mfrom[39m [32m"@/components/widgets/shared/settings/sections/BlockedCreators"[39m[33m;[39m[0m

The export BrandIntegrationSettings was not found in module [project]/src/components/widgets/shared/settings/sections/BrandIntegrationSettings.tsx [app-client] (ecmascript).
Did you mean to import IntegrationSettings?
All exports of the module are statically known (It doesn't have dynamic exports). So it's known statically that the requested export doesn't exist.

Import traces:
  Client Component Browser:
    ./src/app/(dashboard)/settings/page.tsx [Client Component Browser]
    ./src/app/(dashboard)/settings/page.tsx [Server Component]

  Client Component SSR:
    ./src/app/(dashboard)/settings/page.tsx [Client Component SSR]
    ./src/app/(dashboard)/settings/page.tsx [Server Component]


./src/app/(dashboard)/settings/page.tsx:27:1
Export BrandIntegrationSettings doesn't exist in target module
[0m [90m 25 |[39m [36mimport[39m { [33mBrandPaymentSettings[39m } [36mfrom[39m [32m"@/components/widgets/shared/settings/sections/BrandPaymentSettings"[39m[33m;[39m
 [90m 26 |[39m [36mimport[39m { [33mBrandSubscriptionSettings[39m } [36mfrom[39m [32m"@/components/widgets/shared/settings/sections/BrandSubscriptionSettings"[39m[33m;[39m
[31m[1m>[22m[39m[90m 27 |[39m [36mimport[39m { [33mBrandIntegrationSettings[39m } [36mfrom[39m [32m"@/components/widgets/shared/settings/sections/BrandIntegrationSettings"[39m[33m;[39m
 [90m    |[39m [31m[1m^[22m[39m[31m[1m^[22m[39m[31m[1m^[22m[39m[31m[1m^[22m[39m[31m[1m^[22m[39m[31m[1m^[22m[39m[31m[1m^[22m[39m[31m[1m^[22m[39m[31m[1m^[22m[39m[31m[1m^[22m[39m[31m[1m^[22m[39m[31m[1m^[22m[39m[31m[1m^[22m[39m[31m[1m^[22m[39m[31m[1m^[22m[39m[31m[1m^[22m[39m[31m[1m^[22m[39m[31m[1m^[22m[39m[31m[1m^[22m[39m[31m[1m^[22m[39m[31m[1m^[22m[39m[31m[1m^[22m[39m[31m[1m^[22m[39m[31m[1m^[22m[39m[31m[1m^[22m[39m[31m[1m^[22m[39m[31m[1m^[22m[39m[31m[1m^[22m[39m[31m[1m^[22m[39m[31m[1m^[22m[39m[31m[1m^[22m[39m[31m[1m^[22m[39m[31m[1m^[22m[39m[31m[1m^[22m[39m[31m[1m^[22m[39m[31m[1m^[22m[39m[31m[1m^[22m[39m[31m[1m^[22m[39m[31m[1m^[22m[39m[31m[1m^[22m[39m[31m[1m^[22m[39m[31m[1m^[22m[39m[31m[1m^[22m[39m[31m[1m^[22m[39m[31m[1m^[22m[39m[31m[1m^[22m[39m[31m[1m^[22m[39m[31m[1m^[22m[39m[31m[1m^[22m[39m[31m[1m^[22m[39m[31m[1m^[22m[39m[31m[1m^[22m[39m[31m[1m^[22m[39m[31m[1m^[22m[39m[31m[1m^[22m[39m[31m[1m^[22m[39m[31m[1m^[22m[39m[31m[1m^[22m[39m[31m[1m^[22m[39m[31m[1m^[22m[39m[31m[1m^[22m[39m[31m[1m^[22m[39m[31m[1m^[22m[39m[31m[1m^[22m[39m[31m[1m^[22m[39m[31m[1m^[22m[39m[31m[1m^[22m[39m[31m[1m^[22m[39m[31m[1m^[22m[39m[31m[1m^[22m[39m[31m[1m^[22m[39m[31m[1m^[22m[39m[31m[1m^[22m[39m[31m[1m^[22m[39m[31m[1m^[22m[39m[31m[1m^[22m[39m[31m[1m^[22m[39m[31m[1m^[22m[39m[31m[1m^[22m[39m[31m[1m^[22m[39m[31m[1m^[22m[39m[31m[1m^[22m[39m[31m[1m^[22m[39m[31m[1m^[22m[39m[31m[1m^[22m[39m[31m[1m^[22m[39m[31m[1m^[22m[39m[31m[1m^[22m[39m[31m[1m^[22m[39m[31m[1m^[22m[39m[31m[1m^[22m[39m[31m[1m^[22m[39m[31m[1m^[22m[39m[31m[1m^[22m[39m[31m[1m^[22m[39m[31m[1m^[22m[39m[31m[1m^[22m[39m[31m[1m^[22m[39m[31m[1m^[22m[39m[31m[1m^[22m[39m[31m[1m^[22m[39m[31m[1m^[22m[39m[31m[1m^[22m[39m[31m[1m^[22m[39m[31m[1m^[22m[39m[31m[1m^[22m[39m[31m[1m^[22m[39m[31m[1m^[22m[39m[31m[1m^[22m[39m[31m[1m^[22m[39m[31m[1m^[22m[39m[31m[1m^[22m[39m[31m[1m^[22m[39m[31m[1m^[22m[39m
 [90m 28 |[39m [36mimport[39m { [33mBrandPrivacySettings[39m } [36mfrom[39m [32m"@/components/widgets/shared/settings/sections/BrandPrivacySettings"[39m[33m;[39m
 [90m 29 |[39m [36mimport[39m { [33mBrandPreferenceSettings[39m } [36mfrom[39m [32m"@/components/widgets/shared/settings/sections/BrandPreferenceSettings"[39m[33m;[39m
 [90m 30 |[39m [36mimport[39m { [33mBlockedCreators[39m } [36mfrom[39m [32m"@/components/widgets/shared/settings/sections/BlockedCreators"[39m[33m;[39m[0m

The export BrandIntegrationSettings was not found in module [project]/src/components/widgets/shared/settings/sections/BrandIntegrationSettings.tsx [app-ssr] (ecmascript).
Did you mean to import IntegrationSettings?
All exports of the module are statically known (It doesn't have dynamic exports). So it's known statically that the requested export doesn't exist.

Import traces:
  Client Component Browser:
    ./src/app/(dashboard)/settings/page.tsx [Client Component Browser]
    ./src/app/(dashboard)/settings/page.tsx [Server Component]

  Client Component SSR:
    ./src/app/(dashboard)/settings/page.tsx [Client Component SSR]
    ./src/app/(dashboard)/settings/page.tsx [Server Component]


./src/app/(dashboard)/finance/page.tsx:21:1
Export BrandInvoicesTab doesn't exist in target module
[0m [90m 19 |[39m [36mimport[39m { [33mPaymentsTab[39m } [36mfrom[39m [32m"@/components/widgets/shared/finance/tabs/PaymentsTab"[39m[33m;[39m
 [90m 20 |[39m [36mimport[39m { [33mHistoryTab[39m } [36mfrom[39m [32m"@/components/widgets/shared/finance/tabs/HistoryTab"[39m[33m;[39m
[31m[1m>[22m[39m[90m 21 |[39m [36mimport[39m { [33mBrandInvoicesTab[39m } [36mfrom[39m [32m"@/components/widgets/shared/finance/tabs/BrandInvoicesTab"[39m[33m;[39m
 [90m    |[39m [31m[1m^[22m[39m[31m[1m^[22m[39m[31m[1m^[22m[39m[31m[1m^[22m[39m[31m[1m^[22m[39m[31m[1m^[22m[39m[31m[1m^[22m[39m[31m[1m^[22m[39m[31m[1m^[22m[39m[31m[1m^[22m[39m[31m[1m^[22m[39m[31m[1m^[22m[39m[31m[1m^[22m[39m[31m[1m^[22m[39m[31m[1m^[22m[39m[31m[1m^[22m[39m[31m[1m^[22m[39m[31m[1m^[22m[39m[31m[1m^[22m[39m[31m[1m^[22m[39m[31m[1m^[22m[39m[31m[1m^[22m[39m[31m[1m^[22m[39m[31m[1m^[22m[39m[31m[1m^[22m[39m[31m[1m^[22m[39m[31m[1m^[22m[39m[31m[1m^[22m[39m[31m[1m^[22m[39m[31m[1m^[22m[39m[31m[1m^[22m[39m[31m[1m^[22m[39m[31m[1m^[22m[39m[31m[1m^[22m[39m[31m[1m^[22m[39m[31m[1m^[22m[39m[31m[1m^[22m[39m[31m[1m^[22m[39m[31m[1m^[22m[39m[31m[1m^[22m[39m[31m[1m^[22m[39m[31m[1m^[22m[39m[31m[1m^[22m[39m[31m[1m^[22m[39m[31m[1m^[22m[39m[31m[1m^[22m[39m[31m[1m^[22m[39m[31m[1m^[22m[39m[31m[1m^[22m[39m[31m[1m^[22m[39m[31m[1m^[22m[39m[31m[1m^[22m[39m[31m[1m^[22m[39m[31m[1m^[22m[39m[31m[1m^[22m[39m[31m[1m^[22m[39m[31m[1m^[22m[39m[31m[1m^[22m[39m[31m[1m^[22m[39m[31m[1m^[22m[39m[31m[1m^[22m[39m[31m[1m^[22m[39m[31m[1m^[22m[39m[31m[1m^[22m[39m[31m[1m^[22m[39m[31m[1m^[22m[39m[31m[1m^[22m[39m[31m[1m^[22m[39m[31m[1m^[22m[39m[31m[1m^[22m[39m[31m[1m^[22m[39m[31m[1m^[22m[39m[31m[1m^[22m[39m[31m[1m^[22m[39m[31m[1m^[22m[39m[31m[1m^[22m[39m[31m[1m^[22m[39m[31m[1m^[22m[39m[31m[1m^[22m[39m[31m[1m^[22m[39m[31m[1m^[22m[39m[31m[1m^[22m[39m[31m[1m^[22m[39m[31m[1m^[22m[39m[31m[1m^[22m[39m[31m[1m^[22m[39m[31m[1m^[22m[39m[31m[1m^[22m[39m[31m[1m^[22m[39m[31m[1m^[22m[39m[31m[1m^[22m[39m[31m[1m^[22m[39m[31m[1m^[22m[39m
 [90m 22 |[39m [36mimport[39m { [33mAlertsTab[39m } [36mfrom[39m [32m"@/components/widgets/shared/finance/tabs/AlertsTab"[39m[33m;[39m
 [90m 23 |[39m [36mimport[39m { [33mReportsTab[39m } [36mfrom[39m [32m"@/components/widgets/shared/finance/tabs/ReportsTab"[39m[33m;[39m
 [90m 24 |[39m [36mimport[39m { [33mBrandTaxTab[39m } [36mfrom[39m [32m"@/components/widgets/shared/finance/tabs/BrandTaxTab"[39m[33m;[39m[0m

The export BrandInvoicesTab was not found in module [project]/src/components/widgets/shared/finance/tabs/BrandInvoicesTab.tsx [app-client] (ecmascript).
Did you mean to import InvoicesTab?
All exports of the module are statically known (It doesn't have dynamic exports). So it's known statically that the requested export doesn't exist.

Import traces:
  Client Component Browser:
    ./src/app/(dashboard)/finance/page.tsx [Client Component Browser]
    ./src/app/(dashboard)/finance/page.tsx [Server Component]

  Client Component SSR:
    ./src/app/(dashboard)/finance/page.tsx [Client Component SSR]
    ./src/app/(dashboard)/finance/page.tsx [Server Component]


./src/app/(dashboard)/finance/page.tsx:21:1
Export BrandInvoicesTab doesn't exist in target module
[0m [90m 19 |[39m [36mimport[39m { [33mPaymentsTab[39m } [36mfrom[39m [32m"@/components/widgets/shared/finance/tabs/PaymentsTab"[39m[33m;[39m
 [90m 20 |[39m [36mimport[39m { [33mHistoryTab[39m } [36mfrom[39m [32m"@/components/widgets/shared/finance/tabs/HistoryTab"[39m[33m;[39m
[31m[1m>[22m[39m[90m 21 |[39m [36mimport[39m { [33mBrandInvoicesTab[39m } [36mfrom[39m [32m"@/components/widgets/shared/finance/tabs/BrandInvoicesTab"[39m[33m;[39m
 [90m    |[39m [31m[1m^[22m[39m[31m[1m^[22m[39m[31m[1m^[22m[39m[31m[1m^[22m[39m[31m[1m^[22m[39m[31m[1m^[22m[39m[31m[1m^[22m[39m[31m[1m^[22m[39m[31m[1m^[22m[39m[31m[1m^[22m[39m[31m[1m^[22m[39m[31m[1m^[22m[39m[31m[1m^[22m[39m[31m[1m^[22m[39m[31m[1m^[22m[39m[31m[1m^[22m[39m[31m[1m^[22m[39m[31m[1m^[22m[39m[31m[1m^[22m[39m[31m[1m^[22m[39m[31m[1m^[22m[39m[31m[1m^[22m[39m[31m[1m^[22m[39m[31m[1m^[22m[39m[31m[1m^[22m[39m[31m[1m^[22m[39m[31m[1m^[22m[39m[31m[1m^[22m[39m[31m[1m^[22m[39m[31m[1m^[22m[39m[31m[1m^[22m[39m[31m[1m^[22m[39m[31m[1m^[22m[39m[31m[1m^[22m[39m[31m[1m^[22m[39m[31m[1m^[22m[39m[31m[1m^[22m[39m[31m[1m^[22m[39m[31m[1m^[22m[39m[31m[1m^[22m[39m[31m[1m^[22m[39m[31m[1m^[22m[39m[31m[1m^[22m[39m[31m[1m^[22m[39m[31m[1m^[22m[39m[31m[1m^[22m[39m[31m[1m^[22m[39m[31m[1m^[22m[39m[31m[1m^[22m[39m[31m[1m^[22m[39m[31m[1m^[22m[39m[31m[1m^[22m[39m[31m[1m^[22m[39m[31m[1m^[22m[39m[31m[1m^[22m[39m[31m[1m^[22m[39m[31m[1m^[22m[39m[31m[1m^[22m[39m[31m[1m^[22m[39m[31m[1m^[22m[39m[31m[1m^[22m[39m[31m[1m^[22m[39m[31m[1m^[22m[39m[31m[1m^[22m[39m[31m[1m^[22m[39m[31m[1m^[22m[39m[31m[1m^[22m[39m[31m[1m^[22m[39m[31m[1m^[22m[39m[31m[1m^[22m[39m[31m[1m^[22m[39m[31m[1m^[22m[39m[31m[1m^[22m[39m[31m[1m^[22m[39m[31m[1m^[22m[39m[31m[1m^[22m[39m[31m[1m^[22m[39m[31m[1m^[22m[39m[31m[1m^[22m[39m[31m[1m^[22m[39m[31m[1m^[22m[39m[31m[1m^[22m[39m[31m[1m^[22m[39m[31m[1m^[22m[39m[31m[1m^[22m[39m[31m[1m^[22m[39m[31m[1m^[22m[39m[31m[1m^[22m[39m[31m[1m^[22m[39m[31m[1m^[22m[39m[31m[1m^[22m[39m[31m[1m^[22m[39m[31m[1m^[22m[39m
 [90m 22 |[39m [36mimport[39m { [33mAlertsTab[39m } [36mfrom[39m [32m"@/components/widgets/shared/finance/tabs/AlertsTab"[39m[33m;[39m
 [90m 23 |[39m [36mimport[39m { [33mReportsTab[39m } [36mfrom[39m [32m"@/components/widgets/shared/finance/tabs/ReportsTab"[39m[33m;[39m
 [90m 24 |[39m [36mimport[39m { [33mBrandTaxTab[39m } [36mfrom[39m [32m"@/components/widgets/shared/finance/tabs/BrandTaxTab"[39m[33m;[39m[0m

The export BrandInvoicesTab was not found in module [project]/src/components/widgets/shared/finance/tabs/BrandInvoicesTab.tsx [app-ssr] (ecmascript).
Did you mean to import InvoicesTab?
All exports of the module are statically known (It doesn't have dynamic exports). So it's known statically that the requested export doesn't exist.

Import traces:
  Client Component Browser:
    ./src/app/(dashboard)/finance/page.tsx [Client Component Browser]
    ./src/app/(dashboard)/finance/page.tsx [Server Component]

  Client Component SSR:
    ./src/app/(dashboard)/finance/page.tsx [Client Component SSR]
    ./src/app/(dashboard)/finance/page.tsx [Server Component]


./src/app/(dashboard)/settings/page.tsx:24:1
Export BrandNotificationSettings doesn't exist in target module
[0m [90m 22 |[39m [36mimport[39m { [33mBrandAccountSettings[39m } [36mfrom[39m [32m"@/components/widgets/shared/settings/sections/BrandAccountSettings"[39m[33m;[39m
 [90m 23 |[39m [36mimport[39m { [33mTeamManagement[39m } [36mfrom[39m [32m"@/components/widgets/shared/settings/sections/TeamManagement"[39m[33m;[39m
[31m[1m>[22m[39m[90m 24 |[39m [36mimport[39m { [33mBrandNotificationSettings[39m } [36mfrom[39m [32m"@/components/widgets/shared/settings/sections/BrandNotificationSettings"[39m[33m;[39m
 [90m    |[39m [31m[1m^[22m[39m[31m[1m^[22m[39m[31m[1m^[22m[39m[31m[1m^[22m[39m[31m[1m^[22m[39m[31m[1m^[22m[39m[31m[1m^[22m[39m[31m[1m^[22m[39m[31m[1m^[22m[39m[31m[1m^[22m[39m[31m[1m^[22m[39m[31m[1m^[22m[39m[31m[1m^[22m[39m[31m[1m^[22m[39m[31m[1m^[22m[39m[31m[1m^[22m[39m[31m[1m^[22m[39m[31m[1m^[22m[39m[31m[1m^[22m[39m[31m[1m^[22m[39m[31m[1m^[22m[39m[31m[1m^[22m[39m[31m[1m^[22m[39m[31m[1m^[22m[39m[31m[1m^[22m[39m[31m[1m^[22m[39m[31m[1m^[22m[39m[31m[1m^[22m[39m[31m[1m^[22m[39m[31m[1m^[22m[39m[31m[1m^[22m[39m[31m[1m^[22m[39m[31m[1m^[22m[39m[31m[1m^[22m[39m[31m[1m^[22m[39m[31m[1m^[22m[39m[31m[1m^[22m[39m[31m[1m^[22m[39m[31m[1m^[22m[39m[31m[1m^[22m[39m[31m[1m^[22m[39m[31m[1m^[22m[39m[31m[1m^[22m[39m[31m[1m^[22m[39m[31m[1m^[22m[39m[31m[1m^[22m[39m[31m[1m^[22m[39m[31m[1m^[22m[39m[31m[1m^[22m[39m[31m[1m^[22m[39m[31m[1m^[22m[39m[31m[1m^[22m[39m[31m[1m^[22m[39m[31m[1m^[22m[39m[31m[1m^[22m[39m[31m[1m^[22m[39m[31m[1m^[22m[39m[31m[1m^[22m[39m[31m[1m^[22m[39m[31m[1m^[22m[39m[31m[1m^[22m[39m[31m[1m^[22m[39m[31m[1m^[22m[39m[31m[1m^[22m[39m[31m[1m^[22m[39m[31m[1m^[22m[39m[31m[1m^[22m[39m[31m[1m^[22m[39m[31m[1m^[22m[39m[31m[1m^[22m[39m[31m[1m^[22m[39m[31m[1m^[22m[39m[31m[1m^[22m[39m[31m[1m^[22m[39m[31m[1m^[22m[39m[31m[1m^[22m[39m[31m[1m^[22m[39m[31m[1m^[22m[39m[31m[1m^[22m[39m[31m[1m^[22m[39m[31m[1m^[22m[39m[31m[1m^[22m[39m[31m[1m^[22m[39m[31m[1m^[22m[39m[31m[1m^[22m[39m[31m[1m^[22m[39m[31m[1m^[22m[39m[31m[1m^[22m[39m[31m[1m^[22m[39m[31m[1m^[22m[39m[31m[1m^[22m[39m[31m[1m^[22m[39m[31m[1m^[22m[39m[31m[1m^[22m[39m[31m[1m^[22m[39m[31m[1m^[22m[39m[31m[1m^[22m[39m[31m[1m^[22m[39m[31m[1m^[22m[39m[31m[1m^[22m[39m[31m[1m^[22m[39m[31m[1m^[22m[39m[31m[1m^[22m[39m[31m[1m^[22m[39m[31m[1m^[22m[39m[31m[1m^[22m[39m[31m[1m^[22m[39m[31m[1m^[22m[39m[31m[1m^[22m[39m[31m[1m^[22m[39m[31m[1m^[22m[39m[31m[1m^[22m[39m[31m[1m^[22m[39m[31m[1m^[22m[39m[31m[1m^[22m[39m[31m[1m^[22m[39m
 [90m 25 |[39m [36mimport[39m { [33mBrandPaymentSettings[39m } [36mfrom[39m [32m"@/components/widgets/shared/settings/sections/BrandPaymentSettings"[39m[33m;[39m
 [90m 26 |[39m [36mimport[39m { [33mBrandSubscriptionSettings[39m } [36mfrom[39m [32m"@/components/widgets/shared/settings/sections/BrandSubscriptionSettings"[39m[33m;[39m
 [90m 27 |[39m [36mimport[39m { [33mBrandIntegrationSettings[39m } [36mfrom[39m [32m"@/components/widgets/shared/settings/sections/BrandIntegrationSettings"[39m[33m;[39m[0m

The export BrandNotificationSettings was not found in module [project]/src/components/widgets/shared/settings/sections/BrandNotificationSettings.tsx [app-client] (ecmascript).
Did you mean to import NotificationSettings?
All exports of the module are statically known (It doesn't have dynamic exports). So it's known statically that the requested export doesn't exist.

Import traces:
  Client Component Browser:
    ./src/app/(dashboard)/settings/page.tsx [Client Component Browser]
    ./src/app/(dashboard)/settings/page.tsx [Server Component]

  Client Component SSR:
    ./src/app/(dashboard)/settings/page.tsx [Client Component SSR]
    ./src/app/(dashboard)/settings/page.tsx [Server Component]


./src/app/(dashboard)/settings/page.tsx:24:1
Export BrandNotificationSettings doesn't exist in target module
[0m [90m 22 |[39m [36mimport[39m { [33mBrandAccountSettings[39m } [36mfrom[39m [32m"@/components/widgets/shared/settings/sections/BrandAccountSettings"[39m[33m;[39m
 [90m 23 |[39m [36mimport[39m { [33mTeamManagement[39m } [36mfrom[39m [32m"@/components/widgets/shared/settings/sections/TeamManagement"[39m[33m;[39m
[31m[1m>[22m[39m[90m 24 |[39m [36mimport[39m { [33mBrandNotificationSettings[39m } [36mfrom[39m [32m"@/components/widgets/shared/settings/sections/BrandNotificationSettings"[39m[33m;[39m
 [90m    |[39m [31m[1m^[22m[39m[31m[1m^[22m[39m[31m[1m^[22m[39m[31m[1m^[22m[39m[31m[1m^[22m[39m[31m[1m^[22m[39m[31m[1m^[22m[39m[31m[1m^[22m[39m[31m[1m^[22m[39m[31m[1m^[22m[39m[31m[1m^[22m[39m[31m[1m^[22m[39m[31m[1m^[22m[39m[31m[1m^[22m[39m[31m[1m^[22m[39m[31m[1m^[22m[39m[31m[1m^[22m[39m[31m[1m^[22m[39m[31m[1m^[22m[39m[31m[1m^[22m[39m[31m[1m^[22m[39m[31m[1m^[22m[39m[31m[1m^[22m[39m[31m[1m^[22m[39m[31m[1m^[22m[39m[31m[1m^[22m[39m[31m[1m^[22m[39m[31m[1m^[22m[39m[31m[1m^[22m[39m[31m[1m^[22m[39m[31m[1m^[22m[39m[31m[1m^[22m[39m[31m[1m^[22m[39m[31m[1m^[22m[39m[31m[1m^[22m[39m[31m[1m^[22m[39m[31m[1m^[22m[39m[31m[1m^[22m[39m[31m[1m^[22m[39m[31m[1m^[22m[39m[31m[1m^[22m[39m[31m[1m^[22m[39m[31m[1m^[22m[39m[31m[1m^[22m[39m[31m[1m^[22m[39m[31m[1m^[22m[39m[31m[1m^[22m[39m[31m[1m^[22m[39m[31m[1m^[22m[39m[31m[1m^[22m[39m[31m[1m^[22m[39m[31m[1m^[22m[39m[31m[1m^[22m[39m[31m[1m^[22m[39m[31m[1m^[22m[39m[31m[1m^[22m[39m[31m[1m^[22m[39m[31m[1m^[22m[39m[31m[1m^[22m[39m[31m[1m^[22m[39m[31m[1m^[22m[39m[31m[1m^[22m[39m[31m[1m^[22m[39m[31m[1m^[22m[39m[31m[1m^[22m[39m[31m[1m^[22m[39m[31m[1m^[22m[39m[31m[1m^[22m[39m[31m[1m^[22m[39m[31m[1m^[22m[39m[31m[1m^[22m[39m[31m[1m^[22m[39m[31m[1m^[22m[39m[31m[1m^[22m[39m[31m[1m^[22m[39m[31m[1m^[22m[39m[31m[1m^[22m[39m[31m[1m^[22m[39m[31m[1m^[22m[39m[31m[1m^[22m[39m[31m[1m^[22m[39m[31m[1m^[22m[39m[31m[1m^[22m[39m[31m[1m^[22m[39m[31m[1m^[22m[39m[31m[1m^[22m[39m[31m[1m^[22m[39m[31m[1m^[22m[39m[31m[1m^[22m[39m[31m[1m^[22m[39m[31m[1m^[22m[39m[31m[1m^[22m[39m[31m[1m^[22m[39m[31m[1m^[22m[39m[31m[1m^[22m[39m[31m[1m^[22m[39m[31m[1m^[22m[39m[31m[1m^[22m[39m[31m[1m^[22m[39m[31m[1m^[22m[39m[31m[1m^[22m[39m[31m[1m^[22m[39m[31m[1m^[22m[39m[31m[1m^[22m[39m[31m[1m^[22m[39m[31m[1m^[22m[39m[31m[1m^[22m[39m[31m[1m^[22m[39m[31m[1m^[22m[39m[31m[1m^[22m[39m[31m[1m^[22m[39m[31m[1m^[22m[39m[31m[1m^[22m[39m[31m[1m^[22m[39m[31m[1m^[22m[39m[31m[1m^[22m[39m
 [90m 25 |[39m [36mimport[39m { [33mBrandPaymentSettings[39m } [36mfrom[39m [32m"@/components/widgets/shared/settings/sections/BrandPaymentSettings"[39m[33m;[39m
 [90m 26 |[39m [36mimport[39m { [33mBrandSubscriptionSettings[39m } [36mfrom[39m [32m"@/components/widgets/shared/settings/sections/BrandSubscriptionSettings"[39m[33m;[39m
 [90m 27 |[39m [36mimport[39m { [33mBrandIntegrationSettings[39m } [36mfrom[39m [32m"@/components/widgets/shared/settings/sections/BrandIntegrationSettings"[39m[33m;[39m[0m

The export BrandNotificationSettings was not found in module [project]/src/components/widgets/shared/settings/sections/BrandNotificationSettings.tsx [app-ssr] (ecmascript).
Did you mean to import NotificationSettings?
All exports of the module are statically known (It doesn't have dynamic exports). So it's known statically that the requested export doesn't exist.

Import traces:
  Client Component Browser:
    ./src/app/(dashboard)/settings/page.tsx [Client Component Browser]
    ./src/app/(dashboard)/settings/page.tsx [Server Component]

  Client Component SSR:
    ./src/app/(dashboard)/settings/page.tsx [Client Component SSR]
    ./src/app/(dashboard)/settings/page.tsx [Server Component]


./src/app/(dashboard)/analytics/page.tsx:15:1
Export BrandOverviewTab doesn't exist in target module
[0m [90m 13 |[39m [90m// Brand Imports[39m
 [90m 14 |[39m [36mimport[39m { [33mBrandAnalyticsShell[39m } [36mfrom[39m [32m"@/components/widgets/shared/analytics/BrandAnalyticsShell"[39m[33m;[39m
[31m[1m>[22m[39m[90m 15 |[39m [36mimport[39m { [33mBrandOverviewTab[39m } [36mfrom[39m [32m"@/components/widgets/shared/analytics/tabs/BrandOverviewTab"[39m[33m;[39m
 [90m    |[39m [31m[1m^[22m[39m[31m[1m^[22m[39m[31m[1m^[22m[39m[31m[1m^[22m[39m[31m[1m^[22m[39m[31m[1m^[22m[39m[31m[1m^[22m[39m[31m[1m^[22m[39m[31m[1m^[22m[39m[31m[1m^[22m[39m[31m[1m^[22m[39m[31m[1m^[22m[39m[31m[1m^[22m[39m[31m[1m^[22m[39m[31m[1m^[22m[39m[31m[1m^[22m[39m[31m[1m^[22m[39m[31m[1m^[22m[39m[31m[1m^[22m[39m[31m[1m^[22m[39m[31m[1m^[22m[39m[31m[1m^[22m[39m[31m[1m^[22m[39m[31m[1m^[22m[39m[31m[1m^[22m[39m[31m[1m^[22m[39m[31m[1m^[22m[39m[31m[1m^[22m[39m[31m[1m^[22m[39m[31m[1m^[22m[39m[31m[1m^[22m[39m[31m[1m^[22m[39m[31m[1m^[22m[39m[31m[1m^[22m[39m[31m[1m^[22m[39m[31m[1m^[22m[39m[31m[1m^[22m[39m[31m[1m^[22m[39m[31m[1m^[22m[39m[31m[1m^[22m[39m[31m[1m^[22m[39m[31m[1m^[22m[39m[31m[1m^[22m[39m[31m[1m^[22m[39m[31m[1m^[22m[39m[31m[1m^[22m[39m[31m[1m^[22m[39m[31m[1m^[22m[39m[31m[1m^[22m[39m[31m[1m^[22m[39m[31m[1m^[22m[39m[31m[1m^[22m[39m[31m[1m^[22m[39m[31m[1m^[22m[39m[31m[1m^[22m[39m[31m[1m^[22m[39m[31m[1m^[22m[39m[31m[1m^[22m[39m[31m[1m^[22m[39m[31m[1m^[22m[39m[31m[1m^[22m[39m[31m[1m^[22m[39m[31m[1m^[22m[39m[31m[1m^[22m[39m[31m[1m^[22m[39m[31m[1m^[22m[39m[31m[1m^[22m[39m[31m[1m^[22m[39m[31m[1m^[22m[39m[31m[1m^[22m[39m[31m[1m^[22m[39m[31m[1m^[22m[39m[31m[1m^[22m[39m[31m[1m^[22m[39m[31m[1m^[22m[39m[31m[1m^[22m[39m[31m[1m^[22m[39m[31m[1m^[22m[39m[31m[1m^[22m[39m[31m[1m^[22m[39m[31m[1m^[22m[39m[31m[1m^[22m[39m[31m[1m^[22m[39m[31m[1m^[22m[39m[31m[1m^[22m[39m[31m[1m^[22m[39m[31m[1m^[22m[39m[31m[1m^[22m[39m[31m[1m^[22m[39m[31m[1m^[22m[39m[31m[1m^[22m[39m[31m[1m^[22m[39m[31m[1m^[22m[39m[31m[1m^[22m[39m[31m[1m^[22m[39m
 [90m 16 |[39m [36mimport[39m { [33mCampaignsTab[39m } [36mfrom[39m [32m"@/components/widgets/shared/analytics/tabs/CampaignsTab"[39m[33m;[39m
 [90m 17 |[39m [36mimport[39m { [33mCreatorsTab[39m } [36mfrom[39m [32m"@/components/widgets/shared/analytics/tabs/CreatorsTab"[39m[33m;[39m
 [90m 18 |[39m [36mimport[39m { [33mContentTab[39m } [36mfrom[39m [32m"@/components/widgets/shared/analytics/tabs/ContentTab"[39m[33m;[39m[0m

The export BrandOverviewTab was not found in module [project]/src/components/widgets/shared/analytics/tabs/BrandOverviewTab.tsx [app-client] (ecmascript).
Did you mean to import OverviewTab?
All exports of the module are statically known (It doesn't have dynamic exports). So it's known statically that the requested export doesn't exist.

Import traces:
  Client Component Browser:
    ./src/app/(dashboard)/analytics/page.tsx [Client Component Browser]
    ./src/app/(dashboard)/analytics/page.tsx [Server Component]

  Client Component SSR:
    ./src/app/(dashboard)/analytics/page.tsx [Client Component SSR]
    ./src/app/(dashboard)/analytics/page.tsx [Server Component]


./src/app/(dashboard)/analytics/page.tsx:15:1
Export BrandOverviewTab doesn't exist in target module
[0m [90m 13 |[39m [90m// Brand Imports[39m
 [90m 14 |[39m [36mimport[39m { [33mBrandAnalyticsShell[39m } [36mfrom[39m [32m"@/components/widgets/shared/analytics/BrandAnalyticsShell"[39m[33m;[39m
[31m[1m>[22m[39m[90m 15 |[39m [36mimport[39m { [33mBrandOverviewTab[39m } [36mfrom[39m [32m"@/components/widgets/shared/analytics/tabs/BrandOverviewTab"[39m[33m;[39m
 [90m    |[39m [31m[1m^[22m[39m[31m[1m^[22m[39m[31m[1m^[22m[39m[31m[1m^[22m[39m[31m[1m^[22m[39m[31m[1m^[22m[39m[31m[1m^[22m[39m[31m[1m^[22m[39m[31m[1m^[22m[39m[31m[1m^[22m[39m[31m[1m^[22m[39m[31m[1m^[22m[39m[31m[1m^[22m[39m[31m[1m^[22m[39m[31m[1m^[22m[39m[31m[1m^[22m[39m[31m[1m^[22m[39m[31m[1m^[22m[39m[31m[1m^[22m[39m[31m[1m^[22m[39m[31m[1m^[22m[39m[31m[1m^[22m[39m[31m[1m^[22m[39m[31m[1m^[22m[39m[31m[1m^[22m[39m[31m[1m^[22m[39m[31m[1m^[22m[39m[31m[1m^[22m[39m[31m[1m^[22m[39m[31m[1m^[22m[39m[31m[1m^[22m[39m[31m[1m^[22m[39m[31m[1m^[22m[39m[31m[1m^[22m[39m[31m[1m^[22m[39m[31m[1m^[22m[39m[31m[1m^[22m[39m[31m[1m^[22m[39m[31m[1m^[22m[39m[31m[1m^[22m[39m[31m[1m^[22m[39m[31m[1m^[22m[39m[31m[1m^[22m[39m[31m[1m^[22m[39m[31m[1m^[22m[39m[31m[1m^[22m[39m[31m[1m^[22m[39m[31m[1m^[22m[39m[31m[1m^[22m[39m[31m[1m^[22m[39m[31m[1m^[22m[39m[31m[1m^[22m[39m[31m[1m^[22m[39m[31m[1m^[22m[39m[31m[1m^[22m[39m[31m[1m^[22m[39m[31m[1m^[22m[39m[31m[1m^[22m[39m[31m[1m^[22m[39m[31m[1m^[22m[39m[31m[1m^[22m[39m[31m[1m^[22m[39m[31m[1m^[22m[39m[31m[1m^[22m[39m[31m[1m^[22m[39m[31m[1m^[22m[39m[31m[1m^[22m[39m[31m[1m^[22m[39m[31m[1m^[22m[39m[31m[1m^[22m[39m[31m[1m^[22m[39m[31m[1m^[22m[39m[31m[1m^[22m[39m[31m[1m^[22m[39m[31m[1m^[22m[39m[31m[1m^[22m[39m[31m[1m^[22m[39m[31m[1m^[22m[39m[31m[1m^[22m[39m[31m[1m^[22m[39m[31m[1m^[22m[39m[31m[1m^[22m[39m[31m[1m^[22m[39m[31m[1m^[22m[39m[31m[1m^[22m[39m[31m[1m^[22m[39m[31m[1m^[22m[39m[31m[1m^[22m[39m[31m[1m^[22m[39m[31m[1m^[22m[39m[31m[1m^[22m[39m[31m[1m^[22m[39m[31m[1m^[22m[39m[31m[1m^[22m[39m[31m[1m^[22m[39m
 [90m 16 |[39m [36mimport[39m { [33mCampaignsTab[39m } [36mfrom[39m [32m"@/components/widgets/shared/analytics/tabs/CampaignsTab"[39m[33m;[39m
 [90m 17 |[39m [36mimport[39m { [33mCreatorsTab[39m } [36mfrom[39m [32m"@/components/widgets/shared/analytics/tabs/CreatorsTab"[39m[33m;[39m
 [90m 18 |[39m [36mimport[39m { [33mContentTab[39m } [36mfrom[39m [32m"@/components/widgets/shared/analytics/tabs/ContentTab"[39m[33m;[39m[0m

The export BrandOverviewTab was not found in module [project]/src/components/widgets/shared/analytics/tabs/BrandOverviewTab.tsx [app-ssr] (ecmascript).
Did you mean to import OverviewTab?
All exports of the module are statically known (It doesn't have dynamic exports). So it's known statically that the requested export doesn't exist.

Import traces:
  Client Component Browser:
    ./src/app/(dashboard)/analytics/page.tsx [Client Component Browser]
    ./src/app/(dashboard)/analytics/page.tsx [Server Component]

  Client Component SSR:
    ./src/app/(dashboard)/analytics/page.tsx [Client Component SSR]
    ./src/app/(dashboard)/analytics/page.tsx [Server Component]


./src/app/(dashboard)/finance/page.tsx:18:1
Export BrandOverviewTab doesn't exist in target module
[0m [90m 16 |[39m [90m// Brand Imports[39m
 [90m 17 |[39m [36mimport[39m { [33mBrandFinanceShell[39m } [36mfrom[39m [32m"@/components/widgets/shared/finance/BrandFinanceShell"[39m[33m;[39m
[31m[1m>[22m[39m[90m 18 |[39m [36mimport[39m { [33mBrandOverviewTab[39m } [36mfrom[39m [32m"@/components/widgets/shared/finance/tabs/BrandOverviewTab"[39m[33m;[39m
 [90m    |[39m [31m[1m^[22m[39m[31m[1m^[22m[39m[31m[1m^[22m[39m[31m[1m^[22m[39m[31m[1m^[22m[39m[31m[1m^[22m[39m[31m[1m^[22m[39m[31m[1m^[22m[39m[31m[1m^[22m[39m[31m[1m^[22m[39m[31m[1m^[22m[39m[31m[1m^[22m[39m[31m[1m^[22m[39m[31m[1m^[22m[39m[31m[1m^[22m[39m[31m[1m^[22m[39m[31m[1m^[22m[39m[31m[1m^[22m[39m[31m[1m^[22m[39m[31m[1m^[22m[39m[31m[1m^[22m[39m[31m[1m^[22m[39m[31m[1m^[22m[39m[31m[1m^[22m[39m[31m[1m^[22m[39m[31m[1m^[22m[39m[31m[1m^[22m[39m[31m[1m^[22m[39m[31m[1m^[22m[39m[31m[1m^[22m[39m[31m[1m^[22m[39m[31m[1m^[22m[39m[31m[1m^[22m[39m[31m[1m^[22m[39m[31m[1m^[22m[39m[31m[1m^[22m[39m[31m[1m^[22m[39m[31m[1m^[22m[39m[31m[1m^[22m[39m[31m[1m^[22m[39m[31m[1m^[22m[39m[31m[1m^[22m[39m[31m[1m^[22m[39m[31m[1m^[22m[39m[31m[1m^[22m[39m[31m[1m^[22m[39m[31m[1m^[22m[39m[31m[1m^[22m[39m[31m[1m^[22m[39m[31m[1m^[22m[39m[31m[1m^[22m[39m[31m[1m^[22m[39m[31m[1m^[22m[39m[31m[1m^[22m[39m[31m[1m^[22m[39m[31m[1m^[22m[39m[31m[1m^[22m[39m[31m[1m^[22m[39m[31m[1m^[22m[39m[31m[1m^[22m[39m[31m[1m^[22m[39m[31m[1m^[22m[39m[31m[1m^[22m[39m[31m[1m^[22m[39m[31m[1m^[22m[39m[31m[1m^[22m[39m[31m[1m^[22m[39m[31m[1m^[22m[39m[31m[1m^[22m[39m[31m[1m^[22m[39m[31m[1m^[22m[39m[31m[1m^[22m[39m[31m[1m^[22m[39m[31m[1m^[22m[39m[31m[1m^[22m[39m[31m[1m^[22m[39m[31m[1m^[22m[39m[31m[1m^[22m[39m[31m[1m^[22m[39m[31m[1m^[22m[39m[31m[1m^[22m[39m[31m[1m^[22m[39m[31m[1m^[22m[39m[31m[1m^[22m[39m[31m[1m^[22m[39m[31m[1m^[22m[39m[31m[1m^[22m[39m[31m[1m^[22m[39m[31m[1m^[22m[39m[31m[1m^[22m[39m[31m[1m^[22m[39m[31m[1m^[22m[39m[31m[1m^[22m[39m
 [90m 19 |[39m [36mimport[39m { [33mPaymentsTab[39m } [36mfrom[39m [32m"@/components/widgets/shared/finance/tabs/PaymentsTab"[39m[33m;[39m
 [90m 20 |[39m [36mimport[39m { [33mHistoryTab[39m } [36mfrom[39m [32m"@/components/widgets/shared/finance/tabs/HistoryTab"[39m[33m;[39m
 [90m 21 |[39m [36mimport[39m { [33mBrandInvoicesTab[39m } [36mfrom[39m [32m"@/components/widgets/shared/finance/tabs/BrandInvoicesTab"[39m[33m;[39m[0m

The export BrandOverviewTab was not found in module [project]/src/components/widgets/shared/finance/tabs/BrandOverviewTab.tsx [app-client] (ecmascript).
Did you mean to import OverviewTab?
All exports of the module are statically known (It doesn't have dynamic exports). So it's known statically that the requested export doesn't exist.

Import traces:
  Client Component Browser:
    ./src/app/(dashboard)/finance/page.tsx [Client Component Browser]
    ./src/app/(dashboard)/finance/page.tsx [Server Component]

  Client Component SSR:
    ./src/app/(dashboard)/finance/page.tsx [Client Component SSR]
    ./src/app/(dashboard)/finance/page.tsx [Server Component]


./src/app/(dashboard)/finance/page.tsx:18:1
Export BrandOverviewTab doesn't exist in target module
[0m [90m 16 |[39m [90m// Brand Imports[39m
 [90m 17 |[39m [36mimport[39m { [33mBrandFinanceShell[39m } [36mfrom[39m [32m"@/components/widgets/shared/finance/BrandFinanceShell"[39m[33m;[39m
[31m[1m>[22m[39m[90m 18 |[39m [36mimport[39m { [33mBrandOverviewTab[39m } [36mfrom[39m [32m"@/components/widgets/shared/finance/tabs/BrandOverviewTab"[39m[33m;[39m
 [90m    |[39m [31m[1m^[22m[39m[31m[1m^[22m[39m[31m[1m^[22m[39m[31m[1m^[22m[39m[31m[1m^[22m[39m[31m[1m^[22m[39m[31m[1m^[22m[39m[31m[1m^[22m[39m[31m[1m^[22m[39m[31m[1m^[22m[39m[31m[1m^[22m[39m[31m[1m^[22m[39m[31m[1m^[22m[39m[31m[1m^[22m[39m[31m[1m^[22m[39m[31m[1m^[22m[39m[31m[1m^[22m[39m[31m[1m^[22m[39m[31m[1m^[22m[39m[31m[1m^[22m[39m[31m[1m^[22m[39m[31m[1m^[22m[39m[31m[1m^[22m[39m[31m[1m^[22m[39m[31m[1m^[22m[39m[31m[1m^[22m[39m[31m[1m^[22m[39m[31m[1m^[22m[39m[31m[1m^[22m[39m[31m[1m^[22m[39m[31m[1m^[22m[39m[31m[1m^[22m[39m[31m[1m^[22m[39m[31m[1m^[22m[39m[31m[1m^[22m[39m[31m[1m^[22m[39m[31m[1m^[22m[39m[31m[1m^[22m[39m[31m[1m^[22m[39m[31m[1m^[22m[39m[31m[1m^[22m[39m[31m[1m^[22m[39m[31m[1m^[22m[39m[31m[1m^[22m[39m[31m[1m^[22m[39m[31m[1m^[22m[39m[31m[1m^[22m[39m[31m[1m^[22m[39m[31m[1m^[22m[39m[31m[1m^[22m[39m[31m[1m^[22m[39m[31m[1m^[22m[39m[31m[1m^[22m[39m[31m[1m^[22m[39m[31m[1m^[22m[39m[31m[1m^[22m[39m[31m[1m^[22m[39m[31m[1m^[22m[39m[31m[1m^[22m[39m[31m[1m^[22m[39m[31m[1m^[22m[39m[31m[1m^[22m[39m[31m[1m^[22m[39m[31m[1m^[22m[39m[31m[1m^[22m[39m[31m[1m^[22m[39m[31m[1m^[22m[39m[31m[1m^[22m[39m[31m[1m^[22m[39m[31m[1m^[22m[39m[31m[1m^[22m[39m[31m[1m^[22m[39m[31m[1m^[22m[39m[31m[1m^[22m[39m[31m[1m^[22m[39m[31m[1m^[22m[39m[31m[1m^[22m[39m[31m[1m^[22m[39m[31m[1m^[22m[39m[31m[1m^[22m[39m[31m[1m^[22m[39m[31m[1m^[22m[39m[31m[1m^[22m[39m[31m[1m^[22m[39m[31m[1m^[22m[39m[31m[1m^[22m[39m[31m[1m^[22m[39m[31m[1m^[22m[39m[31m[1m^[22m[39m[31m[1m^[22m[39m[31m[1m^[22m[39m[31m[1m^[22m[39m[31m[1m^[22m[39m
 [90m 19 |[39m [36mimport[39m { [33mPaymentsTab[39m } [36mfrom[39m [32m"@/components/widgets/shared/finance/tabs/PaymentsTab"[39m[33m;[39m
 [90m 20 |[39m [36mimport[39m { [33mHistoryTab[39m } [36mfrom[39m [32m"@/components/widgets/shared/finance/tabs/HistoryTab"[39m[33m;[39m
 [90m 21 |[39m [36mimport[39m { [33mBrandInvoicesTab[39m } [36mfrom[39m [32m"@/components/widgets/shared/finance/tabs/BrandInvoicesTab"[39m[33m;[39m[0m

The export BrandOverviewTab was not found in module [project]/src/components/widgets/shared/finance/tabs/BrandOverviewTab.tsx [app-ssr] (ecmascript).
Did you mean to import OverviewTab?
All exports of the module are statically known (It doesn't have dynamic exports). So it's known statically that the requested export doesn't exist.

Import traces:
  Client Component Browser:
    ./src/app/(dashboard)/finance/page.tsx [Client Component Browser]
    ./src/app/(dashboard)/finance/page.tsx [Server Component]

  Client Component SSR:
    ./src/app/(dashboard)/finance/page.tsx [Client Component SSR]
    ./src/app/(dashboard)/finance/page.tsx [Server Component]


./src/app/(dashboard)/settings/page.tsx:25:1
Export BrandPaymentSettings doesn't exist in target module
[0m [90m 23 |[39m [36mimport[39m { [33mTeamManagement[39m } [36mfrom[39m [32m"@/components/widgets/shared/settings/sections/TeamManagement"[39m[33m;[39m
 [90m 24 |[39m [36mimport[39m { [33mBrandNotificationSettings[39m } [36mfrom[39m [32m"@/components/widgets/shared/settings/sections/BrandNotificationSettings"[39m[33m;[39m
[31m[1m>[22m[39m[90m 25 |[39m [36mimport[39m { [33mBrandPaymentSettings[39m } [36mfrom[39m [32m"@/components/widgets/shared/settings/sections/BrandPaymentSettings"[39m[33m;[39m
 [90m    |[39m [31m[1m^[22m[39m[31m[1m^[22m[39m[31m[1m^[22m[39m[31m[1m^[22m[39m[31m[1m^[22m[39m[31m[1m^[22m[39m[31m[1m^[22m[39m[31m[1m^[22m[39m[31m[1m^[22m[39m[31m[1m^[22m[39m[31m[1m^[22m[39m[31m[1m^[22m[39m[31m[1m^[22m[39m[31m[1m^[22m[39m[31m[1m^[22m[39m[31m[1m^[22m[39m[31m[1m^[22m[39m[31m[1m^[22m[39m[31m[1m^[22m[39m[31m[1m^[22m[39m[31m[1m^[22m[39m[31m[1m^[22m[39m[31m[1m^[22m[39m[31m[1m^[22m[39m[31m[1m^[22m[39m[31m[1m^[22m[39m[31m[1m^[22m[39m[31m[1m^[22m[39m[31m[1m^[22m[39m[31m[1m^[22m[39m[31m[1m^[22m[39m[31m[1m^[22m[39m[31m[1m^[22m[39m[31m[1m^[22m[39m[31m[1m^[22m[39m[31m[1m^[22m[39m[31m[1m^[22m[39m[31m[1m^[22m[39m[31m[1m^[22m[39m[31m[1m^[22m[39m[31m[1m^[22m[39m[31m[1m^[22m[39m[31m[1m^[22m[39m[31m[1m^[22m[39m[31m[1m^[22m[39m[31m[1m^[22m[39m[31m[1m^[22m[39m[31m[1m^[22m[39m[31m[1m^[22m[39m[31m[1m^[22m[39m[31m[1m^[22m[39m[31m[1m^[22m[39m[31m[1m^[22m[39m[31m[1m^[22m[39m[31m[1m^[22m[39m[31m[1m^[22m[39m[31m[1m^[22m[39m[31m[1m^[22m[39m[31m[1m^[22m[39m[31m[1m^[22m[39m[31m[1m^[22m[39m[31m[1m^[22m[39m[31m[1m^[22m[39m[31m[1m^[22m[39m[31m[1m^[22m[39m[31m[1m^[22m[39m[31m[1m^[22m[39m[31m[1m^[22m[39m[31m[1m^[22m[39m[31m[1m^[22m[39m[31m[1m^[22m[39m[31m[1m^[22m[39m[31m[1m^[22m[39m[31m[1m^[22m[39m[31m[1m^[22m[39m[31m[1m^[22m[39m[31m[1m^[22m[39m[31m[1m^[22m[39m[31m[1m^[22m[39m[31m[1m^[22m[39m[31m[1m^[22m[39m[31m[1m^[22m[39m[31m[1m^[22m[39m[31m[1m^[22m[39m[31m[1m^[22m[39m[31m[1m^[22m[39m[31m[1m^[22m[39m[31m[1m^[22m[39m[31m[1m^[22m[39m[31m[1m^[22m[39m[31m[1m^[22m[39m[31m[1m^[22m[39m[31m[1m^[22m[39m[31m[1m^[22m[39m[31m[1m^[22m[39m[31m[1m^[22m[39m[31m[1m^[22m[39m[31m[1m^[22m[39m[31m[1m^[22m[39m[31m[1m^[22m[39m[31m[1m^[22m[39m[31m[1m^[22m[39m[31m[1m^[22m[39m[31m[1m^[22m[39m[31m[1m^[22m[39m[31m[1m^[22m[39m
 [90m 26 |[39m [36mimport[39m { [33mBrandSubscriptionSettings[39m } [36mfrom[39m [32m"@/components/widgets/shared/settings/sections/BrandSubscriptionSettings"[39m[33m;[39m
 [90m 27 |[39m [36mimport[39m { [33mBrandIntegrationSettings[39m } [36mfrom[39m [32m"@/components/widgets/shared/settings/sections/BrandIntegrationSettings"[39m[33m;[39m
 [90m 28 |[39m [36mimport[39m { [33mBrandPrivacySettings[39m } [36mfrom[39m [32m"@/components/widgets/shared/settings/sections/BrandPrivacySettings"[39m[33m;[39m[0m

The export BrandPaymentSettings was not found in module [project]/src/components/widgets/shared/settings/sections/BrandPaymentSettings.tsx [app-client] (ecmascript).
Did you mean to import PaymentSettings?
All exports of the module are statically known (It doesn't have dynamic exports). So it's known statically that the requested export doesn't exist.

Import traces:
  Client Component Browser:
    ./src/app/(dashboard)/settings/page.tsx [Client Component Browser]
    ./src/app/(dashboard)/settings/page.tsx [Server Component]

  Client Component SSR:
    ./src/app/(dashboard)/settings/page.tsx [Client Component SSR]
    ./src/app/(dashboard)/settings/page.tsx [Server Component]


./src/app/(dashboard)/settings/page.tsx:25:1
Export BrandPaymentSettings doesn't exist in target module
[0m [90m 23 |[39m [36mimport[39m { [33mTeamManagement[39m } [36mfrom[39m [32m"@/components/widgets/shared/settings/sections/TeamManagement"[39m[33m;[39m
 [90m 24 |[39m [36mimport[39m { [33mBrandNotificationSettings[39m } [36mfrom[39m [32m"@/components/widgets/shared/settings/sections/BrandNotificationSettings"[39m[33m;[39m
[31m[1m>[22m[39m[90m 25 |[39m [36mimport[39m { [33mBrandPaymentSettings[39m } [36mfrom[39m [32m"@/components/widgets/shared/settings/sections/BrandPaymentSettings"[39m[33m;[39m
 [90m    |[39m [31m[1m^[22m[39m[31m[1m^[22m[39m[31m[1m^[22m[39m[31m[1m^[22m[39m[31m[1m^[22m[39m[31m[1m^[22m[39m[31m[1m^[22m[39m[31m[1m^[22m[39m[31m[1m^[22m[39m[31m[1m^[22m[39m[31m[1m^[22m[39m[31m[1m^[22m[39m[31m[1m^[22m[39m[31m[1m^[22m[39m[31m[1m^[22m[39m[31m[1m^[22m[39m[31m[1m^[22m[39m[31m[1m^[22m[39m[31m[1m^[22m[39m[31m[1m^[22m[39m[31m[1m^[22m[39m[31m[1m^[22m[39m[31m[1m^[22m[39m[31m[1m^[22m[39m[31m[1m^[22m[39m[31m[1m^[22m[39m[31m[1m^[22m[39m[31m[1m^[22m[39m[31m[1m^[22m[39m[31m[1m^[22m[39m[31m[1m^[22m[39m[31m[1m^[22m[39m[31m[1m^[22m[39m[31m[1m^[22m[39m[31m[1m^[22m[39m[31m[1m^[22m[39m[31m[1m^[22m[39m[31m[1m^[22m[39m[31m[1m^[22m[39m[31m[1m^[22m[39m[31m[1m^[22m[39m[31m[1m^[22m[39m[31m[1m^[22m[39m[31m[1m^[22m[39m[31m[1m^[22m[39m[31m[1m^[22m[39m[31m[1m^[22m[39m[31m[1m^[22m[39m[31m[1m^[22m[39m[31m[1m^[22m[39m[31m[1m^[22m[39m[31m[1m^[22m[39m[31m[1m^[22m[39m[31m[1m^[22m[39m[31m[1m^[22m[39m[31m[1m^[22m[39m[31m[1m^[22m[39m[31m[1m^[22m[39m[31m[1m^[22m[39m[31m[1m^[22m[39m[31m[1m^[22m[39m[31m[1m^[22m[39m[31m[1m^[22m[39m[31m[1m^[22m[39m[31m[1m^[22m[39m[31m[1m^[22m[39m[31m[1m^[22m[39m[31m[1m^[22m[39m[31m[1m^[22m[39m[31m[1m^[22m[39m[31m[1m^[22m[39m[31m[1m^[22m[39m[31m[1m^[22m[39m[31m[1m^[22m[39m[31m[1m^[22m[39m[31m[1m^[22m[39m[31m[1m^[22m[39m[31m[1m^[22m[39m[31m[1m^[22m[39m[31m[1m^[22m[39m[31m[1m^[22m[39m[31m[1m^[22m[39m[31m[1m^[22m[39m[31m[1m^[22m[39m[31m[1m^[22m[39m[31m[1m^[22m[39m[31m[1m^[22m[39m[31m[1m^[22m[39m[31m[1m^[22m[39m[31m[1m^[22m[39m[31m[1m^[22m[39m[31m[1m^[22m[39m[31m[1m^[22m[39m[31m[1m^[22m[39m[31m[1m^[22m[39m[31m[1m^[22m[39m[31m[1m^[22m[39m[31m[1m^[22m[39m[31m[1m^[22m[39m[31m[1m^[22m[39m[31m[1m^[22m[39m[31m[1m^[22m[39m[31m[1m^[22m[39m[31m[1m^[22m[39m[31m[1m^[22m[39m[31m[1m^[22m[39m
 [90m 26 |[39m [36mimport[39m { [33mBrandSubscriptionSettings[39m } [36mfrom[39m [32m"@/components/widgets/shared/settings/sections/BrandSubscriptionSettings"[39m[33m;[39m
 [90m 27 |[39m [36mimport[39m { [33mBrandIntegrationSettings[39m } [36mfrom[39m [32m"@/components/widgets/shared/settings/sections/BrandIntegrationSettings"[39m[33m;[39m
 [90m 28 |[39m [36mimport[39m { [33mBrandPrivacySettings[39m } [36mfrom[39m [32m"@/components/widgets/shared/settings/sections/BrandPrivacySettings"[39m[33m;[39m[0m

The export BrandPaymentSettings was not found in module [project]/src/components/widgets/shared/settings/sections/BrandPaymentSettings.tsx [app-ssr] (ecmascript).
Did you mean to import PaymentSettings?
All exports of the module are statically known (It doesn't have dynamic exports). So it's known statically that the requested export doesn't exist.

Import traces:
  Client Component Browser:
    ./src/app/(dashboard)/settings/page.tsx [Client Component Browser]
    ./src/app/(dashboard)/settings/page.tsx [Server Component]

  Client Component SSR:
    ./src/app/(dashboard)/settings/page.tsx [Client Component SSR]
    ./src/app/(dashboard)/settings/page.tsx [Server Component]


./src/app/(dashboard)/settings/page.tsx:29:1
Export BrandPreferenceSettings doesn't exist in target module
[0m [90m 27 |[39m [36mimport[39m { [33mBrandIntegrationSettings[39m } [36mfrom[39m [32m"@/components/widgets/shared/settings/sections/BrandIntegrationSettings"[39m[33m;[39m
 [90m 28 |[39m [36mimport[39m { [33mBrandPrivacySettings[39m } [36mfrom[39m [32m"@/components/widgets/shared/settings/sections/BrandPrivacySettings"[39m[33m;[39m
[31m[1m>[22m[39m[90m 29 |[39m [36mimport[39m { [33mBrandPreferenceSettings[39m } [36mfrom[39m [32m"@/components/widgets/shared/settings/sections/BrandPreferenceSettings"[39m[33m;[39m
 [90m    |[39m [31m[1m^[22m[39m[31m[1m^[22m[39m[31m[1m^[22m[39m[31m[1m^[22m[39m[31m[1m^[22m[39m[31m[1m^[22m[39m[31m[1m^[22m[39m[31m[1m^[22m[39m[31m[1m^[22m[39m[31m[1m^[22m[39m[31m[1m^[22m[39m[31m[1m^[22m[39m[31m[1m^[22m[39m[31m[1m^[22m[39m[31m[1m^[22m[39m[31m[1m^[22m[39m[31m[1m^[22m[39m[31m[1m^[22m[39m[31m[1m^[22m[39m[31m[1m^[22m[39m[31m[1m^[22m[39m[31m[1m^[22m[39m[31m[1m^[22m[39m[31m[1m^[22m[39m[31m[1m^[22m[39m[31m[1m^[22m[39m[31m[1m^[22m[39m[31m[1m^[22m[39m[31m[1m^[22m[39m[31m[1m^[22m[39m[31m[1m^[22m[39m[31m[1m^[22m[39m[31m[1m^[22m[39m[31m[1m^[22m[39m[31m[1m^[22m[39m[31m[1m^[22m[39m[31m[1m^[22m[39m[31m[1m^[22m[39m[31m[1m^[22m[39m[31m[1m^[22m[39m[31m[1m^[22m[39m[31m[1m^[22m[39m[31m[1m^[22m[39m[31m[1m^[22m[39m[31m[1m^[22m[39m[31m[1m^[22m[39m[31m[1m^[22m[39m[31m[1m^[22m[39m[31m[1m^[22m[39m[31m[1m^[22m[39m[31m[1m^[22m[39m[31m[1m^[22m[39m[31m[1m^[22m[39m[31m[1m^[22m[39m[31m[1m^[22m[39m[31m[1m^[22m[39m[31m[1m^[22m[39m[31m[1m^[22m[39m[31m[1m^[22m[39m[31m[1m^[22m[39m[31m[1m^[22m[39m[31m[1m^[22m[39m[31m[1m^[22m[39m[31m[1m^[22m[39m[31m[1m^[22m[39m[31m[1m^[22m[39m[31m[1m^[22m[39m[31m[1m^[22m[39m[31m[1m^[22m[39m[31m[1m^[22m[39m[31m[1m^[22m[39m[31m[1m^[22m[39m[31m[1m^[22m[39m[31m[1m^[22m[39m[31m[1m^[22m[39m[31m[1m^[22m[39m[31m[1m^[22m[39m[31m[1m^[22m[39m[31m[1m^[22m[39m[31m[1m^[22m[39m[31m[1m^[22m[39m[31m[1m^[22m[39m[31m[1m^[22m[39m[31m[1m^[22m[39m[31m[1m^[22m[39m[31m[1m^[22m[39m[31m[1m^[22m[39m[31m[1m^[22m[39m[31m[1m^[22m[39m[31m[1m^[22m[39m[31m[1m^[22m[39m[31m[1m^[22m[39m[31m[1m^[22m[39m[31m[1m^[22m[39m[31m[1m^[22m[39m[31m[1m^[22m[39m[31m[1m^[22m[39m[31m[1m^[22m[39m[31m[1m^[22m[39m[31m[1m^[22m[39m[31m[1m^[22m[39m[31m[1m^[22m[39m[31m[1m^[22m[39m[31m[1m^[22m[39m[31m[1m^[22m[39m[31m[1m^[22m[39m[31m[1m^[22m[39m[31m[1m^[22m[39m[31m[1m^[22m[39m[31m[1m^[22m[39m[31m[1m^[22m[39m[31m[1m^[22m[39m
 [90m 30 |[39m [36mimport[39m { [33mBlockedCreators[39m } [36mfrom[39m [32m"@/components/widgets/shared/settings/sections/BlockedCreators"[39m[33m;[39m
 [90m 31 |[39m
 [90m 32 |[39m [36mfunction[39m [33mCreatorSettingsContent[39m() {[0m

The export BrandPreferenceSettings was not found in module [project]/src/components/widgets/shared/settings/sections/BrandPreferenceSettings.tsx [app-client] (ecmascript).
Did you mean to import PreferenceSettings?
All exports of the module are statically known (It doesn't have dynamic exports). So it's known statically that the requested export doesn't exist.

Import traces:
  Client Component Browser:
    ./src/app/(dashboard)/settings/page.tsx [Client Component Browser]
    ./src/app/(dashboard)/settings/page.tsx [Server Component]

  Client Component SSR:
    ./src/app/(dashboard)/settings/page.tsx [Client Component SSR]
    ./src/app/(dashboard)/settings/page.tsx [Server Component]


./src/app/(dashboard)/settings/page.tsx:29:1
Export BrandPreferenceSettings doesn't exist in target module
[0m [90m 27 |[39m [36mimport[39m { [33mBrandIntegrationSettings[39m } [36mfrom[39m [32m"@/components/widgets/shared/settings/sections/BrandIntegrationSettings"[39m[33m;[39m
 [90m 28 |[39m [36mimport[39m { [33mBrandPrivacySettings[39m } [36mfrom[39m [32m"@/components/widgets/shared/settings/sections/BrandPrivacySettings"[39m[33m;[39m
[31m[1m>[22m[39m[90m 29 |[39m [36mimport[39m { [33mBrandPreferenceSettings[39m } [36mfrom[39m [32m"@/components/widgets/shared/settings/sections/BrandPreferenceSettings"[39m[33m;[39m
 [90m    |[39m [31m[1m^[22m[39m[31m[1m^[22m[39m[31m[1m^[22m[39m[31m[1m^[22m[39m[31m[1m^[22m[39m[31m[1m^[22m[39m[31m[1m^[22m[39m[31m[1m^[22m[39m[31m[1m^[22m[39m[31m[1m^[22m[39m[31m[1m^[22m[39m[31m[1m^[22m[39m[31m[1m^[22m[39m[31m[1m^[22m[39m[31m[1m^[22m[39m[31m[1m^[22m[39m[31m[1m^[22m[39m[31m[1m^[22m[39m[31m[1m^[22m[39m[31m[1m^[22m[39m[31m[1m^[22m[39m[31m[1m^[22m[39m[31m[1m^[22m[39m[31m[1m^[22m[39m[31m[1m^[22m[39m[31m[1m^[22m[39m[31m[1m^[22m[39m[31m[1m^[22m[39m[31m[1m^[22m[39m[31m[1m^[22m[39m[31m[1m^[22m[39m[31m[1m^[22m[39m[31m[1m^[22m[39m[31m[1m^[22m[39m[31m[1m^[22m[39m[31m[1m^[22m[39m[31m[1m^[22m[39m[31m[1m^[22m[39m[31m[1m^[22m[39m[31m[1m^[22m[39m[31m[1m^[22m[39m[31m[1m^[22m[39m[31m[1m^[22m[39m[31m[1m^[22m[39m[31m[1m^[22m[39m[31m[1m^[22m[39m[31m[1m^[22m[39m[31m[1m^[22m[39m[31m[1m^[22m[39m[31m[1m^[22m[39m[31m[1m^[22m[39m[31m[1m^[22m[39m[31m[1m^[22m[39m[31m[1m^[22m[39m[31m[1m^[22m[39m[31m[1m^[22m[39m[31m[1m^[22m[39m[31m[1m^[22m[39m[31m[1m^[22m[39m[31m[1m^[22m[39m[31m[1m^[22m[39m[31m[1m^[22m[39m[31m[1m^[22m[39m[31m[1m^[22m[39m[31m[1m^[22m[39m[31m[1m^[22m[39m[31m[1m^[22m[39m[31m[1m^[22m[39m[31m[1m^[22m[39m[31m[1m^[22m[39m[31m[1m^[22m[39m[31m[1m^[22m[39m[31m[1m^[22m[39m[31m[1m^[22m[39m[31m[1m^[22m[39m[31m[1m^[22m[39m[31m[1m^[22m[39m[31m[1m^[22m[39m[31m[1m^[22m[39m[31m[1m^[22m[39m[31m[1m^[22m[39m[31m[1m^[22m[39m[31m[1m^[22m[39m[31m[1m^[22m[39m[31m[1m^[22m[39m[31m[1m^[22m[39m[31m[1m^[22m[39m[31m[1m^[22m[39m[31m[1m^[22m[39m[31m[1m^[22m[39m[31m[1m^[22m[39m[31m[1m^[22m[39m[31m[1m^[22m[39m[31m[1m^[22m[39m[31m[1m^[22m[39m[31m[1m^[22m[39m[31m[1m^[22m[39m[31m[1m^[22m[39m[31m[1m^[22m[39m[31m[1m^[22m[39m[31m[1m^[22m[39m[31m[1m^[22m[39m[31m[1m^[22m[39m[31m[1m^[22m[39m[31m[1m^[22m[39m[31m[1m^[22m[39m[31m[1m^[22m[39m[31m[1m^[22m[39m[31m[1m^[22m[39m[31m[1m^[22m[39m[31m[1m^[22m[39m[31m[1m^[22m[39m
 [90m 30 |[39m [36mimport[39m { [33mBlockedCreators[39m } [36mfrom[39m [32m"@/components/widgets/shared/settings/sections/BlockedCreators"[39m[33m;[39m
 [90m 31 |[39m
 [90m 32 |[39m [36mfunction[39m [33mCreatorSettingsContent[39m() {[0m

The export BrandPreferenceSettings was not found in module [project]/src/components/widgets/shared/settings/sections/BrandPreferenceSettings.tsx [app-ssr] (ecmascript).
Did you mean to import PreferenceSettings?
All exports of the module are statically known (It doesn't have dynamic exports). So it's known statically that the requested export doesn't exist.

Import traces:
  Client Component Browser:
    ./src/app/(dashboard)/settings/page.tsx [Client Component Browser]
    ./src/app/(dashboard)/settings/page.tsx [Server Component]

  Client Component SSR:
    ./src/app/(dashboard)/settings/page.tsx [Client Component SSR]
    ./src/app/(dashboard)/settings/page.tsx [Server Component]


./src/app/(dashboard)/settings/page.tsx:28:1
Export BrandPrivacySettings doesn't exist in target module
[0m [90m 26 |[39m [36mimport[39m { [33mBrandSubscriptionSettings[39m } [36mfrom[39m [32m"@/components/widgets/shared/settings/sections/BrandSubscriptionSettings"[39m[33m;[39m
 [90m 27 |[39m [36mimport[39m { [33mBrandIntegrationSettings[39m } [36mfrom[39m [32m"@/components/widgets/shared/settings/sections/BrandIntegrationSettings"[39m[33m;[39m
[31m[1m>[22m[39m[90m 28 |[39m [36mimport[39m { [33mBrandPrivacySettings[39m } [36mfrom[39m [32m"@/components/widgets/shared/settings/sections/BrandPrivacySettings"[39m[33m;[39m
 [90m    |[39m [31m[1m^[22m[39m[31m[1m^[22m[39m[31m[1m^[22m[39m[31m[1m^[22m[39m[31m[1m^[22m[39m[31m[1m^[22m[39m[31m[1m^[22m[39m[31m[1m^[22m[39m[31m[1m^[22m[39m[31m[1m^[22m[39m[31m[1m^[22m[39m[31m[1m^[22m[39m[31m[1m^[22m[39m[31m[1m^[22m[39m[31m[1m^[22m[39m[31m[1m^[22m[39m[31m[1m^[22m[39m[31m[1m^[22m[39m[31m[1m^[22m[39m[31m[1m^[22m[39m[31m[1m^[22m[39m[31m[1m^[22m[39m[31m[1m^[22m[39m[31m[1m^[22m[39m[31m[1m^[22m[39m[31m[1m^[22m[39m[31m[1m^[22m[39m[31m[1m^[22m[39m[31m[1m^[22m[39m[31m[1m^[22m[39m[31m[1m^[22m[39m[31m[1m^[22m[39m[31m[1m^[22m[39m[31m[1m^[22m[39m[31m[1m^[22m[39m[31m[1m^[22m[39m[31m[1m^[22m[39m[31m[1m^[22m[39m[31m[1m^[22m[39m[31m[1m^[22m[39m[31m[1m^[22m[39m[31m[1m^[22m[39m[31m[1m^[22m[39m[31m[1m^[22m[39m[31m[1m^[22m[39m[31m[1m^[22m[39m[31m[1m^[22m[39m[31m[1m^[22m[39m[31m[1m^[22m[39m[31m[1m^[22m[39m[31m[1m^[22m[39m[31m[1m^[22m[39m[31m[1m^[22m[39m[31m[1m^[22m[39m[31m[1m^[22m[39m[31m[1m^[22m[39m[31m[1m^[22m[39m[31m[1m^[22m[39m[31m[1m^[22m[39m[31m[1m^[22m[39m[31m[1m^[22m[39m[31m[1m^[22m[39m[31m[1m^[22m[39m[31m[1m^[22m[39m[31m[1m^[22m[39m[31m[1m^[22m[39m[31m[1m^[22m[39m[31m[1m^[22m[39m[31m[1m^[22m[39m[31m[1m^[22m[39m[31m[1m^[22m[39m[31m[1m^[22m[39m[31m[1m^[22m[39m[31m[1m^[22m[39m[31m[1m^[22m[39m[31m[1m^[22m[39m[31m[1m^[22m[39m[31m[1m^[22m[39m[31m[1m^[22m[39m[31m[1m^[22m[39m[31m[1m^[22m[39m[31m[1m^[22m[39m[31m[1m^[22m[39m[31m[1m^[22m[39m[31m[1m^[22m[39m[31m[1m^[22m[39m[31m[1m^[22m[39m[31m[1m^[22m[39m[31m[1m^[22m[39m[31m[1m^[22m[39m[31m[1m^[22m[39m[31m[1m^[22m[39m[31m[1m^[22m[39m[31m[1m^[22m[39m[31m[1m^[22m[39m[31m[1m^[22m[39m[31m[1m^[22m[39m[31m[1m^[22m[39m[31m[1m^[22m[39m[31m[1m^[22m[39m[31m[1m^[22m[39m[31m[1m^[22m[39m[31m[1m^[22m[39m[31m[1m^[22m[39m[31m[1m^[22m[39m[31m[1m^[22m[39m
 [90m 29 |[39m [36mimport[39m { [33mBrandPreferenceSettings[39m } [36mfrom[39m [32m"@/components/widgets/shared/settings/sections/BrandPreferenceSettings"[39m[33m;[39m
 [90m 30 |[39m [36mimport[39m { [33mBlockedCreators[39m } [36mfrom[39m [32m"@/components/widgets/shared/settings/sections/BlockedCreators"[39m[33m;[39m
 [90m 31 |[39m[0m

The export BrandPrivacySettings was not found in module [project]/src/components/widgets/shared/settings/sections/BrandPrivacySettings.tsx [app-client] (ecmascript).
Did you mean to import PrivacySettings?
All exports of the module are statically known (It doesn't have dynamic exports). So it's known statically that the requested export doesn't exist.

Import traces:
  Client Component Browser:
    ./src/app/(dashboard)/settings/page.tsx [Client Component Browser]
    ./src/app/(dashboard)/settings/page.tsx [Server Component]

  Client Component SSR:
    ./src/app/(dashboard)/settings/page.tsx [Client Component SSR]
    ./src/app/(dashboard)/settings/page.tsx [Server Component]


./src/app/(dashboard)/settings/page.tsx:28:1
Export BrandPrivacySettings doesn't exist in target module
[0m [90m 26 |[39m [36mimport[39m { [33mBrandSubscriptionSettings[39m } [36mfrom[39m [32m"@/components/widgets/shared/settings/sections/BrandSubscriptionSettings"[39m[33m;[39m
 [90m 27 |[39m [36mimport[39m { [33mBrandIntegrationSettings[39m } [36mfrom[39m [32m"@/components/widgets/shared/settings/sections/BrandIntegrationSettings"[39m[33m;[39m
[31m[1m>[22m[39m[90m 28 |[39m [36mimport[39m { [33mBrandPrivacySettings[39m } [36mfrom[39m [32m"@/components/widgets/shared/settings/sections/BrandPrivacySettings"[39m[33m;[39m
 [90m    |[39m [31m[1m^[22m[39m[31m[1m^[22m[39m[31m[1m^[22m[39m[31m[1m^[22m[39m[31m[1m^[22m[39m[31m[1m^[22m[39m[31m[1m^[22m[39m[31m[1m^[22m[39m[31m[1m^[22m[39m[31m[1m^[22m[39m[31m[1m^[22m[39m[31m[1m^[22m[39m[31m[1m^[22m[39m[31m[1m^[22m[39m[31m[1m^[22m[39m[31m[1m^[22m[39m[31m[1m^[22m[39m[31m[1m^[22m[39m[31m[1m^[22m[39m[31m[1m^[22m[39m[31m[1m^[22m[39m[31m[1m^[22m[39m[31m[1m^[22m[39m[31m[1m^[22m[39m[31m[1m^[22m[39m[31m[1m^[22m[39m[31m[1m^[22m[39m[31m[1m^[22m[39m[31m[1m^[22m[39m[31m[1m^[22m[39m[31m[1m^[22m[39m[31m[1m^[22m[39m[31m[1m^[22m[39m[31m[1m^[22m[39m[31m[1m^[22m[39m[31m[1m^[22m[39m[31m[1m^[22m[39m[31m[1m^[22m[39m[31m[1m^[22m[39m[31m[1m^[22m[39m[31m[1m^[22m[39m[31m[1m^[22m[39m[31m[1m^[22m[39m[31m[1m^[22m[39m[31m[1m^[22m[39m[31m[1m^[22m[39m[31m[1m^[22m[39m[31m[1m^[22m[39m[31m[1m^[22m[39m[31m[1m^[22m[39m[31m[1m^[22m[39m[31m[1m^[22m[39m[31m[1m^[22m[39m[31m[1m^[22m[39m[31m[1m^[22m[39m[31m[1m^[22m[39m[31m[1m^[22m[39m[31m[1m^[22m[39m[31m[1m^[22m[39m[31m[1m^[22m[39m[31m[1m^[22m[39m[31m[1m^[22m[39m[31m[1m^[22m[39m[31m[1m^[22m[39m[31m[1m^[22m[39m[31m[1m^[22m[39m[31m[1m^[22m[39m[31m[1m^[22m[39m[31m[1m^[22m[39m[31m[1m^[22m[39m[31m[1m^[22m[39m[31m[1m^[22m[39m[31m[1m^[22m[39m[31m[1m^[22m[39m[31m[1m^[22m[39m[31m[1m^[22m[39m[31m[1m^[22m[39m[31m[1m^[22m[39m[31m[1m^[22m[39m[31m[1m^[22m[39m[31m[1m^[22m[39m[31m[1m^[22m[39m[31m[1m^[22m[39m[31m[1m^[22m[39m[31m[1m^[22m[39m[31m[1m^[22m[39m[31m[1m^[22m[39m[31m[1m^[22m[39m[31m[1m^[22m[39m[31m[1m^[22m[39m[31m[1m^[22m[39m[31m[1m^[22m[39m[31m[1m^[22m[39m[31m[1m^[22m[39m[31m[1m^[22m[39m[31m[1m^[22m[39m[31m[1m^[22m[39m[31m[1m^[22m[39m[31m[1m^[22m[39m[31m[1m^[22m[39m[31m[1m^[22m[39m[31m[1m^[22m[39m[31m[1m^[22m[39m[31m[1m^[22m[39m[31m[1m^[22m[39m[31m[1m^[22m[39m
 [90m 29 |[39m [36mimport[39m { [33mBrandPreferenceSettings[39m } [36mfrom[39m [32m"@/components/widgets/shared/settings/sections/BrandPreferenceSettings"[39m[33m;[39m
 [90m 30 |[39m [36mimport[39m { [33mBlockedCreators[39m } [36mfrom[39m [32m"@/components/widgets/shared/settings/sections/BlockedCreators"[39m[33m;[39m
 [90m 31 |[39m[0m

The export BrandPrivacySettings was not found in module [project]/src/components/widgets/shared/settings/sections/BrandPrivacySettings.tsx [app-ssr] (ecmascript).
Did you mean to import PrivacySettings?
All exports of the module are statically known (It doesn't have dynamic exports). So it's known statically that the requested export doesn't exist.

Import traces:
  Client Component Browser:
    ./src/app/(dashboard)/settings/page.tsx [Client Component Browser]
    ./src/app/(dashboard)/settings/page.tsx [Server Component]

  Client Component SSR:
    ./src/app/(dashboard)/settings/page.tsx [Client Component SSR]
    ./src/app/(dashboard)/settings/page.tsx [Server Component]


./src/app/(dashboard)/profile/page.tsx:22:1
Export BrandPrivacyTab doesn't exist in target module
[0m [90m 20 |[39m [36mimport[39m { [33mBrandAssetsTab[39m } [36mfrom[39m [32m"@/components/widgets/shared/profile/tabs/BrandAssetsTab"[39m[33m;[39m
 [90m 21 |[39m [36mimport[39m { [33mBrandReviewsTab[39m } [36mfrom[39m [32m"@/components/widgets/shared/profile/tabs/BrandReviewsTab"[39m[33m;[39m
[31m[1m>[22m[39m[90m 22 |[39m [36mimport[39m { [33mBrandPrivacyTab[39m } [36mfrom[39m [32m"@/components/widgets/shared/profile/tabs/BrandPrivacyTab"[39m[33m;[39m
 [90m    |[39m [31m[1m^[22m[39m[31m[1m^[22m[39m[31m[1m^[22m[39m[31m[1m^[22m[39m[31m[1m^[22m[39m[31m[1m^[22m[39m[31m[1m^[22m[39m[31m[1m^[22m[39m[31m[1m^[22m[39m[31m[1m^[22m[39m[31m[1m^[22m[39m[31m[1m^[22m[39m[31m[1m^[22m[39m[31m[1m^[22m[39m[31m[1m^[22m[39m[31m[1m^[22m[39m[31m[1m^[22m[39m[31m[1m^[22m[39m[31m[1m^[22m[39m[31m[1m^[22m[39m[31m[1m^[22m[39m[31m[1m^[22m[39m[31m[1m^[22m[39m[31m[1m^[22m[39m[31m[1m^[22m[39m[31m[1m^[22m[39m[31m[1m^[22m[39m[31m[1m^[22m[39m[31m[1m^[22m[39m[31m[1m^[22m[39m[31m[1m^[22m[39m[31m[1m^[22m[39m[31m[1m^[22m[39m[31m[1m^[22m[39m[31m[1m^[22m[39m[31m[1m^[22m[39m[31m[1m^[22m[39m[31m[1m^[22m[39m[31m[1m^[22m[39m[31m[1m^[22m[39m[31m[1m^[22m[39m[31m[1m^[22m[39m[31m[1m^[22m[39m[31m[1m^[22m[39m[31m[1m^[22m[39m[31m[1m^[22m[39m[31m[1m^[22m[39m[31m[1m^[22m[39m[31m[1m^[22m[39m[31m[1m^[22m[39m[31m[1m^[22m[39m[31m[1m^[22m[39m[31m[1m^[22m[39m[31m[1m^[22m[39m[31m[1m^[22m[39m[31m[1m^[22m[39m[31m[1m^[22m[39m[31m[1m^[22m[39m[31m[1m^[22m[39m[31m[1m^[22m[39m[31m[1m^[22m[39m[31m[1m^[22m[39m[31m[1m^[22m[39m[31m[1m^[22m[39m[31m[1m^[22m[39m[31m[1m^[22m[39m[31m[1m^[22m[39m[31m[1m^[22m[39m[31m[1m^[22m[39m[31m[1m^[22m[39m[31m[1m^[22m[39m[31m[1m^[22m[39m[31m[1m^[22m[39m[31m[1m^[22m[39m[31m[1m^[22m[39m[31m[1m^[22m[39m[31m[1m^[22m[39m[31m[1m^[22m[39m[31m[1m^[22m[39m[31m[1m^[22m[39m[31m[1m^[22m[39m[31m[1m^[22m[39m[31m[1m^[22m[39m[31m[1m^[22m[39m[31m[1m^[22m[39m[31m[1m^[22m[39m[31m[1m^[22m[39m[31m[1m^[22m[39m[31m[1m^[22m[39m[31m[1m^[22m[39m[31m[1m^[22m[39m
 [90m 23 |[39m
 [90m 24 |[39m [36mfunction[39m [33mCreatorProfileContent[39m() {
 [90m 25 |[39m     [36mconst[39m router [33m=[39m useRouter()[33m;[39m[0m

The export BrandPrivacyTab was not found in module [project]/src/components/widgets/shared/profile/tabs/BrandPrivacyTab.tsx [app-client] (ecmascript).
Did you mean to import PrivacyTab?
All exports of the module are statically known (It doesn't have dynamic exports). So it's known statically that the requested export doesn't exist.

Import traces:
  Client Component Browser:
    ./src/app/(dashboard)/profile/page.tsx [Client Component Browser]
    ./src/app/(dashboard)/profile/page.tsx [Server Component]

  Client Component SSR:
    ./src/app/(dashboard)/profile/page.tsx [Client Component SSR]
    ./src/app/(dashboard)/profile/page.tsx [Server Component]


./src/app/(dashboard)/profile/page.tsx:22:1
Export BrandPrivacyTab doesn't exist in target module
[0m [90m 20 |[39m [36mimport[39m { [33mBrandAssetsTab[39m } [36mfrom[39m [32m"@/components/widgets/shared/profile/tabs/BrandAssetsTab"[39m[33m;[39m
 [90m 21 |[39m [36mimport[39m { [33mBrandReviewsTab[39m } [36mfrom[39m [32m"@/components/widgets/shared/profile/tabs/BrandReviewsTab"[39m[33m;[39m
[31m[1m>[22m[39m[90m 22 |[39m [36mimport[39m { [33mBrandPrivacyTab[39m } [36mfrom[39m [32m"@/components/widgets/shared/profile/tabs/BrandPrivacyTab"[39m[33m;[39m
 [90m    |[39m [31m[1m^[22m[39m[31m[1m^[22m[39m[31m[1m^[22m[39m[31m[1m^[22m[39m[31m[1m^[22m[39m[31m[1m^[22m[39m[31m[1m^[22m[39m[31m[1m^[22m[39m[31m[1m^[22m[39m[31m[1m^[22m[39m[31m[1m^[22m[39m[31m[1m^[22m[39m[31m[1m^[22m[39m[31m[1m^[22m[39m[31m[1m^[22m[39m[31m[1m^[22m[39m[31m[1m^[22m[39m[31m[1m^[22m[39m[31m[1m^[22m[39m[31m[1m^[22m[39m[31m[1m^[22m[39m[31m[1m^[22m[39m[31m[1m^[22m[39m[31m[1m^[22m[39m[31m[1m^[22m[39m[31m[1m^[22m[39m[31m[1m^[22m[39m[31m[1m^[22m[39m[31m[1m^[22m[39m[31m[1m^[22m[39m[31m[1m^[22m[39m[31m[1m^[22m[39m[31m[1m^[22m[39m[31m[1m^[22m[39m[31m[1m^[22m[39m[31m[1m^[22m[39m[31m[1m^[22m[39m[31m[1m^[22m[39m[31m[1m^[22m[39m[31m[1m^[22m[39m[31m[1m^[22m[39m[31m[1m^[22m[39m[31m[1m^[22m[39m[31m[1m^[22m[39m[31m[1m^[22m[39m[31m[1m^[22m[39m[31m[1m^[22m[39m[31m[1m^[22m[39m[31m[1m^[22m[39m[31m[1m^[22m[39m[31m[1m^[22m[39m[31m[1m^[22m[39m[31m[1m^[22m[39m[31m[1m^[22m[39m[31m[1m^[22m[39m[31m[1m^[22m[39m[31m[1m^[22m[39m[31m[1m^[22m[39m[31m[1m^[22m[39m[31m[1m^[22m[39m[31m[1m^[22m[39m[31m[1m^[22m[39m[31m[1m^[22m[39m[31m[1m^[22m[39m[31m[1m^[22m[39m[31m[1m^[22m[39m[31m[1m^[22m[39m[31m[1m^[22m[39m[31m[1m^[22m[39m[31m[1m^[22m[39m[31m[1m^[22m[39m[31m[1m^[22m[39m[31m[1m^[22m[39m[31m[1m^[22m[39m[31m[1m^[22m[39m[31m[1m^[22m[39m[31m[1m^[22m[39m[31m[1m^[22m[39m[31m[1m^[22m[39m[31m[1m^[22m[39m[31m[1m^[22m[39m[31m[1m^[22m[39m[31m[1m^[22m[39m[31m[1m^[22m[39m[31m[1m^[22m[39m[31m[1m^[22m[39m[31m[1m^[22m[39m[31m[1m^[22m[39m[31m[1m^[22m[39m[31m[1m^[22m[39m[31m[1m^[22m[39m
 [90m 23 |[39m
 [90m 24 |[39m [36mfunction[39m [33mCreatorProfileContent[39m() {
 [90m 25 |[39m     [36mconst[39m router [33m=[39m useRouter()[33m;[39m[0m

The export BrandPrivacyTab was not found in module [project]/src/components/widgets/shared/profile/tabs/BrandPrivacyTab.tsx [app-ssr] (ecmascript).
Did you mean to import PrivacyTab?
All exports of the module are statically known (It doesn't have dynamic exports). So it's known statically that the requested export doesn't exist.

Import traces:
  Client Component Browser:
    ./src/app/(dashboard)/profile/page.tsx [Client Component Browser]
    ./src/app/(dashboard)/profile/page.tsx [Server Component]

  Client Component SSR:
    ./src/app/(dashboard)/profile/page.tsx [Client Component SSR]
    ./src/app/(dashboard)/profile/page.tsx [Server Component]


./src/app/(dashboard)/profile/page.tsx:16:1
Export BrandProfileShell doesn't exist in target module
[0m [90m 14 |[39m
 [90m 15 |[39m [90m// Brand Imports[39m
[31m[1m>[22m[39m[90m 16 |[39m [36mimport[39m { [33mBrandProfileShell[39m } [36mfrom[39m [32m"@/components/widgets/shared/profile/BrandProfileShell"[39m[33m;[39m
 [90m    |[39m [31m[1m^[22m[39m[31m[1m^[22m[39m[31m[1m^[22m[39m[31m[1m^[22m[39m[31m[1m^[22m[39m[31m[1m^[22m[39m[31m[1m^[22m[39m[31m[1m^[22m[39m[31m[1m^[22m[39m[31m[1m^[22m[39m[31m[1m^[22m[39m[31m[1m^[22m[39m[31m[1m^[22m[39m[31m[1m^[22m[39m[31m[1m^[22m[39m[31m[1m^[22m[39m[31m[1m^[22m[39m[31m[1m^[22m[39m[31m[1m^[22m[39m[31m[1m^[22m[39m[31m[1m^[22m[39m[31m[1m^[22m[39m[31m[1m^[22m[39m[31m[1m^[22m[39m[31m[1m^[22m[39m[31m[1m^[22m[39m[31m[1m^[22m[39m[31m[1m^[22m[39m[31m[1m^[22m[39m[31m[1m^[22m[39m[31m[1m^[22m[39m[31m[1m^[22m[39m[31m[1m^[22m[39m[31m[1m^[22m[39m[31m[1m^[22m[39m[31m[1m^[22m[39m[31m[1m^[22m[39m[31m[1m^[22m[39m[31m[1m^[22m[39m[31m[1m^[22m[39m[31m[1m^[22m[39m[31m[1m^[22m[39m[31m[1m^[22m[39m[31m[1m^[22m[39m[31m[1m^[22m[39m[31m[1m^[22m[39m[31m[1m^[22m[39m[31m[1m^[22m[39m[31m[1m^[22m[39m[31m[1m^[22m[39m[31m[1m^[22m[39m[31m[1m^[22m[39m[31m[1m^[22m[39m[31m[1m^[22m[39m[31m[1m^[22m[39m[31m[1m^[22m[39m[31m[1m^[22m[39m[31m[1m^[22m[39m[31m[1m^[22m[39m[31m[1m^[22m[39m[31m[1m^[22m[39m[31m[1m^[22m[39m[31m[1m^[22m[39m[31m[1m^[22m[39m[31m[1m^[22m[39m[31m[1m^[22m[39m[31m[1m^[22m[39m[31m[1m^[22m[39m[31m[1m^[22m[39m[31m[1m^[22m[39m[31m[1m^[22m[39m[31m[1m^[22m[39m[31m[1m^[22m[39m[31m[1m^[22m[39m[31m[1m^[22m[39m[31m[1m^[22m[39m[31m[1m^[22m[39m[31m[1m^[22m[39m[31m[1m^[22m[39m[31m[1m^[22m[39m[31m[1m^[22m[39m[31m[1m^[22m[39m[31m[1m^[22m[39m[31m[1m^[22m[39m[31m[1m^[22m[39m[31m[1m^[22m[39m[31m[1m^[22m[39m[31m[1m^[22m[39m[31m[1m^[22m[39m[31m[1m^[22m[39m
 [90m 17 |[39m [36mimport[39m { [33mBrandEditProfileTab[39m } [36mfrom[39m [32m"@/components/widgets/shared/profile/tabs/BrandEditProfileTab"[39m[33m;[39m
 [90m 18 |[39m [36mimport[39m { [33mBrandVerificationTab[39m } [36mfrom[39m [32m"@/components/widgets/shared/profile/tabs/BrandVerificationTab"[39m[33m;[39m
 [90m 19 |[39m [36mimport[39m { [33mPastCampaignsTab[39m } [36mfrom[39m [32m"@/components/widgets/shared/profile/tabs/PastCampaignsTab"[39m[33m;[39m[0m

The export BrandProfileShell was not found in module [project]/src/components/widgets/shared/profile/BrandProfileShell.tsx [app-client] (ecmascript).
Did you mean to import ProfileShell?
All exports of the module are statically known (It doesn't have dynamic exports). So it's known statically that the requested export doesn't exist.

Import traces:
  Client Component Browser:
    ./src/app/(dashboard)/profile/page.tsx [Client Component Browser]
    ./src/app/(dashboard)/profile/page.tsx [Server Component]

  Client Component SSR:
    ./src/app/(dashboard)/profile/page.tsx [Client Component SSR]
    ./src/app/(dashboard)/profile/page.tsx [Server Component]


./src/app/(dashboard)/profile/page.tsx:16:1
Export BrandProfileShell doesn't exist in target module
[0m [90m 14 |[39m
 [90m 15 |[39m [90m// Brand Imports[39m
[31m[1m>[22m[39m[90m 16 |[39m [36mimport[39m { [33mBrandProfileShell[39m } [36mfrom[39m [32m"@/components/widgets/shared/profile/BrandProfileShell"[39m[33m;[39m
 [90m    |[39m [31m[1m^[22m[39m[31m[1m^[22m[39m[31m[1m^[22m[39m[31m[1m^[22m[39m[31m[1m^[22m[39m[31m[1m^[22m[39m[31m[1m^[22m[39m[31m[1m^[22m[39m[31m[1m^[22m[39m[31m[1m^[22m[39m[31m[1m^[22m[39m[31m[1m^[22m[39m[31m[1m^[22m[39m[31m[1m^[22m[39m[31m[1m^[22m[39m[31m[1m^[22m[39m[31m[1m^[22m[39m[31m[1m^[22m[39m[31m[1m^[22m[39m[31m[1m^[22m[39m[31m[1m^[22m[39m[31m[1m^[22m[39m[31m[1m^[22m[39m[31m[1m^[22m[39m[31m[1m^[22m[39m[31m[1m^[22m[39m[31m[1m^[22m[39m[31m[1m^[22m[39m[31m[1m^[22m[39m[31m[1m^[22m[39m[31m[1m^[22m[39m[31m[1m^[22m[39m[31m[1m^[22m[39m[31m[1m^[22m[39m[31m[1m^[22m[39m[31m[1m^[22m[39m[31m[1m^[22m[39m[31m[1m^[22m[39m[31m[1m^[22m[39m[31m[1m^[22m[39m[31m[1m^[22m[39m[31m[1m^[22m[39m[31m[1m^[22m[39m[31m[1m^[22m[39m[31m[1m^[22m[39m[31m[1m^[22m[39m[31m[1m^[22m[39m[31m[1m^[22m[39m[31m[1m^[22m[39m[31m[1m^[22m[39m[31m[1m^[22m[39m[31m[1m^[22m[39m[31m[1m^[22m[39m[31m[1m^[22m[39m[31m[1m^[22m[39m[31m[1m^[22m[39m[31m[1m^[22m[39m[31m[1m^[22m[39m[31m[1m^[22m[39m[31m[1m^[22m[39m[31m[1m^[22m[39m[31m[1m^[22m[39m[31m[1m^[22m[39m[31m[1m^[22m[39m[31m[1m^[22m[39m[31m[1m^[22m[39m[31m[1m^[22m[39m[31m[1m^[22m[39m[31m[1m^[22m[39m[31m[1m^[22m[39m[31m[1m^[22m[39m[31m[1m^[22m[39m[31m[1m^[22m[39m[31m[1m^[22m[39m[31m[1m^[22m[39m[31m[1m^[22m[39m[31m[1m^[22m[39m[31m[1m^[22m[39m[31m[1m^[22m[39m[31m[1m^[22m[39m[31m[1m^[22m[39m[31m[1m^[22m[39m[31m[1m^[22m[39m[31m[1m^[22m[39m[31m[1m^[22m[39m[31m[1m^[22m[39m[31m[1m^[22m[39m[31m[1m^[22m[39m[31m[1m^[22m[39m[31m[1m^[22m[39m
 [90m 17 |[39m [36mimport[39m { [33mBrandEditProfileTab[39m } [36mfrom[39m [32m"@/components/widgets/shared/profile/tabs/BrandEditProfileTab"[39m[33m;[39m
 [90m 18 |[39m [36mimport[39m { [33mBrandVerificationTab[39m } [36mfrom[39m [32m"@/components/widgets/shared/profile/tabs/BrandVerificationTab"[39m[33m;[39m
 [90m 19 |[39m [36mimport[39m { [33mPastCampaignsTab[39m } [36mfrom[39m [32m"@/components/widgets/shared/profile/tabs/PastCampaignsTab"[39m[33m;[39m[0m

The export BrandProfileShell was not found in module [project]/src/components/widgets/shared/profile/BrandProfileShell.tsx [app-ssr] (ecmascript).
Did you mean to import ProfileShell?
All exports of the module are statically known (It doesn't have dynamic exports). So it's known statically that the requested export doesn't exist.

Import traces:
  Client Component Browser:
    ./src/app/(dashboard)/profile/page.tsx [Client Component Browser]
    ./src/app/(dashboard)/profile/page.tsx [Server Component]

  Client Component SSR:
    ./src/app/(dashboard)/profile/page.tsx [Client Component SSR]
    ./src/app/(dashboard)/profile/page.tsx [Server Component]


./src/app/(dashboard)/finance/page.tsx:25:1
Export BrandReferralsTab doesn't exist in target module
[0m [90m 23 |[39m [36mimport[39m { [33mReportsTab[39m } [36mfrom[39m [32m"@/components/widgets/shared/finance/tabs/ReportsTab"[39m[33m;[39m
 [90m 24 |[39m [36mimport[39m { [33mBrandTaxTab[39m } [36mfrom[39m [32m"@/components/widgets/shared/finance/tabs/BrandTaxTab"[39m[33m;[39m
[31m[1m>[22m[39m[90m 25 |[39m [36mimport[39m { [33mBrandReferralsTab[39m } [36mfrom[39m [32m"@/components/widgets/shared/finance/tabs/BrandReferralsTab"[39m[33m;[39m
 [90m    |[39m [31m[1m^[22m[39m[31m[1m^[22m[39m[31m[1m^[22m[39m[31m[1m^[22m[39m[31m[1m^[22m[39m[31m[1m^[22m[39m[31m[1m^[22m[39m[31m[1m^[22m[39m[31m[1m^[22m[39m[31m[1m^[22m[39m[31m[1m^[22m[39m[31m[1m^[22m[39m[31m[1m^[22m[39m[31m[1m^[22m[39m[31m[1m^[22m[39m[31m[1m^[22m[39m[31m[1m^[22m[39m[31m[1m^[22m[39m[31m[1m^[22m[39m[31m[1m^[22m[39m[31m[1m^[22m[39m[31m[1m^[22m[39m[31m[1m^[22m[39m[31m[1m^[22m[39m[31m[1m^[22m[39m[31m[1m^[22m[39m[31m[1m^[22m[39m[31m[1m^[22m[39m[31m[1m^[22m[39m[31m[1m^[22m[39m[31m[1m^[22m[39m[31m[1m^[22m[39m[31m[1m^[22m[39m[31m[1m^[22m[39m[31m[1m^[22m[39m[31m[1m^[22m[39m[31m[1m^[22m[39m[31m[1m^[22m[39m[31m[1m^[22m[39m[31m[1m^[22m[39m[31m[1m^[22m[39m[31m[1m^[22m[39m[31m[1m^[22m[39m[31m[1m^[22m[39m[31m[1m^[22m[39m[31m[1m^[22m[39m[31m[1m^[22m[39m[31m[1m^[22m[39m[31m[1m^[22m[39m[31m[1m^[22m[39m[31m[1m^[22m[39m[31m[1m^[22m[39m[31m[1m^[22m[39m[31m[1m^[22m[39m[31m[1m^[22m[39m[31m[1m^[22m[39m[31m[1m^[22m[39m[31m[1m^[22m[39m[31m[1m^[22m[39m[31m[1m^[22m[39m[31m[1m^[22m[39m[31m[1m^[22m[39m[31m[1m^[22m[39m[31m[1m^[22m[39m[31m[1m^[22m[39m[31m[1m^[22m[39m[31m[1m^[22m[39m[31m[1m^[22m[39m[31m[1m^[22m[39m[31m[1m^[22m[39m[31m[1m^[22m[39m[31m[1m^[22m[39m[31m[1m^[22m[39m[31m[1m^[22m[39m[31m[1m^[22m[39m[31m[1m^[22m[39m[31m[1m^[22m[39m[31m[1m^[22m[39m[31m[1m^[22m[39m[31m[1m^[22m[39m[31m[1m^[22m[39m[31m[1m^[22m[39m[31m[1m^[22m[39m[31m[1m^[22m[39m[31m[1m^[22m[39m[31m[1m^[22m[39m[31m[1m^[22m[39m[31m[1m^[22m[39m[31m[1m^[22m[39m[31m[1m^[22m[39m[31m[1m^[22m[39m[31m[1m^[22m[39m[31m[1m^[22m[39m[31m[1m^[22m[39m[31m[1m^[22m[39m
 [90m 26 |[39m
 [90m 27 |[39m [36mfunction[39m [33mCreatorFinanceContent[39m() {
 [90m 28 |[39m     [36mconst[39m router [33m=[39m useRouter()[33m;[39m[0m

The export BrandReferralsTab was not found in module [project]/src/components/widgets/shared/finance/tabs/BrandReferralsTab.tsx [app-client] (ecmascript).
Did you mean to import ReferralsTab?
All exports of the module are statically known (It doesn't have dynamic exports). So it's known statically that the requested export doesn't exist.

Import traces:
  Client Component Browser:
    ./src/app/(dashboard)/finance/page.tsx [Client Component Browser]
    ./src/app/(dashboard)/finance/page.tsx [Server Component]

  Client Component SSR:
    ./src/app/(dashboard)/finance/page.tsx [Client Component SSR]
    ./src/app/(dashboard)/finance/page.tsx [Server Component]


./src/app/(dashboard)/finance/page.tsx:25:1
Export BrandReferralsTab doesn't exist in target module
[0m [90m 23 |[39m [36mimport[39m { [33mReportsTab[39m } [36mfrom[39m [32m"@/components/widgets/shared/finance/tabs/ReportsTab"[39m[33m;[39m
 [90m 24 |[39m [36mimport[39m { [33mBrandTaxTab[39m } [36mfrom[39m [32m"@/components/widgets/shared/finance/tabs/BrandTaxTab"[39m[33m;[39m
[31m[1m>[22m[39m[90m 25 |[39m [36mimport[39m { [33mBrandReferralsTab[39m } [36mfrom[39m [32m"@/components/widgets/shared/finance/tabs/BrandReferralsTab"[39m[33m;[39m
 [90m    |[39m [31m[1m^[22m[39m[31m[1m^[22m[39m[31m[1m^[22m[39m[31m[1m^[22m[39m[31m[1m^[22m[39m[31m[1m^[22m[39m[31m[1m^[22m[39m[31m[1m^[22m[39m[31m[1m^[22m[39m[31m[1m^[22m[39m[31m[1m^[22m[39m[31m[1m^[22m[39m[31m[1m^[22m[39m[31m[1m^[22m[39m[31m[1m^[22m[39m[31m[1m^[22m[39m[31m[1m^[22m[39m[31m[1m^[22m[39m[31m[1m^[22m[39m[31m[1m^[22m[39m[31m[1m^[22m[39m[31m[1m^[22m[39m[31m[1m^[22m[39m[31m[1m^[22m[39m[31m[1m^[22m[39m[31m[1m^[22m[39m[31m[1m^[22m[39m[31m[1m^[22m[39m[31m[1m^[22m[39m[31m[1m^[22m[39m[31m[1m^[22m[39m[31m[1m^[22m[39m[31m[1m^[22m[39m[31m[1m^[22m[39m[31m[1m^[22m[39m[31m[1m^[22m[39m[31m[1m^[22m[39m[31m[1m^[22m[39m[31m[1m^[22m[39m[31m[1m^[22m[39m[31m[1m^[22m[39m[31m[1m^[22m[39m[31m[1m^[22m[39m[31m[1m^[22m[39m[31m[1m^[22m[39m[31m[1m^[22m[39m[31m[1m^[22m[39m[31m[1m^[22m[39m[31m[1m^[22m[39m[31m[1m^[22m[39m[31m[1m^[22m[39m[31m[1m^[22m[39m[31m[1m^[22m[39m[31m[1m^[22m[39m[31m[1m^[22m[39m[31m[1m^[22m[39m[31m[1m^[22m[39m[31m[1m^[22m[39m[31m[1m^[22m[39m[31m[1m^[22m[39m[31m[1m^[22m[39m[31m[1m^[22m[39m[31m[1m^[22m[39m[31m[1m^[22m[39m[31m[1m^[22m[39m[31m[1m^[22m[39m[31m[1m^[22m[39m[31m[1m^[22m[39m[31m[1m^[22m[39m[31m[1m^[22m[39m[31m[1m^[22m[39m[31m[1m^[22m[39m[31m[1m^[22m[39m[31m[1m^[22m[39m[31m[1m^[22m[39m[31m[1m^[22m[39m[31m[1m^[22m[39m[31m[1m^[22m[39m[31m[1m^[22m[39m[31m[1m^[22m[39m[31m[1m^[22m[39m[31m[1m^[22m[39m[31m[1m^[22m[39m[31m[1m^[22m[39m[31m[1m^[22m[39m[31m[1m^[22m[39m[31m[1m^[22m[39m[31m[1m^[22m[39m[31m[1m^[22m[39m[31m[1m^[22m[39m[31m[1m^[22m[39m[31m[1m^[22m[39m[31m[1m^[22m[39m[31m[1m^[22m[39m[31m[1m^[22m[39m
 [90m 26 |[39m
 [90m 27 |[39m [36mfunction[39m [33mCreatorFinanceContent[39m() {
 [90m 28 |[39m     [36mconst[39m router [33m=[39m useRouter()[33m;[39m[0m

The export BrandReferralsTab was not found in module [project]/src/components/widgets/shared/finance/tabs/BrandReferralsTab.tsx [app-ssr] (ecmascript).
Did you mean to import ReferralsTab?
All exports of the module are statically known (It doesn't have dynamic exports). So it's known statically that the requested export doesn't exist.

Import traces:
  Client Component Browser:
    ./src/app/(dashboard)/finance/page.tsx [Client Component Browser]
    ./src/app/(dashboard)/finance/page.tsx [Server Component]

  Client Component SSR:
    ./src/app/(dashboard)/finance/page.tsx [Client Component SSR]
    ./src/app/(dashboard)/finance/page.tsx [Server Component]


./src/app/(dashboard)/settings/page.tsx:21:1
Export BrandSettingsShell doesn't exist in target module
[0m [90m 19 |[39m
 [90m 20 |[39m [90m// Brand Imports[39m
[31m[1m>[22m[39m[90m 21 |[39m [36mimport[39m { [33mBrandSettingsShell[39m } [36mfrom[39m [32m"@/components/widgets/shared/settings/BrandSettingsShell"[39m[33m;[39m
 [90m    |[39m [31m[1m^[22m[39m[31m[1m^[22m[39m[31m[1m^[22m[39m[31m[1m^[22m[39m[31m[1m^[22m[39m[31m[1m^[22m[39m[31m[1m^[22m[39m[31m[1m^[22m[39m[31m[1m^[22m[39m[31m[1m^[22m[39m[31m[1m^[22m[39m[31m[1m^[22m[39m[31m[1m^[22m[39m[31m[1m^[22m[39m[31m[1m^[22m[39m[31m[1m^[22m[39m[31m[1m^[22m[39m[31m[1m^[22m[39m[31m[1m^[22m[39m[31m[1m^[22m[39m[31m[1m^[22m[39m[31m[1m^[22m[39m[31m[1m^[22m[39m[31m[1m^[22m[39m[31m[1m^[22m[39m[31m[1m^[22m[39m[31m[1m^[22m[39m[31m[1m^[22m[39m[31m[1m^[22m[39m[31m[1m^[22m[39m[31m[1m^[22m[39m[31m[1m^[22m[39m[31m[1m^[22m[39m[31m[1m^[22m[39m[31m[1m^[22m[39m[31m[1m^[22m[39m[31m[1m^[22m[39m[31m[1m^[22m[39m[31m[1m^[22m[39m[31m[1m^[22m[39m[31m[1m^[22m[39m[31m[1m^[22m[39m[31m[1m^[22m[39m[31m[1m^[22m[39m[31m[1m^[22m[39m[31m[1m^[22m[39m[31m[1m^[22m[39m[31m[1m^[22m[39m[31m[1m^[22m[39m[31m[1m^[22m[39m[31m[1m^[22m[39m[31m[1m^[22m[39m[31m[1m^[22m[39m[31m[1m^[22m[39m[31m[1m^[22m[39m[31m[1m^[22m[39m[31m[1m^[22m[39m[31m[1m^[22m[39m[31m[1m^[22m[39m[31m[1m^[22m[39m[31m[1m^[22m[39m[31m[1m^[22m[39m[31m[1m^[22m[39m[31m[1m^[22m[39m[31m[1m^[22m[39m[31m[1m^[22m[39m[31m[1m^[22m[39m[31m[1m^[22m[39m[31m[1m^[22m[39m[31m[1m^[22m[39m[31m[1m^[22m[39m[31m[1m^[22m[39m[31m[1m^[22m[39m[31m[1m^[22m[39m[31m[1m^[22m[39m[31m[1m^[22m[39m[31m[1m^[22m[39m[31m[1m^[22m[39m[31m[1m^[22m[39m[31m[1m^[22m[39m[31m[1m^[22m[39m[31m[1m^[22m[39m[31m[1m^[22m[39m[31m[1m^[22m[39m[31m[1m^[22m[39m[31m[1m^[22m[39m[31m[1m^[22m[39m[31m[1m^[22m[39m[31m[1m^[22m[39m[31m[1m^[22m[39m[31m[1m^[22m[39m[31m[1m^[22m[39m[31m[1m^[22m[39m
 [90m 22 |[39m [36mimport[39m { [33mBrandAccountSettings[39m } [36mfrom[39m [32m"@/components/widgets/shared/settings/sections/BrandAccountSettings"[39m[33m;[39m
 [90m 23 |[39m [36mimport[39m { [33mTeamManagement[39m } [36mfrom[39m [32m"@/components/widgets/shared/settings/sections/TeamManagement"[39m[33m;[39m
 [90m 24 |[39m [36mimport[39m { [33mBrandNotificationSettings[39m } [36mfrom[39m [32m"@/components/widgets/shared/settings/sections/BrandNotificationSettings"[39m[33m;[39m[0m

The export BrandSettingsShell was not found in module [project]/src/components/widgets/shared/settings/BrandSettingsShell.tsx [app-client] (ecmascript).
Did you mean to import SettingsShell?
All exports of the module are statically known (It doesn't have dynamic exports). So it's known statically that the requested export doesn't exist.

Import traces:
  Client Component Browser:
    ./src/app/(dashboard)/settings/page.tsx [Client Component Browser]
    ./src/app/(dashboard)/settings/page.tsx [Server Component]

  Client Component SSR:
    ./src/app/(dashboard)/settings/page.tsx [Client Component SSR]
    ./src/app/(dashboard)/settings/page.tsx [Server Component]


./src/app/(dashboard)/settings/page.tsx:21:1
Export BrandSettingsShell doesn't exist in target module
[0m [90m 19 |[39m
 [90m 20 |[39m [90m// Brand Imports[39m
[31m[1m>[22m[39m[90m 21 |[39m [36mimport[39m { [33mBrandSettingsShell[39m } [36mfrom[39m [32m"@/components/widgets/shared/settings/BrandSettingsShell"[39m[33m;[39m
 [90m    |[39m [31m[1m^[22m[39m[31m[1m^[22m[39m[31m[1m^[22m[39m[31m[1m^[22m[39m[31m[1m^[22m[39m[31m[1m^[22m[39m[31m[1m^[22m[39m[31m[1m^[22m[39m[31m[1m^[22m[39m[31m[1m^[22m[39m[31m[1m^[22m[39m[31m[1m^[22m[39m[31m[1m^[22m[39m[31m[1m^[22m[39m[31m[1m^[22m[39m[31m[1m^[22m[39m[31m[1m^[22m[39m[31m[1m^[22m[39m[31m[1m^[22m[39m[31m[1m^[22m[39m[31m[1m^[22m[39m[31m[1m^[22m[39m[31m[1m^[22m[39m[31m[1m^[22m[39m[31m[1m^[22m[39m[31m[1m^[22m[39m[31m[1m^[22m[39m[31m[1m^[22m[39m[31m[1m^[22m[39m[31m[1m^[22m[39m[31m[1m^[22m[39m[31m[1m^[22m[39m[31m[1m^[22m[39m[31m[1m^[22m[39m[31m[1m^[22m[39m[31m[1m^[22m[39m[31m[1m^[22m[39m[31m[1m^[22m[39m[31m[1m^[22m[39m[31m[1m^[22m[39m[31m[1m^[22m[39m[31m[1m^[22m[39m[31m[1m^[22m[39m[31m[1m^[22m[39m[31m[1m^[22m[39m[31m[1m^[22m[39m[31m[1m^[22m[39m[31m[1m^[22m[39m[31m[1m^[22m[39m[31m[1m^[22m[39m[31m[1m^[22m[39m[31m[1m^[22m[39m[31m[1m^[22m[39m[31m[1m^[22m[39m[31m[1m^[22m[39m[31m[1m^[22m[39m[31m[1m^[22m[39m[31m[1m^[22m[39m[31m[1m^[22m[39m[31m[1m^[22m[39m[31m[1m^[22m[39m[31m[1m^[22m[39m[31m[1m^[22m[39m[31m[1m^[22m[39m[31m[1m^[22m[39m[31m[1m^[22m[39m[31m[1m^[22m[39m[31m[1m^[22m[39m[31m[1m^[22m[39m[31m[1m^[22m[39m[31m[1m^[22m[39m[31m[1m^[22m[39m[31m[1m^[22m[39m[31m[1m^[22m[39m[31m[1m^[22m[39m[31m[1m^[22m[39m[31m[1m^[22m[39m[31m[1m^[22m[39m[31m[1m^[22m[39m[31m[1m^[22m[39m[31m[1m^[22m[39m[31m[1m^[22m[39m[31m[1m^[22m[39m[31m[1m^[22m[39m[31m[1m^[22m[39m[31m[1m^[22m[39m[31m[1m^[22m[39m[31m[1m^[22m[39m[31m[1m^[22m[39m[31m[1m^[22m[39m[31m[1m^[22m[39m[31m[1m^[22m[39m[31m[1m^[22m[39m
 [90m 22 |[39m [36mimport[39m { [33mBrandAccountSettings[39m } [36mfrom[39m [32m"@/components/widgets/shared/settings/sections/BrandAccountSettings"[39m[33m;[39m
 [90m 23 |[39m [36mimport[39m { [33mTeamManagement[39m } [36mfrom[39m [32m"@/components/widgets/shared/settings/sections/TeamManagement"[39m[33m;[39m
 [90m 24 |[39m [36mimport[39m { [33mBrandNotificationSettings[39m } [36mfrom[39m [32m"@/components/widgets/shared/settings/sections/BrandNotificationSettings"[39m[33m;[39m[0m

The export BrandSettingsShell was not found in module [project]/src/components/widgets/shared/settings/BrandSettingsShell.tsx [app-ssr] (ecmascript).
Did you mean to import SettingsShell?
All exports of the module are statically known (It doesn't have dynamic exports). So it's known statically that the requested export doesn't exist.

Import traces:
  Client Component Browser:
    ./src/app/(dashboard)/settings/page.tsx [Client Component Browser]
    ./src/app/(dashboard)/settings/page.tsx [Server Component]

  Client Component SSR:
    ./src/app/(dashboard)/settings/page.tsx [Client Component SSR]
    ./src/app/(dashboard)/settings/page.tsx [Server Component]


./src/app/(dashboard)/settings/page.tsx:26:1
Export BrandSubscriptionSettings doesn't exist in target module
[0m [90m 24 |[39m [36mimport[39m { [33mBrandNotificationSettings[39m } [36mfrom[39m [32m"@/components/widgets/shared/settings/sections/BrandNotificationSettings"[39m[33m;[39m
 [90m 25 |[39m [36mimport[39m { [33mBrandPaymentSettings[39m } [36mfrom[39m [32m"@/components/widgets/shared/settings/sections/BrandPaymentSettings"[39m[33m;[39m
[31m[1m>[22m[39m[90m 26 |[39m [36mimport[39m { [33mBrandSubscriptionSettings[39m } [36mfrom[39m [32m"@/components/widgets/shared/settings/sections/BrandSubscriptionSettings"[39m[33m;[39m
 [90m    |[39m [31m[1m^[22m[39m[31m[1m^[22m[39m[31m[1m^[22m[39m[31m[1m^[22m[39m[31m[1m^[22m[39m[31m[1m^[22m[39m[31m[1m^[22m[39m[31m[1m^[22m[39m[31m[1m^[22m[39m[31m[1m^[22m[39m[31m[1m^[22m[39m[31m[1m^[22m[39m[31m[1m^[22m[39m[31m[1m^[22m[39m[31m[1m^[22m[39m[31m[1m^[22m[39m[31m[1m^[22m[39m[31m[1m^[22m[39m[31m[1m^[22m[39m[31m[1m^[22m[39m[31m[1m^[22m[39m[31m[1m^[22m[39m[31m[1m^[22m[39m[31m[1m^[22m[39m[31m[1m^[22m[39m[31m[1m^[22m[39m[31m[1m^[22m[39m[31m[1m^[22m[39m[31m[1m^[22m[39m[31m[1m^[22m[39m[31m[1m^[22m[39m[31m[1m^[22m[39m[31m[1m^[22m[39m[31m[1m^[22m[39m[31m[1m^[22m[39m[31m[1m^[22m[39m[31m[1m^[22m[39m[31m[1m^[22m[39m[31m[1m^[22m[39m[31m[1m^[22m[39m[31m[1m^[22m[39m[31m[1m^[22m[39m[31m[1m^[22m[39m[31m[1m^[22m[39m[31m[1m^[22m[39m[31m[1m^[22m[39m[31m[1m^[22m[39m[31m[1m^[22m[39m[31m[1m^[22m[39m[31m[1m^[22m[39m[31m[1m^[22m[39m[31m[1m^[22m[39m[31m[1m^[22m[39m[31m[1m^[22m[39m[31m[1m^[22m[39m[31m[1m^[22m[39m[31m[1m^[22m[39m[31m[1m^[22m[39m[31m[1m^[22m[39m[31m[1m^[22m[39m[31m[1m^[22m[39m[31m[1m^[22m[39m[31m[1m^[22m[39m[31m[1m^[22m[39m[31m[1m^[22m[39m[31m[1m^[22m[39m[31m[1m^[22m[39m[31m[1m^[22m[39m[31m[1m^[22m[39m[31m[1m^[22m[39m[31m[1m^[22m[39m[31m[1m^[22m[39m[31m[1m^[22m[39m[31m[1m^[22m[39m[31m[1m^[22m[39m[31m[1m^[22m[39m[31m[1m^[22m[39m[31m[1m^[22m[39m[31m[1m^[22m[39m[31m[1m^[22m[39m[31m[1m^[22m[39m[31m[1m^[22m[39m[31m[1m^[22m[39m[31m[1m^[22m[39m[31m[1m^[22m[39m[31m[1m^[22m[39m[31m[1m^[22m[39m[31m[1m^[22m[39m[31m[1m^[22m[39m[31m[1m^[22m[39m[31m[1m^[22m[39m[31m[1m^[22m[39m[31m[1m^[22m[39m[31m[1m^[22m[39m[31m[1m^[22m[39m[31m[1m^[22m[39m[31m[1m^[22m[39m[31m[1m^[22m[39m[31m[1m^[22m[39m[31m[1m^[22m[39m[31m[1m^[22m[39m[31m[1m^[22m[39m[31m[1m^[22m[39m[31m[1m^[22m[39m[31m[1m^[22m[39m[31m[1m^[22m[39m[31m[1m^[22m[39m[31m[1m^[22m[39m[31m[1m^[22m[39m[31m[1m^[22m[39m[31m[1m^[22m[39m[31m[1m^[22m[39m[31m[1m^[22m[39m[31m[1m^[22m[39m[31m[1m^[22m[39m[31m[1m^[22m[39m
 [90m 27 |[39m [36mimport[39m { [33mBrandIntegrationSettings[39m } [36mfrom[39m [32m"@/components/widgets/shared/settings/sections/BrandIntegrationSettings"[39m[33m;[39m
 [90m 28 |[39m [36mimport[39m { [33mBrandPrivacySettings[39m } [36mfrom[39m [32m"@/components/widgets/shared/settings/sections/BrandPrivacySettings"[39m[33m;[39m
 [90m 29 |[39m [36mimport[39m { [33mBrandPreferenceSettings[39m } [36mfrom[39m [32m"@/components/widgets/shared/settings/sections/BrandPreferenceSettings"[39m[33m;[39m[0m

The export BrandSubscriptionSettings was not found in module [project]/src/components/widgets/shared/settings/sections/BrandSubscriptionSettings.tsx [app-client] (ecmascript).
Did you mean to import SubscriptionSettings?
All exports of the module are statically known (It doesn't have dynamic exports). So it's known statically that the requested export doesn't exist.

Import traces:
  Client Component Browser:
    ./src/app/(dashboard)/settings/page.tsx [Client Component Browser]
    ./src/app/(dashboard)/settings/page.tsx [Server Component]

  Client Component SSR:
    ./src/app/(dashboard)/settings/page.tsx [Client Component SSR]
    ./src/app/(dashboard)/settings/page.tsx [Server Component]


./src/app/(dashboard)/settings/page.tsx:26:1
Export BrandSubscriptionSettings doesn't exist in target module
[0m [90m 24 |[39m [36mimport[39m { [33mBrandNotificationSettings[39m } [36mfrom[39m [32m"@/components/widgets/shared/settings/sections/BrandNotificationSettings"[39m[33m;[39m
 [90m 25 |[39m [36mimport[39m { [33mBrandPaymentSettings[39m } [36mfrom[39m [32m"@/components/widgets/shared/settings/sections/BrandPaymentSettings"[39m[33m;[39m
[31m[1m>[22m[39m[90m 26 |[39m [36mimport[39m { [33mBrandSubscriptionSettings[39m } [36mfrom[39m [32m"@/components/widgets/shared/settings/sections/BrandSubscriptionSettings"[39m[33m;[39m
 [90m    |[39m [31m[1m^[22m[39m[31m[1m^[22m[39m[31m[1m^[22m[39m[31m[1m^[22m[39m[31m[1m^[22m[39m[31m[1m^[22m[39m[31m[1m^[22m[39m[31m[1m^[22m[39m[31m[1m^[22m[39m[31m[1m^[22m[39m[31m[1m^[22m[39m[31m[1m^[22m[39m[31m[1m^[22m[39m[31m[1m^[22m[39m[31m[1m^[22m[39m[31m[1m^[22m[39m[31m[1m^[22m[39m[31m[1m^[22m[39m[31m[1m^[22m[39m[31m[1m^[22m[39m[31m[1m^[22m[39m[31m[1m^[22m[39m[31m[1m^[22m[39m[31m[1m^[22m[39m[31m[1m^[22m[39m[31m[1m^[22m[39m[31m[1m^[22m[39m[31m[1m^[22m[39m[31m[1m^[22m[39m[31m[1m^[22m[39m[31m[1m^[22m[39m[31m[1m^[22m[39m[31m[1m^[22m[39m[31m[1m^[22m[39m[31m[1m^[22m[39m[31m[1m^[22m[39m[31m[1m^[22m[39m[31m[1m^[22m[39m[31m[1m^[22m[39m[31m[1m^[22m[39m[31m[1m^[22m[39m[31m[1m^[22m[39m[31m[1m^[22m[39m[31m[1m^[22m[39m[31m[1m^[22m[39m[31m[1m^[22m[39m[31m[1m^[22m[39m[31m[1m^[22m[39m[31m[1m^[22m[39m[31m[1m^[22m[39m[31m[1m^[22m[39m[31m[1m^[22m[39m[31m[1m^[22m[39m[31m[1m^[22m[39m[31m[1m^[22m[39m[31m[1m^[22m[39m[31m[1m^[22m[39m[31m[1m^[22m[39m[31m[1m^[22m[39m[31m[1m^[22m[39m[31m[1m^[22m[39m[31m[1m^[22m[39m[31m[1m^[22m[39m[31m[1m^[22m[39m[31m[1m^[22m[39m[31m[1m^[22m[39m[31m[1m^[22m[39m[31m[1m^[22m[39m[31m[1m^[22m[39m[31m[1m^[22m[39m[31m[1m^[22m[39m[31m[1m^[22m[39m[31m[1m^[22m[39m[31m[1m^[22m[39m[31m[1m^[22m[39m[31m[1m^[22m[39m[31m[1m^[22m[39m[31m[1m^[22m[39m[31m[1m^[22m[39m[31m[1m^[22m[39m[31m[1m^[22m[39m[31m[1m^[22m[39m[31m[1m^[22m[39m[31m[1m^[22m[39m[31m[1m^[22m[39m[31m[1m^[22m[39m[31m[1m^[22m[39m[31m[1m^[22m[39m[31m[1m^[22m[39m[31m[1m^[22m[39m[31m[1m^[22m[39m[31m[1m^[22m[39m[31m[1m^[22m[39m[31m[1m^[22m[39m[31m[1m^[22m[39m[31m[1m^[22m[39m[31m[1m^[22m[39m[31m[1m^[22m[39m[31m[1m^[22m[39m[31m[1m^[22m[39m[31m[1m^[22m[39m[31m[1m^[22m[39m[31m[1m^[22m[39m[31m[1m^[22m[39m[31m[1m^[22m[39m[31m[1m^[22m[39m[31m[1m^[22m[39m[31m[1m^[22m[39m[31m[1m^[22m[39m[31m[1m^[22m[39m[31m[1m^[22m[39m[31m[1m^[22m[39m[31m[1m^[22m[39m[31m[1m^[22m[39m[31m[1m^[22m[39m[31m[1m^[22m[39m
 [90m 27 |[39m [36mimport[39m { [33mBrandIntegrationSettings[39m } [36mfrom[39m [32m"@/components/widgets/shared/settings/sections/BrandIntegrationSettings"[39m[33m;[39m
 [90m 28 |[39m [36mimport[39m { [33mBrandPrivacySettings[39m } [36mfrom[39m [32m"@/components/widgets/shared/settings/sections/BrandPrivacySettings"[39m[33m;[39m
 [90m 29 |[39m [36mimport[39m { [33mBrandPreferenceSettings[39m } [36mfrom[39m [32m"@/components/widgets/shared/settings/sections/BrandPreferenceSettings"[39m[33m;[39m[0m

The export BrandSubscriptionSettings was not found in module [project]/src/components/widgets/shared/settings/sections/BrandSubscriptionSettings.tsx [app-ssr] (ecmascript).
Did you mean to import SubscriptionSettings?
All exports of the module are statically known (It doesn't have dynamic exports). So it's known statically that the requested export doesn't exist.

Import traces:
  Client Component Browser:
    ./src/app/(dashboard)/settings/page.tsx [Client Component Browser]
    ./src/app/(dashboard)/settings/page.tsx [Server Component]

  Client Component SSR:
    ./src/app/(dashboard)/settings/page.tsx [Client Component SSR]
    ./src/app/(dashboard)/settings/page.tsx [Server Component]


./src/app/(dashboard)/support/page.tsx:18:1
Export BrandSupportShell doesn't exist in target module
[0m [90m 16 |[39m
 [90m 17 |[39m [90m// Brand Imports[39m
[31m[1m>[22m[39m[90m 18 |[39m [36mimport[39m { [33mBrandSupportShell[39m } [36mfrom[39m [32m"@/components/widgets/shared/support/BrandSupportShell"[39m[33m;[39m
 [90m    |[39m [31m[1m^[22m[39m[31m[1m^[22m[39m[31m[1m^[22m[39m[31m[1m^[22m[39m[31m[1m^[22m[39m[31m[1m^[22m[39m[31m[1m^[22m[39m[31m[1m^[22m[39m[31m[1m^[22m[39m[31m[1m^[22m[39m[31m[1m^[22m[39m[31m[1m^[22m[39m[31m[1m^[22m[39m[31m[1m^[22m[39m[31m[1m^[22m[39m[31m[1m^[22m[39m[31m[1m^[22m[39m[31m[1m^[22m[39m[31m[1m^[22m[39m[31m[1m^[22m[39m[31m[1m^[22m[39m[31m[1m^[22m[39m[31m[1m^[22m[39m[31m[1m^[22m[39m[31m[1m^[22m[39m[31m[1m^[22m[39m[31m[1m^[22m[39m[31m[1m^[22m[39m[31m[1m^[22m[39m[31m[1m^[22m[39m[31m[1m^[22m[39m[31m[1m^[22m[39m[31m[1m^[22m[39m[31m[1m^[22m[39m[31m[1m^[22m[39m[31m[1m^[22m[39m[31m[1m^[22m[39m[31m[1m^[22m[39m[31m[1m^[22m[39m[31m[1m^[22m[39m[31m[1m^[22m[39m[31m[1m^[22m[39m[31m[1m^[22m[39m[31m[1m^[22m[39m[31m[1m^[22m[39m[31m[1m^[22m[39m[31m[1m^[22m[39m[31m[1m^[22m[39m[31m[1m^[22m[39m[31m[1m^[22m[39m[31m[1m^[22m[39m[31m[1m^[22m[39m[31m[1m^[22m[39m[31m[1m^[22m[39m[31m[1m^[22m[39m[31m[1m^[22m[39m[31m[1m^[22m[39m[31m[1m^[22m[39m[31m[1m^[22m[39m[31m[1m^[22m[39m[31m[1m^[22m[39m[31m[1m^[22m[39m[31m[1m^[22m[39m[31m[1m^[22m[39m[31m[1m^[22m[39m[31m[1m^[22m[39m[31m[1m^[22m[39m[31m[1m^[22m[39m[31m[1m^[22m[39m[31m[1m^[22m[39m[31m[1m^[22m[39m[31m[1m^[22m[39m[31m[1m^[22m[39m[31m[1m^[22m[39m[31m[1m^[22m[39m[31m[1m^[22m[39m[31m[1m^[22m[39m[31m[1m^[22m[39m[31m[1m^[22m[39m[31m[1m^[22m[39m[31m[1m^[22m[39m[31m[1m^[22m[39m[31m[1m^[22m[39m[31m[1m^[22m[39m[31m[1m^[22m[39m[31m[1m^[22m[39m[31m[1m^[22m[39m[31m[1m^[22m[39m[31m[1m^[22m[39m[31m[1m^[22m[39m
 [90m 19 |[39m [36mimport[39m { [33mBrandHelpCenterHome[39m } [36mfrom[39m [32m"@/components/widgets/shared/support/tabs/BrandHelpCenterHome"[39m[33m;[39m
 [90m 20 |[39m [36mimport[39m { [33mBrandContactSupport[39m } [36mfrom[39m [32m"@/components/widgets/shared/support/tabs/BrandContactSupport"[39m[33m;[39m
 [90m 21 |[39m [36mimport[39m { [33mSubmitTicket[39m } [36mfrom[39m [32m"@/components/widgets/shared/support/tabs/SubmitTicket"[39m[33m;[39m[0m

The export BrandSupportShell was not found in module [project]/src/components/widgets/shared/support/BrandSupportShell.tsx [app-client] (ecmascript).
Did you mean to import SupportShell?
All exports of the module are statically known (It doesn't have dynamic exports). So it's known statically that the requested export doesn't exist.

Import traces:
  Client Component Browser:
    ./src/app/(dashboard)/support/page.tsx [Client Component Browser]
    ./src/app/(dashboard)/support/page.tsx [Server Component]

  Client Component SSR:
    ./src/app/(dashboard)/support/page.tsx [Client Component SSR]
    ./src/app/(dashboard)/support/page.tsx [Server Component]


./src/app/(dashboard)/support/page.tsx:18:1
Export BrandSupportShell doesn't exist in target module
[0m [90m 16 |[39m
 [90m 17 |[39m [90m// Brand Imports[39m
[31m[1m>[22m[39m[90m 18 |[39m [36mimport[39m { [33mBrandSupportShell[39m } [36mfrom[39m [32m"@/components/widgets/shared/support/BrandSupportShell"[39m[33m;[39m
 [90m    |[39m [31m[1m^[22m[39m[31m[1m^[22m[39m[31m[1m^[22m[39m[31m[1m^[22m[39m[31m[1m^[22m[39m[31m[1m^[22m[39m[31m[1m^[22m[39m[31m[1m^[22m[39m[31m[1m^[22m[39m[31m[1m^[22m[39m[31m[1m^[22m[39m[31m[1m^[22m[39m[31m[1m^[22m[39m[31m[1m^[22m[39m[31m[1m^[22m[39m[31m[1m^[22m[39m[31m[1m^[22m[39m[31m[1m^[22m[39m[31m[1m^[22m[39m[31m[1m^[22m[39m[31m[1m^[22m[39m[31m[1m^[22m[39m[31m[1m^[22m[39m[31m[1m^[22m[39m[31m[1m^[22m[39m[31m[1m^[22m[39m[31m[1m^[22m[39m[31m[1m^[22m[39m[31m[1m^[22m[39m[31m[1m^[22m[39m[31m[1m^[22m[39m[31m[1m^[22m[39m[31m[1m^[22m[39m[31m[1m^[22m[39m[31m[1m^[22m[39m[31m[1m^[22m[39m[31m[1m^[22m[39m[31m[1m^[22m[39m[31m[1m^[22m[39m[31m[1m^[22m[39m[31m[1m^[22m[39m[31m[1m^[22m[39m[31m[1m^[22m[39m[31m[1m^[22m[39m[31m[1m^[22m[39m[31m[1m^[22m[39m[31m[1m^[22m[39m[31m[1m^[22m[39m[31m[1m^[22m[39m[31m[1m^[22m[39m[31m[1m^[22m[39m[31m[1m^[22m[39m[31m[1m^[22m[39m[31m[1m^[22m[39m[31m[1m^[22m[39m[31m[1m^[22m[39m[31m[1m^[22m[39m[31m[1m^[22m[39m[31m[1m^[22m[39m[31m[1m^[22m[39m[31m[1m^[22m[39m[31m[1m^[22m[39m[31m[1m^[22m[39m[31m[1m^[22m[39m[31m[1m^[22m[39m[31m[1m^[22m[39m[31m[1m^[22m[39m[31m[1m^[22m[39m[31m[1m^[22m[39m[31m[1m^[22m[39m[31m[1m^[22m[39m[31m[1m^[22m[39m[31m[1m^[22m[39m[31m[1m^[22m[39m[31m[1m^[22m[39m[31m[1m^[22m[39m[31m[1m^[22m[39m[31m[1m^[22m[39m[31m[1m^[22m[39m[31m[1m^[22m[39m[31m[1m^[22m[39m[31m[1m^[22m[39m[31m[1m^[22m[39m[31m[1m^[22m[39m[31m[1m^[22m[39m[31m[1m^[22m[39m[31m[1m^[22m[39m[31m[1m^[22m[39m[31m[1m^[22m[39m[31m[1m^[22m[39m
 [90m 19 |[39m [36mimport[39m { [33mBrandHelpCenterHome[39m } [36mfrom[39m [32m"@/components/widgets/shared/support/tabs/BrandHelpCenterHome"[39m[33m;[39m
 [90m 20 |[39m [36mimport[39m { [33mBrandContactSupport[39m } [36mfrom[39m [32m"@/components/widgets/shared/support/tabs/BrandContactSupport"[39m[33m;[39m
 [90m 21 |[39m [36mimport[39m { [33mSubmitTicket[39m } [36mfrom[39m [32m"@/components/widgets/shared/support/tabs/SubmitTicket"[39m[33m;[39m[0m

The export BrandSupportShell was not found in module [project]/src/components/widgets/shared/support/BrandSupportShell.tsx [app-ssr] (ecmascript).
Did you mean to import SupportShell?
All exports of the module are statically known (It doesn't have dynamic exports). So it's known statically that the requested export doesn't exist.

Import traces:
  Client Component Browser:
    ./src/app/(dashboard)/support/page.tsx [Client Component Browser]
    ./src/app/(dashboard)/support/page.tsx [Server Component]

  Client Component SSR:
    ./src/app/(dashboard)/support/page.tsx [Client Component SSR]
    ./src/app/(dashboard)/support/page.tsx [Server Component]


./src/app/(dashboard)/finance/page.tsx:24:1
Export BrandTaxTab doesn't exist in target module
[0m [90m 22 |[39m [36mimport[39m { [33mAlertsTab[39m } [36mfrom[39m [32m"@/components/widgets/shared/finance/tabs/AlertsTab"[39m[33m;[39m
 [90m 23 |[39m [36mimport[39m { [33mReportsTab[39m } [36mfrom[39m [32m"@/components/widgets/shared/finance/tabs/ReportsTab"[39m[33m;[39m
[31m[1m>[22m[39m[90m 24 |[39m [36mimport[39m { [33mBrandTaxTab[39m } [36mfrom[39m [32m"@/components/widgets/shared/finance/tabs/BrandTaxTab"[39m[33m;[39m
 [90m    |[39m [31m[1m^[22m[39m[31m[1m^[22m[39m[31m[1m^[22m[39m[31m[1m^[22m[39m[31m[1m^[22m[39m[31m[1m^[22m[39m[31m[1m^[22m[39m[31m[1m^[22m[39m[31m[1m^[22m[39m[31m[1m^[22m[39m[31m[1m^[22m[39m[31m[1m^[22m[39m[31m[1m^[22m[39m[31m[1m^[22m[39m[31m[1m^[22m[39m[31m[1m^[22m[39m[31m[1m^[22m[39m[31m[1m^[22m[39m[31m[1m^[22m[39m[31m[1m^[22m[39m[31m[1m^[22m[39m[31m[1m^[22m[39m[31m[1m^[22m[39m[31m[1m^[22m[39m[31m[1m^[22m[39m[31m[1m^[22m[39m[31m[1m^[22m[39m[31m[1m^[22m[39m[31m[1m^[22m[39m[31m[1m^[22m[39m[31m[1m^[22m[39m[31m[1m^[22m[39m[31m[1m^[22m[39m[31m[1m^[22m[39m[31m[1m^[22m[39m[31m[1m^[22m[39m[31m[1m^[22m[39m[31m[1m^[22m[39m[31m[1m^[22m[39m[31m[1m^[22m[39m[31m[1m^[22m[39m[31m[1m^[22m[39m[31m[1m^[22m[39m[31m[1m^[22m[39m[31m[1m^[22m[39m[31m[1m^[22m[39m[31m[1m^[22m[39m[31m[1m^[22m[39m[31m[1m^[22m[39m[31m[1m^[22m[39m[31m[1m^[22m[39m[31m[1m^[22m[39m[31m[1m^[22m[39m[31m[1m^[22m[39m[31m[1m^[22m[39m[31m[1m^[22m[39m[31m[1m^[22m[39m[31m[1m^[22m[39m[31m[1m^[22m[39m[31m[1m^[22m[39m[31m[1m^[22m[39m[31m[1m^[22m[39m[31m[1m^[22m[39m[31m[1m^[22m[39m[31m[1m^[22m[39m[31m[1m^[22m[39m[31m[1m^[22m[39m[31m[1m^[22m[39m[31m[1m^[22m[39m[31m[1m^[22m[39m[31m[1m^[22m[39m[31m[1m^[22m[39m[31m[1m^[22m[39m[31m[1m^[22m[39m[31m[1m^[22m[39m[31m[1m^[22m[39m[31m[1m^[22m[39m[31m[1m^[22m[39m[31m[1m^[22m[39m[31m[1m^[22m[39m[31m[1m^[22m[39m[31m[1m^[22m[39m[31m[1m^[22m[39m
 [90m 25 |[39m [36mimport[39m { [33mBrandReferralsTab[39m } [36mfrom[39m [32m"@/components/widgets/shared/finance/tabs/BrandReferralsTab"[39m[33m;[39m
 [90m 26 |[39m
 [90m 27 |[39m [36mfunction[39m [33mCreatorFinanceContent[39m() {[0m

The export BrandTaxTab was not found in module [project]/src/components/widgets/shared/finance/tabs/BrandTaxTab.tsx [app-client] (ecmascript).
Did you mean to import TaxTab?
All exports of the module are statically known (It doesn't have dynamic exports). So it's known statically that the requested export doesn't exist.

Import traces:
  Client Component Browser:
    ./src/app/(dashboard)/finance/page.tsx [Client Component Browser]
    ./src/app/(dashboard)/finance/page.tsx [Server Component]

  Client Component SSR:
    ./src/app/(dashboard)/finance/page.tsx [Client Component SSR]
    ./src/app/(dashboard)/finance/page.tsx [Server Component]


./src/app/(dashboard)/finance/page.tsx:24:1
Export BrandTaxTab doesn't exist in target module
[0m [90m 22 |[39m [36mimport[39m { [33mAlertsTab[39m } [36mfrom[39m [32m"@/components/widgets/shared/finance/tabs/AlertsTab"[39m[33m;[39m
 [90m 23 |[39m [36mimport[39m { [33mReportsTab[39m } [36mfrom[39m [32m"@/components/widgets/shared/finance/tabs/ReportsTab"[39m[33m;[39m
[31m[1m>[22m[39m[90m 24 |[39m [36mimport[39m { [33mBrandTaxTab[39m } [36mfrom[39m [32m"@/components/widgets/shared/finance/tabs/BrandTaxTab"[39m[33m;[39m
 [90m    |[39m [31m[1m^[22m[39m[31m[1m^[22m[39m[31m[1m^[22m[39m[31m[1m^[22m[39m[31m[1m^[22m[39m[31m[1m^[22m[39m[31m[1m^[22m[39m[31m[1m^[22m[39m[31m[1m^[22m[39m[31m[1m^[22m[39m[31m[1m^[22m[39m[31m[1m^[22m[39m[31m[1m^[22m[39m[31m[1m^[22m[39m[31m[1m^[22m[39m[31m[1m^[22m[39m[31m[1m^[22m[39m[31m[1m^[22m[39m[31m[1m^[22m[39m[31m[1m^[22m[39m[31m[1m^[22m[39m[31m[1m^[22m[39m[31m[1m^[22m[39m[31m[1m^[22m[39m[31m[1m^[22m[39m[31m[1m^[22m[39m[31m[1m^[22m[39m[31m[1m^[22m[39m[31m[1m^[22m[39m[31m[1m^[22m[39m[31m[1m^[22m[39m[31m[1m^[22m[39m[31m[1m^[22m[39m[31m[1m^[22m[39m[31m[1m^[22m[39m[31m[1m^[22m[39m[31m[1m^[22m[39m[31m[1m^[22m[39m[31m[1m^[22m[39m[31m[1m^[22m[39m[31m[1m^[22m[39m[31m[1m^[22m[39m[31m[1m^[22m[39m[31m[1m^[22m[39m[31m[1m^[22m[39m[31m[1m^[22m[39m[31m[1m^[22m[39m[31m[1m^[22m[39m[31m[1m^[22m[39m[31m[1m^[22m[39m[31m[1m^[22m[39m[31m[1m^[22m[39m[31m[1m^[22m[39m[31m[1m^[22m[39m[31m[1m^[22m[39m[31m[1m^[22m[39m[31m[1m^[22m[39m[31m[1m^[22m[39m[31m[1m^[22m[39m[31m[1m^[22m[39m[31m[1m^[22m[39m[31m[1m^[22m[39m[31m[1m^[22m[39m[31m[1m^[22m[39m[31m[1m^[22m[39m[31m[1m^[22m[39m[31m[1m^[22m[39m[31m[1m^[22m[39m[31m[1m^[22m[39m[31m[1m^[22m[39m[31m[1m^[22m[39m[31m[1m^[22m[39m[31m[1m^[22m[39m[31m[1m^[22m[39m[31m[1m^[22m[39m[31m[1m^[22m[39m[31m[1m^[22m[39m[31m[1m^[22m[39m[31m[1m^[22m[39m[31m[1m^[22m[39m[31m[1m^[22m[39m[31m[1m^[22m[39m[31m[1m^[22m[39m
 [90m 25 |[39m [36mimport[39m { [33mBrandReferralsTab[39m } [36mfrom[39m [32m"@/components/widgets/shared/finance/tabs/BrandReferralsTab"[39m[33m;[39m
 [90m 26 |[39m
 [90m 27 |[39m [36mfunction[39m [33mCreatorFinanceContent[39m() {[0m

The export BrandTaxTab was not found in module [project]/src/components/widgets/shared/finance/tabs/BrandTaxTab.tsx [app-ssr] (ecmascript).
Did you mean to import TaxTab?
All exports of the module are statically known (It doesn't have dynamic exports). So it's known statically that the requested export doesn't exist.

Import traces:
  Client Component Browser:
    ./src/app/(dashboard)/finance/page.tsx [Client Component Browser]
    ./src/app/(dashboard)/finance/page.tsx [Server Component]

  Client Component SSR:
    ./src/app/(dashboard)/finance/page.tsx [Client Component SSR]
    ./src/app/(dashboard)/finance/page.tsx [Server Component]


./src/app/(dashboard)/profile/page.tsx:18:1
Export BrandVerificationTab doesn't exist in target module
[0m [90m 16 |[39m [36mimport[39m { [33mBrandProfileShell[39m } [36mfrom[39m [32m"@/components/widgets/shared/profile/BrandProfileShell"[39m[33m;[39m
 [90m 17 |[39m [36mimport[39m { [33mBrandEditProfileTab[39m } [36mfrom[39m [32m"@/components/widgets/shared/profile/tabs/BrandEditProfileTab"[39m[33m;[39m
[31m[1m>[22m[39m[90m 18 |[39m [36mimport[39m { [33mBrandVerificationTab[39m } [36mfrom[39m [32m"@/components/widgets/shared/profile/tabs/BrandVerificationTab"[39m[33m;[39m
 [90m    |[39m [31m[1m^[22m[39m[31m[1m^[22m[39m[31m[1m^[22m[39m[31m[1m^[22m[39m[31m[1m^[22m[39m[31m[1m^[22m[39m[31m[1m^[22m[39m[31m[1m^[22m[39m[31m[1m^[22m[39m[31m[1m^[22m[39m[31m[1m^[22m[39m[31m[1m^[22m[39m[31m[1m^[22m[39m[31m[1m^[22m[39m[31m[1m^[22m[39m[31m[1m^[22m[39m[31m[1m^[22m[39m[31m[1m^[22m[39m[31m[1m^[22m[39m[31m[1m^[22m[39m[31m[1m^[22m[39m[31m[1m^[22m[39m[31m[1m^[22m[39m[31m[1m^[22m[39m[31m[1m^[22m[39m[31m[1m^[22m[39m[31m[1m^[22m[39m[31m[1m^[22m[39m[31m[1m^[22m[39m[31m[1m^[22m[39m[31m[1m^[22m[39m[31m[1m^[22m[39m[31m[1m^[22m[39m[31m[1m^[22m[39m[31m[1m^[22m[39m[31m[1m^[22m[39m[31m[1m^[22m[39m[31m[1m^[22m[39m[31m[1m^[22m[39m[31m[1m^[22m[39m[31m[1m^[22m[39m[31m[1m^[22m[39m[31m[1m^[22m[39m[31m[1m^[22m[39m[31m[1m^[22m[39m[31m[1m^[22m[39m[31m[1m^[22m[39m[31m[1m^[22m[39m[31m[1m^[22m[39m[31m[1m^[22m[39m[31m[1m^[22m[39m[31m[1m^[22m[39m[31m[1m^[22m[39m[31m[1m^[22m[39m[31m[1m^[22m[39m[31m[1m^[22m[39m[31m[1m^[22m[39m[31m[1m^[22m[39m[31m[1m^[22m[39m[31m[1m^[22m[39m[31m[1m^[22m[39m[31m[1m^[22m[39m[31m[1m^[22m[39m[31m[1m^[22m[39m[31m[1m^[22m[39m[31m[1m^[22m[39m[31m[1m^[22m[39m[31m[1m^[22m[39m[31m[1m^[22m[39m[31m[1m^[22m[39m[31m[1m^[22m[39m[31m[1m^[22m[39m[31m[1m^[22m[39m[31m[1m^[22m[39m[31m[1m^[22m[39m[31m[1m^[22m[39m[31m[1m^[22m[39m[31m[1m^[22m[39m[31m[1m^[22m[39m[31m[1m^[22m[39m[31m[1m^[22m[39m[31m[1m^[22m[39m[31m[1m^[22m[39m[31m[1m^[22m[39m[31m[1m^[22m[39m[31m[1m^[22m[39m[31m[1m^[22m[39m[31m[1m^[22m[39m[31m[1m^[22m[39m[31m[1m^[22m[39m[31m[1m^[22m[39m[31m[1m^[22m[39m[31m[1m^[22m[39m[31m[1m^[22m[39m[31m[1m^[22m[39m[31m[1m^[22m[39m[31m[1m^[22m[39m[31m[1m^[22m[39m[31m[1m^[22m[39m[31m[1m^[22m[39m[31m[1m^[22m[39m
 [90m 19 |[39m [36mimport[39m { [33mPastCampaignsTab[39m } [36mfrom[39m [32m"@/components/widgets/shared/profile/tabs/PastCampaignsTab"[39m[33m;[39m
 [90m 20 |[39m [36mimport[39m { [33mBrandAssetsTab[39m } [36mfrom[39m [32m"@/components/widgets/shared/profile/tabs/BrandAssetsTab"[39m[33m;[39m
 [90m 21 |[39m [36mimport[39m { [33mBrandReviewsTab[39m } [36mfrom[39m [32m"@/components/widgets/shared/profile/tabs/BrandReviewsTab"[39m[33m;[39m[0m

The export BrandVerificationTab was not found in module [project]/src/components/widgets/shared/profile/tabs/BrandVerificationTab.tsx [app-client] (ecmascript).
Did you mean to import VerificationTab?
All exports of the module are statically known (It doesn't have dynamic exports). So it's known statically that the requested export doesn't exist.

Import traces:
  Client Component Browser:
    ./src/app/(dashboard)/profile/page.tsx [Client Component Browser]
    ./src/app/(dashboard)/profile/page.tsx [Server Component]

  Client Component SSR:
    ./src/app/(dashboard)/profile/page.tsx [Client Component SSR]
    ./src/app/(dashboard)/profile/page.tsx [Server Component]


./src/app/(dashboard)/profile/page.tsx:18:1
Export BrandVerificationTab doesn't exist in target module
[0m [90m 16 |[39m [36mimport[39m { [33mBrandProfileShell[39m } [36mfrom[39m [32m"@/components/widgets/shared/profile/BrandProfileShell"[39m[33m;[39m
 [90m 17 |[39m [36mimport[39m { [33mBrandEditProfileTab[39m } [36mfrom[39m [32m"@/components/widgets/shared/profile/tabs/BrandEditProfileTab"[39m[33m;[39m
[31m[1m>[22m[39m[90m 18 |[39m [36mimport[39m { [33mBrandVerificationTab[39m } [36mfrom[39m [32m"@/components/widgets/shared/profile/tabs/BrandVerificationTab"[39m[33m;[39m
 [90m    |[39m [31m[1m^[22m[39m[31m[1m^[22m[39m[31m[1m^[22m[39m[31m[1m^[22m[39m[31m[1m^[22m[39m[31m[1m^[22m[39m[31m[1m^[22m[39m[31m[1m^[22m[39m[31m[1m^[22m[39m[31m[1m^[22m[39m[31m[1m^[22m[39m[31m[1m^[22m[39m[31m[1m^[22m[39m[31m[1m^[22m[39m[31m[1m^[22m[39m[31m[1m^[22m[39m[31m[1m^[22m[39m[31m[1m^[22m[39m[31m[1m^[22m[39m[31m[1m^[22m[39m[31m[1m^[22m[39m[31m[1m^[22m[39m[31m[1m^[22m[39m[31m[1m^[22m[39m[31m[1m^[22m[39m[31m[1m^[22m[39m[31m[1m^[22m[39m[31m[1m^[22m[39m[31m[1m^[22m[39m[31m[1m^[22m[39m[31m[1m^[22m[39m[31m[1m^[22m[39m[31m[1m^[22m[39m[31m[1m^[22m[39m[31m[1m^[22m[39m[31m[1m^[22m[39m[31m[1m^[22m[39m[31m[1m^[22m[39m[31m[1m^[22m[39m[31m[1m^[22m[39m[31m[1m^[22m[39m[31m[1m^[22m[39m[31m[1m^[22m[39m[31m[1m^[22m[39m[31m[1m^[22m[39m[31m[1m^[22m[39m[31m[1m^[22m[39m[31m[1m^[22m[39m[31m[1m^[22m[39m[31m[1m^[22m[39m[31m[1m^[22m[39m[31m[1m^[22m[39m[31m[1m^[22m[39m[31m[1m^[22m[39m[31m[1m^[22m[39m[31m[1m^[22m[39m[31m[1m^[22m[39m[31m[1m^[22m[39m[31m[1m^[22m[39m[31m[1m^[22m[39m[31m[1m^[22m[39m[31m[1m^[22m[39m[31m[1m^[22m[39m[31m[1m^[22m[39m[31m[1m^[22m[39m[31m[1m^[22m[39m[31m[1m^[22m[39m[31m[1m^[22m[39m[31m[1m^[22m[39m[31m[1m^[22m[39m[31m[1m^[22m[39m[31m[1m^[22m[39m[31m[1m^[22m[39m[31m[1m^[22m[39m[31m[1m^[22m[39m[31m[1m^[22m[39m[31m[1m^[22m[39m[31m[1m^[22m[39m[31m[1m^[22m[39m[31m[1m^[22m[39m[31m[1m^[22m[39m[31m[1m^[22m[39m[31m[1m^[22m[39m[31m[1m^[22m[39m[31m[1m^[22m[39m[31m[1m^[22m[39m[31m[1m^[22m[39m[31m[1m^[22m[39m[31m[1m^[22m[39m[31m[1m^[22m[39m[31m[1m^[22m[39m[31m[1m^[22m[39m[31m[1m^[22m[39m[31m[1m^[22m[39m[31m[1m^[22m[39m[31m[1m^[22m[39m[31m[1m^[22m[39m[31m[1m^[22m[39m[31m[1m^[22m[39m[31m[1m^[22m[39m[31m[1m^[22m[39m
 [90m 19 |[39m [36mimport[39m { [33mPastCampaignsTab[39m } [36mfrom[39m [32m"@/components/widgets/shared/profile/tabs/PastCampaignsTab"[39m[33m;[39m
 [90m 20 |[39m [36mimport[39m { [33mBrandAssetsTab[39m } [36mfrom[39m [32m"@/components/widgets/shared/profile/tabs/BrandAssetsTab"[39m[33m;[39m
 [90m 21 |[39m [36mimport[39m { [33mBrandReviewsTab[39m } [36mfrom[39m [32m"@/components/widgets/shared/profile/tabs/BrandReviewsTab"[39m[33m;[39m[0m

The export BrandVerificationTab was not found in module [project]/src/components/widgets/shared/profile/tabs/BrandVerificationTab.tsx [app-ssr] (ecmascript).
Did you mean to import VerificationTab?
All exports of the module are statically known (It doesn't have dynamic exports). So it's known statically that the requested export doesn't exist.

Import traces:
  Client Component Browser:
    ./src/app/(dashboard)/profile/page.tsx [Client Component Browser]
    ./src/app/(dashboard)/profile/page.tsx [Server Component]

  Client Component SSR:
    ./src/app/(dashboard)/profile/page.tsx [Client Component SSR]
    ./src/app/(dashboard)/profile/page.tsx [Server Component]


./src/app/(dashboard)/support/page.tsx:24:1
Export BrandVideoTutorials doesn't exist in target module
[0m [90m 22 |[39m [36mimport[39m { [33mLiveChat[39m } [36mfrom[39m [32m"@/components/widgets/shared/support/tabs/LiveChat"[39m[33m;[39m
 [90m 23 |[39m [36mimport[39m { [33mBrandFAQSection[39m } [36mfrom[39m [32m"@/components/widgets/shared/support/tabs/BrandFAQSection"[39m[33m;[39m
[31m[1m>[22m[39m[90m 24 |[39m [36mimport[39m { [33mBrandVideoTutorials[39m } [36mfrom[39m [32m"@/components/widgets/shared/support/tabs/BrandVideoTutorials"[39m[33m;[39m
 [90m    |[39m [31m[1m^[22m[39m[31m[1m^[22m[39m[31m[1m^[22m[39m[31m[1m^[22m[39m[31m[1m^[22m[39m[31m[1m^[22m[39m[31m[1m^[22m[39m[31m[1m^[22m[39m[31m[1m^[22m[39m[31m[1m^[22m[39m[31m[1m^[22m[39m[31m[1m^[22m[39m[31m[1m^[22m[39m[31m[1m^[22m[39m[31m[1m^[22m[39m[31m[1m^[22m[39m[31m[1m^[22m[39m[31m[1m^[22m[39m[31m[1m^[22m[39m[31m[1m^[22m[39m[31m[1m^[22m[39m[31m[1m^[22m[39m[31m[1m^[22m[39m[31m[1m^[22m[39m[31m[1m^[22m[39m[31m[1m^[22m[39m[31m[1m^[22m[39m[31m[1m^[22m[39m[31m[1m^[22m[39m[31m[1m^[22m[39m[31m[1m^[22m[39m[31m[1m^[22m[39m[31m[1m^[22m[39m[31m[1m^[22m[39m[31m[1m^[22m[39m[31m[1m^[22m[39m[31m[1m^[22m[39m[31m[1m^[22m[39m[31m[1m^[22m[39m[31m[1m^[22m[39m[31m[1m^[22m[39m[31m[1m^[22m[39m[31m[1m^[22m[39m[31m[1m^[22m[39m[31m[1m^[22m[39m[31m[1m^[22m[39m[31m[1m^[22m[39m[31m[1m^[22m[39m[31m[1m^[22m[39m[31m[1m^[22m[39m[31m[1m^[22m[39m[31m[1m^[22m[39m[31m[1m^[22m[39m[31m[1m^[22m[39m[31m[1m^[22m[39m[31m[1m^[22m[39m[31m[1m^[22m[39m[31m[1m^[22m[39m[31m[1m^[22m[39m[31m[1m^[22m[39m[31m[1m^[22m[39m[31m[1m^[22m[39m[31m[1m^[22m[39m[31m[1m^[22m[39m[31m[1m^[22m[39m[31m[1m^[22m[39m[31m[1m^[22m[39m[31m[1m^[22m[39m[31m[1m^[22m[39m[31m[1m^[22m[39m[31m[1m^[22m[39m[31m[1m^[22m[39m[31m[1m^[22m[39m[31m[1m^[22m[39m[31m[1m^[22m[39m[31m[1m^[22m[39m[31m[1m^[22m[39m[31m[1m^[22m[39m[31m[1m^[22m[39m[31m[1m^[22m[39m[31m[1m^[22m[39m[31m[1m^[22m[39m[31m[1m^[22m[39m[31m[1m^[22m[39m[31m[1m^[22m[39m[31m[1m^[22m[39m[31m[1m^[22m[39m[31m[1m^[22m[39m[31m[1m^[22m[39m[31m[1m^[22m[39m[31m[1m^[22m[39m[31m[1m^[22m[39m[31m[1m^[22m[39m[31m[1m^[22m[39m[31m[1m^[22m[39m[31m[1m^[22m[39m[31m[1m^[22m[39m[31m[1m^[22m[39m[31m[1m^[22m[39m
 [90m 25 |[39m [36mimport[39m { [33mBrandPlatformStatus[39m } [36mfrom[39m [32m"@/components/widgets/shared/support/tabs/BrandPlatformStatus"[39m[33m;[39m
 [90m 26 |[39m [36mimport[39m { [33mBrandFeatureRequests[39m } [36mfrom[39m [32m"@/components/widgets/shared/support/tabs/BrandFeatureRequests"[39m[33m;[39m
 [90m 27 |[39m[0m

The export BrandVideoTutorials was not found in module [project]/src/components/widgets/shared/support/tabs/BrandVideoTutorials.tsx [app-client] (ecmascript).
Did you mean to import VideoTutorials?
All exports of the module are statically known (It doesn't have dynamic exports). So it's known statically that the requested export doesn't exist.

Import traces:
  Client Component Browser:
    ./src/app/(dashboard)/support/page.tsx [Client Component Browser]
    ./src/app/(dashboard)/support/page.tsx [Server Component]

  Client Component SSR:
    ./src/app/(dashboard)/support/page.tsx [Client Component SSR]
    ./src/app/(dashboard)/support/page.tsx [Server Component]


./src/app/(dashboard)/support/page.tsx:24:1
Export BrandVideoTutorials doesn't exist in target module
[0m [90m 22 |[39m [36mimport[39m { [33mLiveChat[39m } [36mfrom[39m [32m"@/components/widgets/shared/support/tabs/LiveChat"[39m[33m;[39m
 [90m 23 |[39m [36mimport[39m { [33mBrandFAQSection[39m } [36mfrom[39m [32m"@/components/widgets/shared/support/tabs/BrandFAQSection"[39m[33m;[39m
[31m[1m>[22m[39m[90m 24 |[39m [36mimport[39m { [33mBrandVideoTutorials[39m } [36mfrom[39m [32m"@/components/widgets/shared/support/tabs/BrandVideoTutorials"[39m[33m;[39m
 [90m    |[39m [31m[1m^[22m[39m[31m[1m^[22m[39m[31m[1m^[22m[39m[31m[1m^[22m[39m[31m[1m^[22m[39m[31m[1m^[22m[39m[31m[1m^[22m[39m[31m[1m^[22m[39m[31m[1m^[22m[39m[31m[1m^[22m[39m[31m[1m^[22m[39m[31m[1m^[22m[39m[31m[1m^[22m[39m[31m[1m^[22m[39m[31m[1m^[22m[39m[31m[1m^[22m[39m[31m[1m^[22m[39m[31m[1m^[22m[39m[31m[1m^[22m[39m[31m[1m^[22m[39m[31m[1m^[22m[39m[31m[1m^[22m[39m[31m[1m^[22m[39m[31m[1m^[22m[39m[31m[1m^[22m[39m[31m[1m^[22m[39m[31m[1m^[22m[39m[31m[1m^[22m[39m[31m[1m^[22m[39m[31m[1m^[22m[39m[31m[1m^[22m[39m[31m[1m^[22m[39m[31m[1m^[22m[39m[31m[1m^[22m[39m[31m[1m^[22m[39m[31m[1m^[22m[39m[31m[1m^[22m[39m[31m[1m^[22m[39m[31m[1m^[22m[39m[31m[1m^[22m[39m[31m[1m^[22m[39m[31m[1m^[22m[39m[31m[1m^[22m[39m[31m[1m^[22m[39m[31m[1m^[22m[39m[31m[1m^[22m[39m[31m[1m^[22m[39m[31m[1m^[22m[39m[31m[1m^[22m[39m[31m[1m^[22m[39m[31m[1m^[22m[39m[31m[1m^[22m[39m[31m[1m^[22m[39m[31m[1m^[22m[39m[31m[1m^[22m[39m[31m[1m^[22m[39m[31m[1m^[22m[39m[31m[1m^[22m[39m[31m[1m^[22m[39m[31m[1m^[22m[39m[31m[1m^[22m[39m[31m[1m^[22m[39m[31m[1m^[22m[39m[31m[1m^[22m[39m[31m[1m^[22m[39m[31m[1m^[22m[39m[31m[1m^[22m[39m[31m[1m^[22m[39m[31m[1m^[22m[39m[31m[1m^[22m[39m[31m[1m^[22m[39m[31m[1m^[22m[39m[31m[1m^[22m[39m[31m[1m^[22m[39m[31m[1m^[22m[39m[31m[1m^[22m[39m[31m[1m^[22m[39m[31m[1m^[22m[39m[31m[1m^[22m[39m[31m[1m^[22m[39m[31m[1m^[22m[39m[31m[1m^[22m[39m[31m[1m^[22m[39m[31m[1m^[22m[39m[31m[1m^[22m[39m[31m[1m^[22m[39m[31m[1m^[22m[39m[31m[1m^[22m[39m[31m[1m^[22m[39m[31m[1m^[22m[39m[31m[1m^[22m[39m[31m[1m^[22m[39m[31m[1m^[22m[39m[31m[1m^[22m[39m[31m[1m^[22m[39m[31m[1m^[22m[39m[31m[1m^[22m[39m[31m[1m^[22m[39m[31m[1m^[22m[39m
 [90m 25 |[39m [36mimport[39m { [33mBrandPlatformStatus[39m } [36mfrom[39m [32m"@/components/widgets/shared/support/tabs/BrandPlatformStatus"[39m[33m;[39m
 [90m 26 |[39m [36mimport[39m { [33mBrandFeatureRequests[39m } [36mfrom[39m [32m"@/components/widgets/shared/support/tabs/BrandFeatureRequests"[39m[33m;[39m
 [90m 27 |[39m[0m

The export BrandVideoTutorials was not found in module [project]/src/components/widgets/shared/support/tabs/BrandVideoTutorials.tsx [app-ssr] (ecmascript).
Did you mean to import VideoTutorials?
All exports of the module are statically known (It doesn't have dynamic exports). So it's known statically that the requested export doesn't exist.

Import traces:
  Client Component Browser:
    ./src/app/(dashboard)/support/page.tsx [Client Component Browser]
    ./src/app/(dashboard)/support/page.tsx [Server Component]

  Client Component SSR:
    ./src/app/(dashboard)/support/page.tsx [Client Component SSR]
    ./src/app/(dashboard)/support/page.tsx [Server Component]


    at <unknown> (./src/app/(dashboard)/calendar/page.tsx:17:1)
    at <unknown> (https://nextjs.org/docs/messages/module-not-found)
    at <unknown> (./src/app/(dashboard)/profile/page.tsx:21:1)
    at <unknown> (https://nextjs.org/docs/messages/module-not-found)
    at <unknown> (./src/app/(dashboard)/support/page.tsx:19:1)
    at <unknown> (https://nextjs.org/docs/messages/module-not-found)
    at <unknown> (./src/app/(dashboard)/support/page.tsx:25:1)
    at <unknown> (https://nextjs.org/docs/messages/module-not-found)
    at <unknown> (./src/app/(dashboard)/settings/page.tsx:22:1)
    at <unknown> (./src/app/(dashboard)/settings/page.tsx:22:1)
    at <unknown> (./src/app/(dashboard)/calendar/page.tsx:18:1)
    at <unknown> (./src/app/(dashboard)/calendar/page.tsx:18:1)
    at <unknown> (./src/app/(dashboard)/analytics/page.tsx:14:1)
    at <unknown> (./src/app/(dashboard)/analytics/page.tsx:14:1)
    at <unknown> (./src/app/(dashboard)/analytics/page.tsx:19:1)
    at <unknown> (./src/app/(dashboard)/analytics/page.tsx:19:1)
    at <unknown> (./src/app/(dashboard)/calendar/page.tsx:16:1)
    at <unknown> (./src/app/(dashboard)/calendar/page.tsx:16:1)
    at <unknown> (./src/app/(dashboard)/support/page.tsx:20:1)
    at <unknown> (./src/app/(dashboard)/support/page.tsx:20:1)
    at <unknown> (./src/app/(dashboard)/profile/page.tsx:17:1)
    at <unknown> (./src/app/(dashboard)/profile/page.tsx:17:1)
    at <unknown> (./src/app/(dashboard)/support/page.tsx:23:1)
    at <unknown> (./src/app/(dashboard)/support/page.tsx:23:1)
    at <unknown> (./src/app/(dashboard)/support/page.tsx:26:1)
    at <unknown> (./src/app/(dashboard)/support/page.tsx:26:1)
    at <unknown> (./src/app/(dashboard)/finance/page.tsx:17:1)
    at <unknown> (./src/app/(dashboard)/finance/page.tsx:17:1)
    at <unknown> (./src/app/(dashboard)/settings/page.tsx:27:1)
    at <unknown> (./src/app/(dashboard)/settings/page.tsx:27:1)
    at <unknown> (./src/app/(dashboard)/finance/page.tsx:21:1)
    at <unknown> (./src/app/(dashboard)/finance/page.tsx:21:1)
    at <unknown> (./src/app/(dashboard)/settings/page.tsx:24:1)
    at <unknown> (./src/app/(dashboard)/settings/page.tsx:24:1)
    at <unknown> (./src/app/(dashboard)/analytics/page.tsx:15:1)
    at <unknown> (./src/app/(dashboard)/analytics/page.tsx:15:1)
    at <unknown> (./src/app/(dashboard)/finance/page.tsx:18:1)
    at <unknown> (./src/app/(dashboard)/finance/page.tsx:18:1)
    at <unknown> (./src/app/(dashboard)/settings/page.tsx:25:1)
    at <unknown> (./src/app/(dashboard)/settings/page.tsx:25:1)
    at <unknown> (./src/app/(dashboard)/settings/page.tsx:29:1)
    at <unknown> (./src/app/(dashboard)/settings/page.tsx:29:1)
    at <unknown> (./src/app/(dashboard)/settings/page.tsx:28:1)
    at <unknown> (./src/app/(dashboard)/settings/page.tsx:28:1)
    at <unknown> (./src/app/(dashboard)/profile/page.tsx:22:1)
    at <unknown> (./src/app/(dashboard)/profile/page.tsx:22:1)
    at <unknown> (./src/app/(dashboard)/profile/page.tsx:16:1)
    at <unknown> (./src/app/(dashboard)/profile/page.tsx:16:1)
    at <unknown> (./src/app/(dashboard)/finance/page.tsx:25:1)
    at <unknown> (./src/app/(dashboard)/finance/page.tsx:25:1)
    at <unknown> (./src/app/(dashboard)/settings/page.tsx:21:1)
    at <unknown> (./src/app/(dashboard)/settings/page.tsx:21:1)
    at <unknown> (./src/app/(dashboard)/settings/page.tsx:26:1)
    at <unknown> (./src/app/(dashboard)/settings/page.tsx:26:1)
    at <unknown> (./src/app/(dashboard)/support/page.tsx:18:1)
    at <unknown> (./src/app/(dashboard)/support/page.tsx:18:1)
    at <unknown> (./src/app/(dashboard)/finance/page.tsx:24:1)
    at <unknown> (./src/app/(dashboard)/finance/page.tsx:24:1)
    at <unknown> (./src/app/(dashboard)/profile/page.tsx:18:1)
    at <unknown> (./src/app/(dashboard)/profile/page.tsx:18:1)
    at <unknown> (./src/app/(dashboard)/support/page.tsx:24:1)
    at <unknown> (./src/app/(dashboard)/support/page.tsx:24:1)
